Archive member included to satisfy reference by file (symbol)

/usr/lib/gcc/arm-none-eabi/10.3.1/../../../arm-none-eabi/lib/thumb/v7e-m+dp/hard/libc_nano.a(lib_a-atexit.o)
                              /usr/lib/gcc/arm-none-eabi/10.3.1/../../../arm-none-eabi/lib/thumb/v7e-m+dp/hard/crt0.o (atexit)
/usr/lib/gcc/arm-none-eabi/10.3.1/../../../arm-none-eabi/lib/thumb/v7e-m+dp/hard/libc_nano.a(lib_a-exit.o)
                              /usr/lib/gcc/arm-none-eabi/10.3.1/../../../arm-none-eabi/lib/thumb/v7e-m+dp/hard/crt0.o (exit)
/usr/lib/gcc/arm-none-eabi/10.3.1/../../../arm-none-eabi/lib/thumb/v7e-m+dp/hard/libc_nano.a(lib_a-fini.o)
                              /usr/lib/gcc/arm-none-eabi/10.3.1/../../../arm-none-eabi/lib/thumb/v7e-m+dp/hard/crt0.o (__libc_fini_array)
/usr/lib/gcc/arm-none-eabi/10.3.1/../../../arm-none-eabi/lib/thumb/v7e-m+dp/hard/libc_nano.a(lib_a-impure.o)
                              /usr/lib/gcc/arm-none-eabi/10.3.1/../../../arm-none-eabi/lib/thumb/v7e-m+dp/hard/libc_nano.a(lib_a-exit.o) (_global_impure_ptr)
/usr/lib/gcc/arm-none-eabi/10.3.1/../../../arm-none-eabi/lib/thumb/v7e-m+dp/hard/libc_nano.a(lib_a-init.o)
                              /usr/lib/gcc/arm-none-eabi/10.3.1/../../../arm-none-eabi/lib/thumb/v7e-m+dp/hard/crt0.o (__libc_init_array)
/usr/lib/gcc/arm-none-eabi/10.3.1/../../../arm-none-eabi/lib/thumb/v7e-m+dp/hard/libc_nano.a(lib_a-memcpy.o)
                              build/bootloader.o (memcpy)
/usr/lib/gcc/arm-none-eabi/10.3.1/../../../arm-none-eabi/lib/thumb/v7e-m+dp/hard/libc_nano.a(lib_a-memset.o)
                              /usr/lib/gcc/arm-none-eabi/10.3.1/../../../arm-none-eabi/lib/thumb/v7e-m+dp/hard/crt0.o (memset)
/usr/lib/gcc/arm-none-eabi/10.3.1/../../../arm-none-eabi/lib/thumb/v7e-m+dp/hard/libc_nano.a(lib_a-__atexit.o)
                              /usr/lib/gcc/arm-none-eabi/10.3.1/../../../arm-none-eabi/lib/thumb/v7e-m+dp/hard/libc_nano.a(lib_a-atexit.o) (__register_exitproc)
/usr/lib/gcc/arm-none-eabi/10.3.1/../../../arm-none-eabi/lib/thumb/v7e-m+dp/hard/libc_nano.a(lib_a-__call_atexit.o)
                              /usr/lib/gcc/arm-none-eabi/10.3.1/../../../arm-none-eabi/lib/thumb/v7e-m+dp/hard/libc_nano.a(lib_a-__atexit.o) (__call_exitprocs)
/usr/lib/gcc/arm-none-eabi/10.3.1/../../../arm-none-eabi/lib/thumb/v7e-m+dp/hard/libnosys.a(_exit.o)
                              /usr/lib/gcc/arm-none-eabi/10.3.1/../../../arm-none-eabi/lib/thumb/v7e-m+dp/hard/libc_nano.a(lib_a-exit.o) (_exit)
/usr/lib/gcc/arm-none-eabi/10.3.1/thumb/v7e-m+dp/hard/libgcc.a(_aeabi_ldivmod.o)
                              build/stm32h7xx_hal_uart.o (__aeabi_ldivmod)
/usr/lib/gcc/arm-none-eabi/10.3.1/thumb/v7e-m+dp/hard/libgcc.a(_aeabi_uldivmod.o)
                              build/stm32h7xx_hal_uart.o (__aeabi_uldivmod)
/usr/lib/gcc/arm-none-eabi/10.3.1/thumb/v7e-m+dp/hard/libgcc.a(_udivmoddi4.o)
                              /usr/lib/gcc/arm-none-eabi/10.3.1/thumb/v7e-m+dp/hard/libgcc.a(_aeabi_ldivmod.o) (__udivmoddi4)
/usr/lib/gcc/arm-none-eabi/10.3.1/thumb/v7e-m+dp/hard/libgcc.a(_dvmd_tls.o)
                              /usr/lib/gcc/arm-none-eabi/10.3.1/thumb/v7e-m+dp/hard/libgcc.a(_aeabi_ldivmod.o) (__aeabi_ldiv0)

Discarded input sections

 .text          0x0000000000000000        0x0 /usr/lib/gcc/arm-none-eabi/10.3.1/thumb/v7e-m+dp/hard/crti.o
 .data          0x0000000000000000        0x0 /usr/lib/gcc/arm-none-eabi/10.3.1/thumb/v7e-m+dp/hard/crti.o
 .bss           0x0000000000000000        0x0 /usr/lib/gcc/arm-none-eabi/10.3.1/thumb/v7e-m+dp/hard/crti.o
 .data          0x0000000000000000        0x4 /usr/lib/gcc/arm-none-eabi/10.3.1/thumb/v7e-m+dp/hard/crtbegin.o
 .rodata        0x0000000000000000       0x24 /usr/lib/gcc/arm-none-eabi/10.3.1/thumb/v7e-m+dp/hard/crtbegin.o
 .text          0x0000000000000000       0x70 /usr/lib/gcc/arm-none-eabi/10.3.1/../../../arm-none-eabi/lib/thumb/v7e-m+dp/hard/crt0.o
 .data          0x0000000000000000        0x0 /usr/lib/gcc/arm-none-eabi/10.3.1/../../../arm-none-eabi/lib/thumb/v7e-m+dp/hard/crt0.o
 .bss           0x0000000000000000        0x0 /usr/lib/gcc/arm-none-eabi/10.3.1/../../../arm-none-eabi/lib/thumb/v7e-m+dp/hard/crt0.o
 .ARM.extab     0x0000000000000000        0x0 /usr/lib/gcc/arm-none-eabi/10.3.1/../../../arm-none-eabi/lib/thumb/v7e-m+dp/hard/crt0.o
 .ARM.exidx     0x0000000000000000       0x10 /usr/lib/gcc/arm-none-eabi/10.3.1/../../../arm-none-eabi/lib/thumb/v7e-m+dp/hard/crt0.o
 .debug_line    0x0000000000000000       0x87 /usr/lib/gcc/arm-none-eabi/10.3.1/../../../arm-none-eabi/lib/thumb/v7e-m+dp/hard/crt0.o
 .debug_info    0x0000000000000000       0x26 /usr/lib/gcc/arm-none-eabi/10.3.1/../../../arm-none-eabi/lib/thumb/v7e-m+dp/hard/crt0.o
 .debug_abbrev  0x0000000000000000       0x14 /usr/lib/gcc/arm-none-eabi/10.3.1/../../../arm-none-eabi/lib/thumb/v7e-m+dp/hard/crt0.o
 .debug_aranges
                0x0000000000000000       0x20 /usr/lib/gcc/arm-none-eabi/10.3.1/../../../arm-none-eabi/lib/thumb/v7e-m+dp/hard/crt0.o
[...]
Memory Configuration

Name             Origin             Length             Attributes
DTCMRAM          0x0000000020000000 0x0000000000020000 xrw
RAM_D1           0x0000000024000000 0x0000000000080000 xrw
RAM_D2           0x0000000030000000 0x0000000000048000 xrw
RAM_D3           0x0000000038000000 0x0000000000010000 xrw
ITCMRAM          0x0000000000000000 0x0000000000010000 xrw
FLASH            0x0000000008000000 0x0000000000200000 xr
*default*        0x0000000000000000 0xffffffffffffffff

Linker script and memory map

LOAD /usr/lib/gcc/arm-none-eabi/10.3.1/thumb/v7e-m+dp/hard/crti.o
LOAD /usr/lib/gcc/arm-none-eabi/10.3.1/thumb/v7e-m+dp/hard/crtbegin.o
LOAD /usr/lib/gcc/arm-none-eabi/10.3.1/../../../arm-none-eabi/lib/thumb/v7e-m+dp/hard/crt0.o
LOAD build/bit_field.o
LOAD build/variable.o
LOAD build/bootloader.o
LOAD build/main.o
LOAD build/gpio.o
LOAD build/tim.o
LOAD build/usart.o
LOAD build/stm32h7xx_it.o
LOAD build/stm32h7xx_hal_msp.o
LOAD build/stm32h7xx_hal_cortex.o
LOAD build/stm32h7xx_hal_tim.o
LOAD build/stm32h7xx_hal_tim_ex.o
LOAD build/stm32h7xx_hal_rcc.o
LOAD build/stm32h7xx_hal_rcc_ex.o
LOAD build/stm32h7xx_hal_flash.o
LOAD build/stm32h7xx_hal_flash_ex.o
LOAD build/stm32h7xx_hal_gpio.o
LOAD build/stm32h7xx_hal_hsem.o
LOAD build/stm32h7xx_hal_dma.o
LOAD build/stm32h7xx_hal_dma_ex.o
LOAD build/stm32h7xx_hal_mdma.o
LOAD build/stm32h7xx_hal_pwr.o
LOAD build/stm32h7xx_hal_pwr_ex.o
LOAD build/stm32h7xx_hal.o
LOAD build/stm32h7xx_hal_i2c.o
LOAD build/stm32h7xx_hal_i2c_ex.o
LOAD build/stm32h7xx_hal_exti.o
LOAD build/stm32h7xx_hal_uart.o
LOAD build/stm32h7xx_hal_uart_ex.o
LOAD build/system_stm32h7xx.o
LOAD build/startup_stm32h743xx.o
LOAD /usr/lib/gcc/arm-none-eabi/10.3.1/../../../arm-none-eabi/lib/thumb/v7e-m+dp/hard/libc_nano.a
LOAD /usr/lib/gcc/arm-none-eabi/10.3.1/../../../arm-none-eabi/lib/thumb/v7e-m+dp/hard/libm.a
LOAD /usr/lib/gcc/arm-none-eabi/10.3.1/../../../arm-none-eabi/lib/thumb/v7e-m+dp/hard/libnosys.a
START GROUP
LOAD /usr/lib/gcc/arm-none-eabi/10.3.1/thumb/v7e-m+dp/hard/libgcc.a
LOAD /usr/lib/gcc/arm-none-eabi/10.3.1/../../../arm-none-eabi/lib/thumb/v7e-m+dp/hard/libc_nano.a
END GROUP
START GROUP
LOAD /usr/lib/gcc/arm-none-eabi/10.3.1/thumb/v7e-m+dp/hard/libgcc.a
LOAD /usr/lib/gcc/arm-none-eabi/10.3.1/../../../arm-none-eabi/lib/thumb/v7e-m+dp/hard/libc_nano.a
END GROUP
LOAD /usr/lib/gcc/arm-none-eabi/10.3.1/thumb/v7e-m+dp/hard/crtend.o
LOAD /usr/lib/gcc/arm-none-eabi/10.3.1/thumb/v7e-m+dp/hard/crtn.o
                0x0000000020020000                _estack = (ORIGIN (DTCMRAM) + LENGTH (DTCMRAM))
                0x0000000000000200                _Min_Heap_Size = 0x200
                0x0000000000000400                _Min_Stack_Size = 0x400

.isr_vector     0x0000000008000000      0x298
                0x0000000008000000                . = ALIGN (0x4)
 *(.isr_vector)
 .isr_vector    0x0000000008000000      0x298 build/startup_stm32h743xx.o
                0x0000000008000000                g_pfnVectors
                0x0000000008000298                . = ALIGN (0x4)

.text           0x0000000008000298     0x518c
                0x0000000008000298                . = ALIGN (0x4)
 *(.text)
 .text          0x0000000008000298       0x88 /usr/lib/gcc/arm-none-eabi/10.3.1/thumb/v7e-m+dp/hard/crtbegin.o
 .text          0x0000000008000320       0x48 /usr/lib/gcc/arm-none-eabi/10.3.1/../../../arm-none-eabi/lib/thumb/v7e-m+dp/hard/libc_nano.a(lib_a-init.o)
                0x0000000008000320                __libc_init_array
 .text          0x0000000008000368      0x134 /usr/lib/gcc/arm-none-eabi/10.3.1/../../../arm-none-eabi/lib/thumb/v7e-m+dp/hard/libc_nano.a(lib_a-memcpy.o)
                0x0000000008000368                memcpy
 .text          0x000000000800049c       0xa4 /usr/lib/gcc/arm-none-eabi/10.3.1/../../../arm-none-eabi/lib/thumb/v7e-m+dp/hard/libc_nano.a(lib_a-memset.o)
                0x000000000800049c                memset
 .text          0x0000000008000540       0x30 /usr/lib/gcc/arm-none-eabi/10.3.1/thumb/v7e-m+dp/hard/libgcc.a(_aeabi_uldivmod.o)
                0x0000000008000540                __aeabi_uldivmod
 .text          0x0000000008000570      0x2d0 /usr/lib/gcc/arm-none-eabi/10.3.1/thumb/v7e-m+dp/hard/libgcc.a(_udivmoddi4.o)
                0x0000000008000570                __udivmoddi4
 .text          0x0000000008000840        0x4 /usr/lib/gcc/arm-none-eabi/10.3.1/thumb/v7e-m+dp/hard/libgcc.a(_dvmd_tls.o)
                0x0000000008000840                __aeabi_ldiv0
                0x0000000008000840                __aeabi_idiv0
 *(.text*)
 .text.bit_on   0x0000000008000844       0x6c build/bit_field.o
                0x0000000008000844                bit_on
 .text.bit_off  0x00000000080008b0       0x6c build/bit_field.o
                0x00000000080008b0                bit_off
 .text.negative_response
                0x000000000800091c       0x40 build/bootloader.o
                0x000000000800091c                negative_response
 .text.flash_write
                0x000000000800095c       0xa4 build/bootloader.o
                0x000000000800095c                flash_write
 .text.flash_program
                0x0000000008000a00      0x344 build/bootloader.o
                0x0000000008000a00                flash_program
 .text.bootloader_main
                0x0000000008000d44       0x90 build/bootloader.o
                0x0000000008000d44                bootloader_main
 .text.switch_main_status
                0x0000000008000dd4       0x24 build/main.o
                0x0000000008000dd4                switch_main_status
 .text.switch_sub_status
                0x0000000008000df8        0x8 build/main.o
                0x0000000008000df8                switch_sub_status
 .text.SystemClock_Config
                0x0000000008000e00       0xa0 build/main.o
                0x0000000008000e00                SystemClock_Config
 .text.startup.main
                0x0000000008000ea0       0x38 build/main.o
                0x0000000008000ea0                main
 .text.HAL_UART_RxCpltCallback
                0x0000000008000ed8       0x68 build/main.o
                0x0000000008000ed8                HAL_UART_RxCpltCallback
 .text.Error_Handler
                0x0000000008000f40        0x4 build/main.o
                0x0000000008000f40                Error_Handler
 .text.MX_GPIO_Init
                0x0000000008000f44       0x24 build/gpio.o
                0x0000000008000f44                MX_GPIO_Init
 .text.time_gap_1ms_base
                0x0000000008000f68       0x18 build/tim.o
                0x0000000008000f68                time_gap_1ms_base
 .text.MX_TIM2_Init
                0x0000000008000f80       0x70 build/tim.o
                0x0000000008000f80                MX_TIM2_Init
 .text.HAL_TIM_Base_MspInit
                0x0000000008000ff0       0x30 build/tim.o
                0x0000000008000ff0                HAL_TIM_Base_MspInit
 .text.MX_USART1_UART_Init
                0x0000000008001020       0x88 build/usart.o
                0x0000000008001020                MX_USART1_UART_Init
 .text.HAL_UART_MspInit
                0x00000000080010a8       0xa0 build/usart.o
                0x00000000080010a8                HAL_UART_MspInit
 .text.NMI_Handler
                0x0000000008001148        0x4 build/stm32h7xx_it.o
                0x0000000008001148                NMI_Handler
 .text.HardFault_Handler
                0x000000000800114c        0x4 build/stm32h7xx_it.o
                0x000000000800114c                HardFault_Handler
 .text.MemManage_Handler
                0x0000000008001150        0x4 build/stm32h7xx_it.o
                0x0000000008001150                MemManage_Handler
 .text.BusFault_Handler
                0x0000000008001154        0x4 build/stm32h7xx_it.o
                0x0000000008001154                BusFault_Handler
 .text.UsageFault_Handler
                0x0000000008001158        0x4 build/stm32h7xx_it.o
                0x0000000008001158                UsageFault_Handler
 .text.SVC_Handler
                0x000000000800115c        0x4 build/stm32h7xx_it.o
                0x000000000800115c                SVC_Handler
 .text.DebugMon_Handler
                0x0000000008001160        0x4 build/stm32h7xx_it.o
                0x0000000008001160                DebugMon_Handler
 .text.PendSV_Handler
                0x0000000008001164        0x4 build/stm32h7xx_it.o
                0x0000000008001164                PendSV_Handler
 .text.SysTick_Handler
                0x0000000008001168        0x4 build/stm32h7xx_it.o
                0x0000000008001168                SysTick_Handler
 .text.USART1_IRQHandler
                0x000000000800116c        0xc build/stm32h7xx_it.o
                0x000000000800116c                USART1_IRQHandler
 .text.HAL_MspInit
                0x0000000008001178       0x24 build/stm32h7xx_hal_msp.o
                0x0000000008001178                HAL_MspInit
 .text.HAL_NVIC_SetPriorityGrouping
                0x000000000800119c       0x24 build/stm32h7xx_hal_cortex.o
                0x000000000800119c                HAL_NVIC_SetPriorityGrouping
 .text.HAL_NVIC_SetPriority
                0x00000000080011c0       0x7c build/stm32h7xx_hal_cortex.o
                0x00000000080011c0                HAL_NVIC_SetPriority
 .text.HAL_NVIC_EnableIRQ
                0x000000000800123c       0x1c build/stm32h7xx_hal_cortex.o
                0x000000000800123c                HAL_NVIC_EnableIRQ
 .text.HAL_SYSTICK_Config
                0x0000000008001258       0x2c build/stm32h7xx_hal_cortex.o
                0x0000000008001258                HAL_SYSTICK_Config
 .text.HAL_TIM_Base_Start
                0x0000000008001284       0xb0 build/stm32h7xx_hal_tim.o
                0x0000000008001284                HAL_TIM_Base_Start
 .text.HAL_TIM_ConfigClockSource
                0x0000000008001334      0x198 build/stm32h7xx_hal_tim.o
                0x0000000008001334                HAL_TIM_ConfigClockSource
 .text.TIM_Base_SetConfig
                0x00000000080014cc      0x118 build/stm32h7xx_hal_tim.o
                0x00000000080014cc                TIM_Base_SetConfig
 .text.HAL_TIM_Base_Init
                0x00000000080015e4       0x64 build/stm32h7xx_hal_tim.o
                0x00000000080015e4                HAL_TIM_Base_Init
 .text.HAL_TIMEx_MasterConfigSynchronization
                0x0000000008001648       0xb4 build/stm32h7xx_hal_tim_ex.o
                0x0000000008001648                HAL_TIMEx_MasterConfigSynchronization
 .text.HAL_RCC_GetSysClockFreq.part.0
                0x00000000080016fc      0x130 build/stm32h7xx_hal_rcc.o
 .text.HAL_RCC_DeInit
                0x000000000800182c      0x1a0 build/stm32h7xx_hal_rcc.o
                0x000000000800182c                HAL_RCC_DeInit
 .text.HAL_RCC_OscConfig
                0x00000000080019cc      0x5a8 build/stm32h7xx_hal_rcc.o
                0x00000000080019cc                HAL_RCC_OscConfig
 .text.HAL_RCC_GetSysClockFreq
                0x0000000008001f74       0x44 build/stm32h7xx_hal_rcc.o
                0x0000000008001f74                HAL_RCC_GetSysClockFreq
 .text.HAL_RCC_ClockConfig
                0x0000000008001fb8      0x250 build/stm32h7xx_hal_rcc.o
                0x0000000008001fb8                HAL_RCC_ClockConfig
 .text.HAL_RCC_GetHCLKFreq
                0x0000000008002208       0x80 build/stm32h7xx_hal_rcc.o
                0x0000000008002208                HAL_RCC_GetHCLKFreq
 .text.HAL_RCC_GetPCLK1Freq
                0x0000000008002288       0x24 build/stm32h7xx_hal_rcc.o
                0x0000000008002288                HAL_RCC_GetPCLK1Freq
 .text.HAL_RCC_GetPCLK2Freq
                0x00000000080022ac       0x24 build/stm32h7xx_hal_rcc.o
                0x00000000080022ac                HAL_RCC_GetPCLK2Freq
 .text.RCCEx_PLL2_Config
                0x00000000080022d0       0xf4 build/stm32h7xx_hal_rcc_ex.o
 .text.RCCEx_PLL3_Config
                0x00000000080023c4       0xf4 build/stm32h7xx_hal_rcc_ex.o
 .text.HAL_RCCEx_PeriphCLKConfig
                0x00000000080024b8      0xa90 build/stm32h7xx_hal_rcc_ex.o
                0x00000000080024b8                HAL_RCCEx_PeriphCLKConfig
 .text.HAL_RCCEx_GetD3PCLK1Freq
                0x0000000008002f48       0x24 build/stm32h7xx_hal_rcc_ex.o
                0x0000000008002f48                HAL_RCCEx_GetD3PCLK1Freq
 .text.HAL_RCCEx_GetPLL2ClockFreq
                0x0000000008002f6c      0x17c build/stm32h7xx_hal_rcc_ex.o
                0x0000000008002f6c                HAL_RCCEx_GetPLL2ClockFreq
 .text.HAL_RCCEx_GetPLL3ClockFreq
                0x00000000080030e8      0x17c build/stm32h7xx_hal_rcc_ex.o
                0x00000000080030e8                HAL_RCCEx_GetPLL3ClockFreq
 .text.HAL_FLASH_Unlock
                0x0000000008003264       0x4c build/stm32h7xx_hal_flash.o
                0x0000000008003264                HAL_FLASH_Unlock
 .text.HAL_FLASH_Lock
                0x00000000080032b0       0x30 build/stm32h7xx_hal_flash.o
                0x00000000080032b0                HAL_FLASH_Lock
 .text.FLASH_WaitForLastOperation
                0x00000000080032e0       0xc4 build/stm32h7xx_hal_flash.o
                0x00000000080032e0                FLASH_WaitForLastOperation
 .text.HAL_FLASH_Program
                0x00000000080033a4       0xc8 build/stm32h7xx_hal_flash.o
                0x00000000080033a4                HAL_FLASH_Program
 .text.FLASH_MassErase
                0x000000000800346c       0x84 build/stm32h7xx_hal_flash_ex.o
 .text.FLASH_Erase_Sector
                0x00000000080034f0       0x4c build/stm32h7xx_hal_flash_ex.o
                0x00000000080034f0                FLASH_Erase_Sector
 .text.HAL_FLASHEx_Erase
                0x000000000800353c      0x14c build/stm32h7xx_hal_flash_ex.o
                0x000000000800353c                HAL_FLASHEx_Erase
 .text.HAL_GPIO_Init
                0x0000000008003688      0x274 build/stm32h7xx_hal_gpio.o
                0x0000000008003688                HAL_GPIO_Init
 .text.HAL_DMA_Abort
                0x00000000080038fc      0x2f0 build/stm32h7xx_hal_dma.o
                0x00000000080038fc                HAL_DMA_Abort
 .text.HAL_DMA_Abort_IT
                0x0000000008003bec      0x194 build/stm32h7xx_hal_dma.o
                0x0000000008003bec                HAL_DMA_Abort_IT
 .text.HAL_PWREx_ConfigSupply
                0x0000000008003d80       0x48 build/stm32h7xx_hal_pwr_ex.o
                0x0000000008003d80                HAL_PWREx_ConfigSupply
 .text.HAL_MspDeInit
                0x0000000008003dc8        0x4 build/stm32h7xx_hal.o
                0x0000000008003dc8                HAL_MspDeInit
 .text.HAL_DeInit
                0x0000000008003dcc       0x84 build/stm32h7xx_hal.o
                0x0000000008003dcc                HAL_DeInit
 .text.HAL_InitTick
                0x0000000008003e50       0x4c build/stm32h7xx_hal.o
                0x0000000008003e50                HAL_InitTick
 .text.HAL_Init
                0x0000000008003e9c       0x60 build/stm32h7xx_hal.o
                0x0000000008003e9c                HAL_Init
 .text.HAL_IncTick
                0x0000000008003efc       0x18 build/stm32h7xx_hal.o
                0x0000000008003efc                HAL_IncTick
 .text.HAL_GetTick
                0x0000000008003f14        0xc build/stm32h7xx_hal.o
                0x0000000008003f14                HAL_GetTick
 .text.HAL_GetREVID
                0x0000000008003f20        0xc build/stm32h7xx_hal.o
                0x0000000008003f20                HAL_GetREVID
 .text.UART_EndRxTransfer
                0x0000000008003f2c       0x6c build/stm32h7xx_hal_uart.o
 .text.HAL_UART_TxCpltCallback
                0x0000000008003f98        0x4 build/stm32h7xx_hal_uart.o
                0x0000000008003f98                HAL_UART_TxCpltCallback
 .text.HAL_UART_ErrorCallback
                0x0000000008003f9c        0x4 build/stm32h7xx_hal_uart.o
                0x0000000008003f9c                HAL_UART_ErrorCallback
 .text.UART_DMAAbortOnError
                0x0000000008003fa0       0x14 build/stm32h7xx_hal_uart.o
 .text.HAL_UARTEx_RxEventCallback
                0x0000000008003fb4        0x4 build/stm32h7xx_hal_uart.o
                0x0000000008003fb4                HAL_UARTEx_RxEventCallback
 .text.HAL_UART_IRQHandler
                0x0000000008003fb8      0x318 build/stm32h7xx_hal_uart.o
                0x0000000008003fb8                HAL_UART_IRQHandler
 .text.UART_RxISR_8BIT
                0x00000000080042d0       0xa4 build/stm32h7xx_hal_uart.o
 .text.UART_RxISR_16BIT
                0x0000000008004374       0xa4 build/stm32h7xx_hal_uart.o
 .text.UART_RxISR_8BIT_FIFOEN
                0x0000000008004418      0x1a0 build/stm32h7xx_hal_uart.o
 .text.UART_RxISR_16BIT_FIFOEN
                0x00000000080045b8      0x1ac build/stm32h7xx_hal_uart.o
 .text.UART_SetConfig
                0x0000000008004764      0x540 build/stm32h7xx_hal_uart.o
                0x0000000008004764                UART_SetConfig
 .text.UART_AdvFeatureConfig
                0x0000000008004ca4       0xb0 build/stm32h7xx_hal_uart.o
                0x0000000008004ca4                UART_AdvFeatureConfig
 .text.UART_WaitOnFlagUntilTimeout
                0x0000000008004d54       0xdc build/stm32h7xx_hal_uart.o
                0x0000000008004d54                UART_WaitOnFlagUntilTimeout
 .text.HAL_UART_Transmit
                0x0000000008004e30       0xe4 build/stm32h7xx_hal_uart.o
                0x0000000008004e30                HAL_UART_Transmit
 .text.UART_CheckIdleState
                0x0000000008004f14       0x74 build/stm32h7xx_hal_uart.o
                0x0000000008004f14                UART_CheckIdleState
 .text.HAL_UART_Init
                0x0000000008004f88       0x68 build/stm32h7xx_hal_uart.o
                0x0000000008004f88                HAL_UART_Init
 .text.UART_Start_Receive_IT
                0x0000000008004ff0      0x164 build/stm32h7xx_hal_uart.o
                0x0000000008004ff0                UART_Start_Receive_IT
 .text.HAL_UART_Receive_IT
                0x0000000008005154       0x5c build/stm32h7xx_hal_uart.o
                0x0000000008005154                HAL_UART_Receive_IT
 .text.UARTEx_SetNbDataToProcess.part.0
                0x00000000080051b0       0x44 build/stm32h7xx_hal_uart_ex.o
 .text.HAL_UARTEx_WakeupCallback
                0x00000000080051f4        0x4 build/stm32h7xx_hal_uart_ex.o
                0x00000000080051f4                HAL_UARTEx_WakeupCallback
 .text.HAL_UARTEx_RxFifoFullCallback
                0x00000000080051f8        0x4 build/stm32h7xx_hal_uart_ex.o
                0x00000000080051f8                HAL_UARTEx_RxFifoFullCallback
 .text.HAL_UARTEx_TxFifoEmptyCallback
                0x00000000080051fc        0x4 build/stm32h7xx_hal_uart_ex.o
                0x00000000080051fc                HAL_UARTEx_TxFifoEmptyCallback
 .text.HAL_UARTEx_DisableFifoMode
                0x0000000008005200       0x3c build/stm32h7xx_hal_uart_ex.o
                0x0000000008005200                HAL_UARTEx_DisableFifoMode
 .text.HAL_UARTEx_SetTxFifoThreshold
                0x000000000800523c       0x58 build/stm32h7xx_hal_uart_ex.o
                0x000000000800523c                HAL_UARTEx_SetTxFifoThreshold
 .text.HAL_UARTEx_SetRxFifoThreshold
                0x0000000008005294       0x58 build/stm32h7xx_hal_uart_ex.o
                0x0000000008005294                HAL_UARTEx_SetRxFifoThreshold
 .text.SystemInit
                0x00000000080052ec       0xcc build/system_stm32h7xx.o
                0x00000000080052ec                SystemInit
 .text.Reset_Handler
                0x00000000080053b8       0x50 build/startup_stm32h743xx.o
                0x00000000080053b8                Reset_Handler
 .text.Default_Handler
                0x0000000008005408        0x2 build/startup_stm32h743xx.o
                0x0000000008005408                RTC_Alarm_IRQHandler
                0x0000000008005408                EXTI2_IRQHandler
                0x0000000008005408                TIM8_CC_IRQHandler
                0x0000000008005408                HRTIM1_Master_IRQHandler
                0x0000000008005408                UART8_IRQHandler
                0x0000000008005408                SPI4_IRQHandler
                0x0000000008005408                TIM1_CC_IRQHandler
                0x0000000008005408                BDMA_Channel6_IRQHandler
                0x0000000008005408                DMA2_Stream5_IRQHandler
                0x0000000008005408                HRTIM1_FLT_IRQHandler
                0x0000000008005408                JPEG_IRQHandler
                0x0000000008005408                DMA1_Stream5_IRQHandler
                0x0000000008005408                BDMA_Channel1_IRQHandler
                0x0000000008005408                HRTIM1_TIMD_IRQHandler
                0x0000000008005408                TAMP_STAMP_IRQHandler
                0x0000000008005408                EXTI3_IRQHandler
                0x0000000008005408                LPTIM4_IRQHandler
                0x0000000008005408                TIM8_TRG_COM_TIM14_IRQHandler
                0x0000000008005408                LPTIM2_IRQHandler
                0x0000000008005408                DFSDM1_FLT1_IRQHandler
                0x0000000008005408                DMAMUX2_OVR_IRQHandler
                0x0000000008005408                TIM8_UP_TIM13_IRQHandler
                0x0000000008005408                I2C3_ER_IRQHandler
                0x0000000008005408                DFSDM1_FLT2_IRQHandler
                0x0000000008005408                MDMA_IRQHandler
                0x0000000008005408                LPTIM3_IRQHandler
                0x0000000008005408                HSEM1_IRQHandler
                0x0000000008005408                EXTI0_IRQHandler
                0x0000000008005408                I2C2_EV_IRQHandler
                0x0000000008005408                DMA1_Stream2_IRQHandler
                0x0000000008005408                FPU_IRQHandler
                0x0000000008005408                OTG_HS_WKUP_IRQHandler
                0x0000000008005408                FDCAN1_IT1_IRQHandler
                0x0000000008005408                LTDC_ER_IRQHandler
                0x0000000008005408                DMA2_Stream2_IRQHandler
                0x0000000008005408                HRTIM1_TIME_IRQHandler
                0x0000000008005408                SPI1_IRQHandler
                0x0000000008005408                TIM6_DAC_IRQHandler
                0x0000000008005408                DCMI_IRQHandler
                0x0000000008005408                HRTIM1_TIMC_IRQHandler
                0x0000000008005408                DMA2_Stream3_IRQHandler
                0x0000000008005408                SAI2_IRQHandler
                0x0000000008005408                DFSDM1_FLT3_IRQHandler
                0x0000000008005408                USART6_IRQHandler
                0x0000000008005408                TIM17_IRQHandler
                0x0000000008005408                USART3_IRQHandler
                0x0000000008005408                BDMA_Channel7_IRQHandler
                0x0000000008005408                LPTIM5_IRQHandler
                0x0000000008005408                UART5_IRQHandler
                0x0000000008005408                ADC3_IRQHandler
                0x0000000008005408                DMA2_Stream0_IRQHandler
                0x0000000008005408                TIM4_IRQHandler
                0x0000000008005408                BDMA_Channel2_IRQHandler
                0x0000000008005408                QUADSPI_IRQHandler
                0x0000000008005408                I2C1_EV_IRQHandler
                0x0000000008005408                DMA1_Stream6_IRQHandler
                0x0000000008005408                DMAMUX1_OVR_IRQHandler
                0x0000000008005408                DMA1_Stream1_IRQHandler
                0x0000000008005408                TIM16_IRQHandler
                0x0000000008005408                UART4_IRQHandler
                0x0000000008005408                BDMA_Channel5_IRQHandler
                0x0000000008005408                TIM3_IRQHandler
                0x0000000008005408                RCC_IRQHandler
                0x0000000008005408                TIM8_BRK_TIM12_IRQHandler
                0x0000000008005408                TIM1_TRG_COM_IRQHandler
                0x0000000008005408                Default_Handler
                0x0000000008005408                ECC_IRQHandler
                0x0000000008005408                CEC_IRQHandler
                0x0000000008005408                EXTI15_10_IRQHandler
                0x0000000008005408                BDMA_Channel0_IRQHandler
                0x0000000008005408                ADC_IRQHandler
                0x0000000008005408                DMA1_Stream7_IRQHandler
                0x0000000008005408                HRTIM1_TIMA_IRQHandler
                0x0000000008005408                SPI5_IRQHandler
                0x0000000008005408                TIM7_IRQHandler
                0x0000000008005408                SDMMC1_IRQHandler
                0x0000000008005408                TIM5_IRQHandler
                0x0000000008005408                DMA2_Stream7_IRQHandler
                0x0000000008005408                TIM15_IRQHandler
                0x0000000008005408                PVD_AVD_IRQHandler
                0x0000000008005408                I2C3_EV_IRQHandler
                0x0000000008005408                EXTI9_5_IRQHandler
                0x0000000008005408                RTC_WKUP_IRQHandler
                0x0000000008005408                LTDC_IRQHandler
                0x0000000008005408                SAI3_IRQHandler
                0x0000000008005408                ETH_WKUP_IRQHandler
                0x0000000008005408                SPDIF_RX_IRQHandler
                0x0000000008005408                SPI2_IRQHandler
                0x0000000008005408                OTG_HS_EP1_IN_IRQHandler
                0x0000000008005408                DMA1_Stream0_IRQHandler
                0x0000000008005408                CRS_IRQHandler
                0x0000000008005408                EXTI4_IRQHandler
                0x0000000008005408                RNG_IRQHandler
                0x0000000008005408                HRTIM1_TIMB_IRQHandler
                0x0000000008005408                FDCAN2_IT1_IRQHandler
                0x0000000008005408                ETH_IRQHandler
                0x0000000008005408                TIM1_UP_IRQHandler
                0x0000000008005408                BDMA_Channel4_IRQHandler
                0x0000000008005408                OTG_HS_EP1_OUT_IRQHandler
                0x0000000008005408                WWDG_IRQHandler
                0x0000000008005408                SPI6_IRQHandler
                0x0000000008005408                MDIOS_IRQHandler
                0x0000000008005408                I2C4_EV_IRQHandler
                0x0000000008005408                FDCAN2_IT0_IRQHandler
                0x0000000008005408                LPUART1_IRQHandler
                0x0000000008005408                FDCAN1_IT0_IRQHandler
                0x0000000008005408                TIM2_IRQHandler
                0x0000000008005408                OTG_FS_WKUP_IRQHandler
                0x0000000008005408                OTG_HS_IRQHandler
                0x0000000008005408                DMA2D_IRQHandler
                0x0000000008005408                TIM1_BRK_IRQHandler
                0x0000000008005408                EXTI1_IRQHandler
                0x0000000008005408                SDMMC2_IRQHandler
                0x0000000008005408                OTG_FS_EP1_OUT_IRQHandler
                0x0000000008005408                BDMA_Channel3_IRQHandler
                0x0000000008005408                UART7_IRQHandler
                0x0000000008005408                MDIOS_WKUP_IRQHandler
                0x0000000008005408                USART2_IRQHandler
                0x0000000008005408                DFSDM1_FLT0_IRQHandler
                0x0000000008005408                SAI4_IRQHandler
                0x0000000008005408                I2C2_ER_IRQHandler
                0x0000000008005408                DMA2_Stream1_IRQHandler
                0x0000000008005408                FLASH_IRQHandler
                0x0000000008005408                DMA2_Stream4_IRQHandler
                0x0000000008005408                OTG_FS_IRQHandler
                0x0000000008005408                SPI3_IRQHandler
                0x0000000008005408                WAKEUP_PIN_IRQHandler
                0x0000000008005408                DMA1_Stream4_IRQHandler
                0x0000000008005408                OTG_FS_EP1_IN_IRQHandler
                0x0000000008005408                I2C1_ER_IRQHandler
                0x0000000008005408                FMC_IRQHandler
                0x0000000008005408                FDCAN_CAL_IRQHandler
                0x0000000008005408                SWPMI1_IRQHandler
                0x0000000008005408                COMP1_IRQHandler
                0x0000000008005408                LPTIM1_IRQHandler
                0x0000000008005408                I2C4_ER_IRQHandler
                0x0000000008005408                DMA2_Stream6_IRQHandler
                0x0000000008005408                SAI1_IRQHandler
                0x0000000008005408                DMA1_Stream3_IRQHandler
 *(.glue_7)
 .glue_7        0x000000000800540a        0x0 linker stubs
 *(.glue_7t)
 .glue_7t       0x000000000800540a        0x0 linker stubs
 *(.eh_frame)
 *fill*         0x000000000800540a        0x2 
 .eh_frame      0x000000000800540c        0x0 /usr/lib/gcc/arm-none-eabi/10.3.1/thumb/v7e-m+dp/hard/crtbegin.o
 *(.init)
 .init          0x000000000800540c        0x4 /usr/lib/gcc/arm-none-eabi/10.3.1/thumb/v7e-m+dp/hard/crti.o
                0x000000000800540c                _init
 .init          0x0000000008005410        0x8 /usr/lib/gcc/arm-none-eabi/10.3.1/thumb/v7e-m+dp/hard/crtn.o
 *(.fini)
 .fini          0x0000000008005418        0x4 /usr/lib/gcc/arm-none-eabi/10.3.1/thumb/v7e-m+dp/hard/crti.o
                0x0000000008005418                _fini
 .fini          0x000000000800541c        0x8 /usr/lib/gcc/arm-none-eabi/10.3.1/thumb/v7e-m+dp/hard/crtn.o
                0x0000000008005424                . = ALIGN (0x4)
                0x0000000008005424                _etext = .

.vfp11_veneer   0x0000000008005424        0x0
 .vfp11_veneer  0x0000000008005424        0x0 linker stubs

.v4_bx          0x0000000008005424        0x0
 .v4_bx         0x0000000008005424        0x0 linker stubs

.iplt           0x0000000008005424        0x0
 .iplt          0x0000000008005424        0x0 /usr/lib/gcc/arm-none-eabi/10.3.1/thumb/v7e-m+dp/hard/crtbegin.o

.rodata         0x0000000008005424       0x74
                0x0000000008005424                . = ALIGN (0x4)
 *(.rodata)
 *(.rodata*)
 .rodata.CSWTCH.61
                0x0000000008005424       0x29 build/stm32h7xx_hal_uart.o
 *fill*         0x000000000800544d        0x3 
 .rodata.CSWTCH.62
                0x0000000008005450        0x6 build/stm32h7xx_hal_uart.o
 *fill*         0x0000000008005456        0x2 
 .rodata.CSWTCH.69
                0x0000000008005458        0x6 build/stm32h7xx_hal_uart.o
 *fill*         0x000000000800545e        0x2 
 .rodata.UARTPrescTable
                0x0000000008005460       0x18 build/stm32h7xx_hal_uart.o
                0x0000000008005460                UARTPrescTable
 .rodata.denominator.0
                0x0000000008005478        0x8 build/stm32h7xx_hal_uart_ex.o
 .rodata.numerator.1
                0x0000000008005480        0x8 build/stm32h7xx_hal_uart_ex.o
 .rodata.D1CorePrescTable
                0x0000000008005488       0x10 build/system_stm32h7xx.o
                0x0000000008005488                D1CorePrescTable
                0x0000000008005498                . = ALIGN (0x4)

.ARM.extab
 *(.ARM.extab* .gnu.linkonce.armextab.*)

.ARM            0x0000000008005498        0x8
                0x0000000008005498                __exidx_start = .
 *(.ARM.exidx*)
 .ARM.exidx     0x0000000008005498        0x8 /usr/lib/gcc/arm-none-eabi/10.3.1/thumb/v7e-m+dp/hard/libgcc.a(_udivmoddi4.o)
                0x00000000080054a0                __exidx_end = .

.rel.dyn        0x00000000080054a0        0x0
 .rel.iplt      0x00000000080054a0        0x0 /usr/lib/gcc/arm-none-eabi/10.3.1/thumb/v7e-m+dp/hard/crtbegin.o

.preinit_array  0x00000000080054a0        0x0
                0x00000000080054a0                PROVIDE (__preinit_array_start = .)
 *(.preinit_array*)
                0x00000000080054a0                PROVIDE (__preinit_array_end = .)

.init_array     0x00000000080054a0        0x4
                0x00000000080054a0                PROVIDE (__init_array_start = .)
 *(SORT_BY_NAME(.init_array.*))
 *(.init_array*)
 .init_array    0x00000000080054a0        0x4 /usr/lib/gcc/arm-none-eabi/10.3.1/thumb/v7e-m+dp/hard/crtbegin.o
                0x00000000080054a4                PROVIDE (__init_array_end = .)

.fini_array     0x00000000080054a4        0x4
                0x00000000080054a4                PROVIDE (__fini_array_start = .)
 *(SORT_BY_NAME(.fini_array.*))
 *(.fini_array*)
 .fini_array    0x00000000080054a4        0x4 /usr/lib/gcc/arm-none-eabi/10.3.1/thumb/v7e-m+dp/hard/crtbegin.o
                0x00000000080054a8                PROVIDE (__fini_array_end = .)
                0x00000000080054a8                _sidata = LOADADDR (.data)

.data           0x0000000020000000       0x10 load address 0x00000000080054a8
                0x0000000020000000                . = ALIGN (0x4)
                0x0000000020000000                _sdata = .
 *(.data)
 *(.data*)
 .data.uwTickFreq
                0x0000000020000000        0x1 build/stm32h7xx_hal.o
                0x0000000020000000                uwTickFreq
 *fill*         0x0000000020000001        0x3 
 .data.uwTickPrio
                0x0000000020000004        0x4 build/stm32h7xx_hal.o
                0x0000000020000004                uwTickPrio
 .data.SystemCoreClock
                0x0000000020000008        0x4 build/system_stm32h7xx.o
                0x0000000020000008                SystemCoreClock
 .data.SystemD2Clock
                0x000000002000000c        0x4 build/system_stm32h7xx.o
                0x000000002000000c                SystemD2Clock
                0x0000000020000010                . = ALIGN (0x4)
                0x0000000020000010                _edata = .

.tm_clone_table
                0x0000000020000010        0x0 load address 0x00000000080054b8
 .tm_clone_table
                0x0000000020000010        0x0 /usr/lib/gcc/arm-none-eabi/10.3.1/thumb/v7e-m+dp/hard/crtbegin.o
 .tm_clone_table
                0x0000000020000010        0x0 /usr/lib/gcc/arm-none-eabi/10.3.1/thumb/v7e-m+dp/hard/crtend.o

.igot.plt       0x0000000020000010        0x0 load address 0x00000000080054b8
 .igot.plt      0x0000000020000010        0x0 /usr/lib/gcc/arm-none-eabi/10.3.1/thumb/v7e-m+dp/hard/crtbegin.o
                0x0000000020000010                . = ALIGN (0x4)

.bss            0x0000000020000010      0x358 load address 0x00000000080054b8
                0x0000000020000010                _sbss = .
                0x0000000020000010                __bss_start__ = _sbss
 *(.bss)
 .bss           0x0000000020000010       0x1c /usr/lib/gcc/arm-none-eabi/10.3.1/thumb/v7e-m+dp/hard/crtbegin.o
 *(.bss*)
 .bss.address_counter
                0x000000002000002c        0x4 build/variable.o
                0x000000002000002c                address_counter
 .bss.bootloader_error_flag
                0x0000000020000030        0x4 build/variable.o
                0x0000000020000030                bootloader_error_flag
 .bss.bootloader_flag
                0x0000000020000034        0x4 build/variable.o
                0x0000000020000034                bootloader_flag
 .bss.bootloader_state
                0x0000000020000038        0x3 build/variable.o
                0x0000000020000038                bootloader_state
 *fill*         0x000000002000003b        0x1 
 .bss.old_bootloader_state
                0x000000002000003c        0x3 build/variable.o
                0x000000002000003c                old_bootloader_state
 *fill*         0x000000002000003f        0x1 
 .bss.recv_buf  0x0000000020000040      0x106 build/variable.o
                0x0000000020000040                recv_buf
 *fill*         0x0000000020000146        0x2 
 .bss.recv_counter
                0x0000000020000148        0x4 build/variable.o
                0x0000000020000148                recv_counter
 .bss.serial_port_timer
                0x000000002000014c        0x4 build/variable.o
                0x000000002000014c                serial_port_timer
 .bss.data_len  0x0000000020000150        0x2 build/bootloader.o
                0x0000000020000150                data_len
 .bss.frame_checksum
                0x0000000020000152        0x1 build/bootloader.o
                0x0000000020000152                frame_checksum
 *fill*         0x0000000020000153        0x1 
 .bss.i         0x0000000020000154        0x4 build/bootloader.o
                0x0000000020000154                i
 .bss.transmit_buf
                0x0000000020000158      0x100 build/bootloader.o
                0x0000000020000158                transmit_buf
 .bss.update_info
                0x0000000020000258       0x10 build/bootloader.o
                0x0000000020000258                update_info
 .bss.ch        0x0000000020000268        0x1 build/main.o
                0x0000000020000268                ch
 *fill*         0x0000000020000269        0x3 
 .bss.htim2     0x000000002000026c       0x4c build/tim.o
                0x000000002000026c                htim2
 .bss.huart1    0x00000000200002b8       0x90 build/usart.o
                0x00000000200002b8                huart1
 .bss.pFlash    0x0000000020000348       0x1c build/stm32h7xx_hal_flash.o
                0x0000000020000348                pFlash
 .bss.uwTick    0x0000000020000364        0x4 build/stm32h7xx_hal.o
                0x0000000020000364                uwTick
 *(COMMON)
                0x0000000020000368                . = ALIGN (0x4)
                0x0000000020000368                _ebss = .
                0x0000000020000368                __bss_end__ = _ebss

._user_heap_stack
                0x0000000020000368      0x600 load address 0x00000000080054b8
                0x0000000020000368                . = ALIGN (0x8)
                [!provide]                        PROVIDE (end = .)
                [!provide]                        PROVIDE (_end = .)
                0x0000000020000568                . = (. + _Min_Heap_Size)
 *fill*         0x0000000020000368      0x200 
                0x0000000020000968                . = (. + _Min_Stack_Size)
 *fill*         0x0000000020000568      0x400 
                0x0000000020000968                . = ALIGN (0x8)

/DISCARD/
 libc.a(*)
 libm.a(*)
 libgcc.a(*)

.ARM.attributes
                0x0000000000000000       0x2e
 *(.ARM.attributes)
 .ARM.attributes
                0x0000000000000000       0x1e /usr/lib/gcc/arm-none-eabi/10.3.1/thumb/v7e-m+dp/hard/crti.o
 .ARM.attributes
                0x000000000000001e       0x32 /usr/lib/gcc/arm-none-eabi/10.3.1/thumb/v7e-m+dp/hard/crtbegin.o
 .ARM.attributes
                0x0000000000000050       0x32 build/bit_field.o
 .ARM.attributes
                0x0000000000000082       0x37 build/variable.o
 .ARM.attributes
                0x00000000000000b9       0x32 build/bootloader.o
 .ARM.attributes
                0x00000000000000eb       0x32 build/main.o
 .ARM.attributes
                0x000000000000011d       0x32 build/gpio.o
 .ARM.attributes
                0x000000000000014f       0x32 build/tim.o
 .ARM.attributes
                0x0000000000000181       0x32 build/usart.o
 .ARM.attributes
                0x00000000000001b3       0x32 build/stm32h7xx_it.o
 .ARM.attributes
                0x00000000000001e5       0x32 build/stm32h7xx_hal_msp.o
 .ARM.attributes
                0x0000000000000217       0x32 build/stm32h7xx_hal_cortex.o
 .ARM.attributes
                0x0000000000000249       0x32 build/stm32h7xx_hal_tim.o
 .ARM.attributes
                0x000000000000027b       0x32 build/stm32h7xx_hal_tim_ex.o
 .ARM.attributes
                0x00000000000002ad       0x32 build/stm32h7xx_hal_rcc.o
 .ARM.attributes
                0x00000000000002df       0x32 build/stm32h7xx_hal_rcc_ex.o
 .ARM.attributes
                0x0000000000000311       0x32 build/stm32h7xx_hal_flash.o
 .ARM.attributes
                0x0000000000000343       0x32 build/stm32h7xx_hal_flash_ex.o
 .ARM.attributes
                0x0000000000000375       0x32 build/stm32h7xx_hal_gpio.o
 .ARM.attributes
                0x00000000000003a7       0x32 build/stm32h7xx_hal_dma.o
 .ARM.attributes
                0x00000000000003d9       0x32 build/stm32h7xx_hal_pwr_ex.o
 .ARM.attributes
                0x000000000000040b       0x32 build/stm32h7xx_hal.o
 .ARM.attributes
                0x000000000000043d       0x32 build/stm32h7xx_hal_uart.o
 .ARM.attributes
                0x000000000000046f       0x32 build/stm32h7xx_hal_uart_ex.o
 .ARM.attributes
                0x00000000000004a1       0x32 build/system_stm32h7xx.o
 .ARM.attributes
                0x00000000000004d3       0x21 build/startup_stm32h743xx.o
 .ARM.attributes
                0x00000000000004f4       0x32 /usr/lib/gcc/arm-none-eabi/10.3.1/../../../arm-none-eabi/lib/thumb/v7e-m+dp/hard/libc_nano.a(lib_a-init.o)
 .ARM.attributes
                0x0000000000000526       0x1c /usr/lib/gcc/arm-none-eabi/10.3.1/../../../arm-none-eabi/lib/thumb/v7e-m+dp/hard/libc_nano.a(lib_a-memcpy.o)
 .ARM.attributes
                0x0000000000000542       0x32 /usr/lib/gcc/arm-none-eabi/10.3.1/../../../arm-none-eabi/lib/thumb/v7e-m+dp/hard/libc_nano.a(lib_a-memset.o)
 .ARM.attributes
                0x0000000000000574       0x1e /usr/lib/gcc/arm-none-eabi/10.3.1/thumb/v7e-m+dp/hard/libgcc.a(_aeabi_uldivmod.o)
 .ARM.attributes
                0x0000000000000592       0x32 /usr/lib/gcc/arm-none-eabi/10.3.1/thumb/v7e-m+dp/hard/libgcc.a(_udivmoddi4.o)
 .ARM.attributes
                0x00000000000005c4       0x1e /usr/lib/gcc/arm-none-eabi/10.3.1/thumb/v7e-m+dp/hard/libgcc.a(_dvmd_tls.o)
 .ARM.attributes
                0x00000000000005e2       0x30 /usr/lib/gcc/arm-none-eabi/10.3.1/thumb/v7e-m+dp/hard/crtend.o
 .ARM.attributes
                0x0000000000000612       0x1e /usr/lib/gcc/arm-none-eabi/10.3.1/thumb/v7e-m+dp/hard/crtn.o
OUTPUT(build/bootloader_app.elf elf32-littlearm)
LOAD linker stubs
LOAD /usr/lib/gcc/arm-none-eabi/10.3.1/../../../arm-none-eabi/lib/thumb/v7e-m+dp/hard/libc.a
LOAD /usr/lib/gcc/arm-none-eabi/10.3.1/../../../arm-none-eabi/lib/thumb/v7e-m+dp/hard/libm.a
LOAD /usr/lib/gcc/arm-none-eabi/10.3.1/thumb/v7e-m+dp/hard/libgcc.a

.comment        0x0000000000000000       0x33
 .comment       0x0000000000000000       0x33 /usr/lib/gcc/arm-none-eabi/10.3.1/thumb/v7e-m+dp/hard/crtbegin.o
                                         0x34 (size before relaxing)
 .comment       0x0000000000000033       0x34 build/bit_field.o
 .comment       0x0000000000000033       0x34 build/variable.o
 .comment       0x0000000000000033       0x34 build/bootloader.o
 .comment       0x0000000000000033       0x34 build/main.o
 .comment       0x0000000000000033       0x34 build/gpio.o
 .comment       0x0000000000000033       0x34 build/tim.o
 .comment       0x0000000000000033       0x34 build/usart.o
 .comment       0x0000000000000033       0x34 build/stm32h7xx_it.o
 .comment       0x0000000000000033       0x34 build/stm32h7xx_hal_msp.o
 .comment       0x0000000000000033       0x34 build/stm32h7xx_hal_cortex.o
 .comment       0x0000000000000033       0x34 build/stm32h7xx_hal_tim.o
 .comment       0x0000000000000033       0x34 build/stm32h7xx_hal_tim_ex.o
 .comment       0x0000000000000033       0x34 build/stm32h7xx_hal_rcc.o
 .comment       0x0000000000000033       0x34 build/stm32h7xx_hal_rcc_ex.o
 .comment       0x0000000000000033       0x34 build/stm32h7xx_hal_flash.o
 .comment       0x0000000000000033       0x34 build/stm32h7xx_hal_flash_ex.o
 .comment       0x0000000000000033       0x34 build/stm32h7xx_hal_gpio.o
 .comment       0x0000000000000033       0x34 build/stm32h7xx_hal_dma.o
 .comment       0x0000000000000033       0x34 build/stm32h7xx_hal_pwr_ex.o
 .comment       0x0000000000000033       0x34 build/stm32h7xx_hal.o
 .comment       0x0000000000000033       0x34 build/stm32h7xx_hal_uart.o
 .comment       0x0000000000000033       0x34 build/stm32h7xx_hal_uart_ex.o
 .comment       0x0000000000000033       0x34 build/system_stm32h7xx.o
 .comment       0x0000000000000033       0x34 /usr/lib/gcc/arm-none-eabi/10.3.1/../../../arm-none-eabi/lib/thumb/v7e-m+dp/hard/libc_nano.a(lib_a-init.o)
 .comment       0x0000000000000033       0x34 /usr/lib/gcc/arm-none-eabi/10.3.1/../../../arm-none-eabi/lib/thumb/v7e-m+dp/hard/libc_nano.a(lib_a-memset.o)
 .comment       0x0000000000000033       0x34 /usr/lib/gcc/arm-none-eabi/10.3.1/thumb/v7e-m+dp/hard/libgcc.a(_udivmoddi4.o)
 .comment       0x0000000000000033       0x34 /usr/lib/gcc/arm-none-eabi/10.3.1/thumb/v7e-m+dp/hard/crtend.o

.debug_info     0x0000000000000000    0x2260e
 .debug_info    0x0000000000000000      0x3a2 build/bit_field.o
 .debug_info    0x00000000000003a2      0x1df build/variable.o
 .debug_info    0x0000000000000581     0x1ac3 build/bootloader.o
 .debug_info    0x0000000000002044     0x15b7 build/main.o
 .debug_info    0x00000000000035fb      0x533 build/gpio.o
 .debug_info    0x0000000000003b2e      0xef5 build/tim.o
 .debug_info    0x0000000000004a23     0x17a7 build/usart.o
 .debug_info    0x00000000000061ca      0x918 build/stm32h7xx_it.o
 .debug_info    0x0000000000006ae2      0x533 build/stm32h7xx_hal_msp.o
 .debug_info    0x0000000000007015     0x14e4 build/stm32h7xx_hal_cortex.o
 .debug_info    0x00000000000084f9     0x4dc1 build/stm32h7xx_hal_tim.o
 .debug_info    0x000000000000d2ba     0x208f build/stm32h7xx_hal_tim_ex.o
 .debug_info    0x000000000000f349     0x1462 build/stm32h7xx_hal_rcc.o
 .debug_info    0x00000000000107ab     0x1b8f build/stm32h7xx_hal_rcc_ex.o
 .debug_info    0x000000000001233a      0xc85 build/stm32h7xx_hal_flash.o
 .debug_info    0x0000000000012fbf     0x144a build/stm32h7xx_hal_flash_ex.o
 .debug_info    0x0000000000014409      0xec5 build/stm32h7xx_hal_gpio.o
 .debug_info    0x00000000000152ce     0x100d build/stm32h7xx_hal_dma.o
 .debug_info    0x00000000000162db     0x13b0 build/stm32h7xx_hal_pwr_ex.o
 .debug_info    0x000000000001768b     0x1934 build/stm32h7xx_hal.o
 .debug_info    0x0000000000018fbf     0x69c5 build/stm32h7xx_hal_uart.o
 .debug_info    0x000000000001f984     0x13f0 build/stm32h7xx_hal_uart_ex.o
 .debug_info    0x0000000000020d74      0xe9e build/system_stm32h7xx.o
 .debug_info    0x0000000000021c12       0x22 build/startup_stm32h743xx.o
 .debug_info    0x0000000000021c34      0x11a /usr/lib/gcc/arm-none-eabi/10.3.1/../../../arm-none-eabi/lib/thumb/v7e-m+dp/hard/libc_nano.a(lib_a-init.o)
 .debug_info    0x0000000000021d4e       0x26 /usr/lib/gcc/arm-none-eabi/10.3.1/../../../arm-none-eabi/lib/thumb/v7e-m+dp/hard/libc_nano.a(lib_a-memcpy.o)
 .debug_info    0x0000000000021d74      0x137 /usr/lib/gcc/arm-none-eabi/10.3.1/../../../arm-none-eabi/lib/thumb/v7e-m+dp/hard/libc_nano.a(lib_a-memset.o)
 .debug_info    0x0000000000021eab       0x26 /usr/lib/gcc/arm-none-eabi/10.3.1/thumb/v7e-m+dp/hard/libgcc.a(_aeabi_uldivmod.o)
 .debug_info    0x0000000000021ed1      0x717 /usr/lib/gcc/arm-none-eabi/10.3.1/thumb/v7e-m+dp/hard/libgcc.a(_udivmoddi4.o)
 .debug_info    0x00000000000225e8       0x26 /usr/lib/gcc/arm-none-eabi/10.3.1/thumb/v7e-m+dp/hard/libgcc.a(_dvmd_tls.o)

.debug_abbrev   0x0000000000000000     0x3eef
 .debug_abbrev  0x0000000000000000      0x115 build/bit_field.o
 .debug_abbrev  0x0000000000000115       0x92 build/variable.o
 .debug_abbrev  0x00000000000001a7      0x459 build/bootloader.o
 .debug_abbrev  0x0000000000000600      0x2f0 build/main.o
 .debug_abbrev  0x00000000000008f0       0xc6 build/gpio.o
 .debug_abbrev  0x00000000000009b6      0x224 build/tim.o
 .debug_abbrev  0x0000000000000bda      0x217 build/usart.o
 .debug_abbrev  0x0000000000000df1      0x195 build/stm32h7xx_it.o
 .debug_abbrev  0x0000000000000f86       0xc6 build/stm32h7xx_hal_msp.o
 .debug_abbrev  0x000000000000104c      0x38b build/stm32h7xx_hal_cortex.o
 .debug_abbrev  0x00000000000013d7      0x399 build/stm32h7xx_hal_tim.o
 .debug_abbrev  0x0000000000001770      0x33d build/stm32h7xx_hal_tim_ex.o
 .debug_abbrev  0x0000000000001aad      0x2dc build/stm32h7xx_hal_rcc.o
 .debug_abbrev  0x0000000000001d89      0x321 build/stm32h7xx_hal_rcc_ex.o
 .debug_abbrev  0x00000000000020aa      0x345 build/stm32h7xx_hal_flash.o
 .debug_abbrev  0x00000000000023ef      0x331 build/stm32h7xx_hal_flash_ex.o
 .debug_abbrev  0x0000000000002720      0x251 build/stm32h7xx_hal_gpio.o
 .debug_abbrev  0x0000000000002971      0x33d build/stm32h7xx_hal_dma.o
 .debug_abbrev  0x0000000000002cae      0x302 build/stm32h7xx_hal_pwr_ex.o
 .debug_abbrev  0x0000000000002fb0      0x2d7 build/stm32h7xx_hal.o
 .debug_abbrev  0x0000000000003287      0x4ac build/stm32h7xx_hal_uart.o
 .debug_abbrev  0x0000000000003733      0x361 build/stm32h7xx_hal_uart_ex.o
 .debug_abbrev  0x0000000000003a94      0x12a build/system_stm32h7xx.o
 .debug_abbrev  0x0000000000003bbe       0x12 build/startup_stm32h743xx.o
 .debug_abbrev  0x0000000000003bd0       0xcc /usr/lib/gcc/arm-none-eabi/10.3.1/../../../arm-none-eabi/lib/thumb/v7e-m+dp/hard/libc_nano.a(lib_a-init.o)
 .debug_abbrev  0x0000000000003c9c       0x14 /usr/lib/gcc/arm-none-eabi/10.3.1/../../../arm-none-eabi/lib/thumb/v7e-m+dp/hard/libc_nano.a(lib_a-memcpy.o)
 .debug_abbrev  0x0000000000003cb0       0xb4 /usr/lib/gcc/arm-none-eabi/10.3.1/../../../arm-none-eabi/lib/thumb/v7e-m+dp/hard/libc_nano.a(lib_a-memset.o)
 .debug_abbrev  0x0000000000003d64       0x14 /usr/lib/gcc/arm-none-eabi/10.3.1/thumb/v7e-m+dp/hard/libgcc.a(_aeabi_uldivmod.o)
 .debug_abbrev  0x0000000000003d78      0x163 /usr/lib/gcc/arm-none-eabi/10.3.1/thumb/v7e-m+dp/hard/libgcc.a(_udivmoddi4.o)
 .debug_abbrev  0x0000000000003edb       0x14 /usr/lib/gcc/arm-none-eabi/10.3.1/thumb/v7e-m+dp/hard/libgcc.a(_dvmd_tls.o)

.debug_loc      0x0000000000000000    0x19ca6
 .debug_loc     0x0000000000000000      0x308 build/bit_field.o
 .debug_loc     0x0000000000000308      0xae9 build/bootloader.o
 .debug_loc     0x0000000000000df1      0x11f build/main.o
 .debug_loc     0x0000000000000f10       0x2c build/gpio.o
 .debug_loc     0x0000000000000f3c       0xad build/tim.o
 .debug_loc     0x0000000000000fe9      0x11b build/usart.o
 .debug_loc     0x0000000000001104       0x2c build/stm32h7xx_hal_msp.o
 .debug_loc     0x0000000000001130      0x853 build/stm32h7xx_hal_cortex.o
 .debug_loc     0x0000000000001983     0x70fe build/stm32h7xx_hal_tim.o
 .debug_loc     0x0000000000008a81     0x253a build/stm32h7xx_hal_tim_ex.o
 .debug_loc     0x000000000000afbb      0xae3 build/stm32h7xx_hal_rcc.o
 .debug_loc     0x000000000000ba9e     0x1478 build/stm32h7xx_hal_rcc_ex.o
 .debug_loc     0x000000000000cf16      0xc00 build/stm32h7xx_hal_flash.o
 .debug_loc     0x000000000000db16      0xdad build/stm32h7xx_hal_flash_ex.o
 .debug_loc     0x000000000000e8c3      0x551 build/stm32h7xx_hal_gpio.o
 .debug_loc     0x000000000000ee14     0x127a build/stm32h7xx_hal_dma.o
 .debug_loc     0x000000000001008e      0x6b3 build/stm32h7xx_hal_pwr_ex.o
 .debug_loc     0x0000000000010741      0x75b build/stm32h7xx_hal.o
 .debug_loc     0x0000000000010e9c     0x69df build/stm32h7xx_hal_uart.o
 .debug_loc     0x000000000001787b      0xf56 build/stm32h7xx_hal_uart_ex.o
 .debug_loc     0x00000000000187d1      0x1e0 build/system_stm32h7xx.o
 .debug_loc     0x00000000000189b1       0xba /usr/lib/gcc/arm-none-eabi/10.3.1/../../../arm-none-eabi/lib/thumb/v7e-m+dp/hard/libc_nano.a(lib_a-init.o)
 .debug_loc     0x0000000000018a6b      0x22c /usr/lib/gcc/arm-none-eabi/10.3.1/../../../arm-none-eabi/lib/thumb/v7e-m+dp/hard/libc_nano.a(lib_a-memset.o)
 .debug_loc     0x0000000000018c97     0x100f /usr/lib/gcc/arm-none-eabi/10.3.1/thumb/v7e-m+dp/hard/libgcc.a(_udivmoddi4.o)

.debug_aranges  0x0000000000000000      0xff8
 .debug_aranges
                0x0000000000000000       0x28 build/bit_field.o
 .debug_aranges
                0x0000000000000028       0x18 build/variable.o
 .debug_aranges
                0x0000000000000040       0x58 build/bootloader.o
 .debug_aranges
                0x0000000000000098       0x50 build/main.o
 .debug_aranges
                0x00000000000000e8       0x20 build/gpio.o
 .debug_aranges
                0x0000000000000108       0x38 build/tim.o
 .debug_aranges
                0x0000000000000140       0x30 build/usart.o
 .debug_aranges
                0x0000000000000170       0x58 build/stm32h7xx_it.o
 .debug_aranges
                0x00000000000001c8       0x20 build/stm32h7xx_hal_msp.o
 .debug_aranges
                0x00000000000001e8       0xb0 build/stm32h7xx_hal_cortex.o
 .debug_aranges
                0x0000000000000298      0x2a8 build/stm32h7xx_hal_tim.o
 .debug_aranges
                0x0000000000000540      0x128 build/stm32h7xx_hal_tim_ex.o
 .debug_aranges
                0x0000000000000668       0x90 build/stm32h7xx_hal_rcc.o
 .debug_aranges
                0x00000000000006f8       0xe0 build/stm32h7xx_hal_rcc_ex.o
 .debug_aranges
                0x00000000000007d8       0x80 build/stm32h7xx_hal_flash.o
 .debug_aranges
                0x0000000000000858       0x70 build/stm32h7xx_hal_flash_ex.o
 .debug_aranges
                0x00000000000008c8       0x58 build/stm32h7xx_hal_gpio.o
 .debug_aranges
                0x0000000000000920       0x98 build/stm32h7xx_hal_dma.o
 .debug_aranges
                0x00000000000009b8      0x128 build/stm32h7xx_hal_pwr_ex.o
 .debug_aranges
                0x0000000000000ae0      0x190 build/stm32h7xx_hal.o
 .debug_aranges
                0x0000000000000c70      0x1f0 build/stm32h7xx_hal_uart.o
 .debug_aranges
                0x0000000000000e60       0x88 build/stm32h7xx_hal_uart_ex.o
 .debug_aranges
                0x0000000000000ee8       0x28 build/system_stm32h7xx.o
 .debug_aranges
                0x0000000000000f10       0x28 build/startup_stm32h743xx.o
 .debug_aranges
                0x0000000000000f38       0x20 /usr/lib/gcc/arm-none-eabi/10.3.1/../../../arm-none-eabi/lib/thumb/v7e-m+dp/hard/libc_nano.a(lib_a-init.o)
 .debug_aranges
                0x0000000000000f58       0x20 /usr/lib/gcc/arm-none-eabi/10.3.1/../../../arm-none-eabi/lib/thumb/v7e-m+dp/hard/libc_nano.a(lib_a-memcpy.o)
 .debug_aranges
                0x0000000000000f78       0x20 /usr/lib/gcc/arm-none-eabi/10.3.1/../../../arm-none-eabi/lib/thumb/v7e-m+dp/hard/libc_nano.a(lib_a-memset.o)
 .debug_aranges
                0x0000000000000f98       0x20 /usr/lib/gcc/arm-none-eabi/10.3.1/thumb/v7e-m+dp/hard/libgcc.a(_aeabi_uldivmod.o)
 .debug_aranges
                0x0000000000000fb8       0x20 /usr/lib/gcc/arm-none-eabi/10.3.1/thumb/v7e-m+dp/hard/libgcc.a(_udivmoddi4.o)
 .debug_aranges
                0x0000000000000fd8       0x20 /usr/lib/gcc/arm-none-eabi/10.3.1/thumb/v7e-m+dp/hard/libgcc.a(_dvmd_tls.o)

.debug_ranges   0x0000000000000000     0x1f98
 .debug_ranges  0x0000000000000000       0x18 build/bit_field.o
 .debug_ranges  0x0000000000000018      0x130 build/bootloader.o
 .debug_ranges  0x0000000000000148       0x70 build/main.o
 .debug_ranges  0x00000000000001b8       0x28 build/gpio.o
 .debug_ranges  0x00000000000001e0       0x40 build/tim.o
 .debug_ranges  0x0000000000000220       0x68 build/usart.o
 .debug_ranges  0x0000000000000288       0x48 build/stm32h7xx_it.o
 .debug_ranges  0x00000000000002d0       0x28 build/stm32h7xx_hal_msp.o
 .debug_ranges  0x00000000000002f8      0x158 build/stm32h7xx_hal_cortex.o
 .debug_ranges  0x0000000000000450      0x828 build/stm32h7xx_hal_tim.o
 .debug_ranges  0x0000000000000c78      0x2e0 build/stm32h7xx_hal_tim_ex.o
 .debug_ranges  0x0000000000000f58      0x1a8 build/stm32h7xx_hal_rcc.o
 .debug_ranges  0x0000000000001100      0x100 build/stm32h7xx_hal_rcc_ex.o
 .debug_ranges  0x0000000000001200       0x98 build/stm32h7xx_hal_flash.o
 .debug_ranges  0x0000000000001298      0x180 build/stm32h7xx_hal_flash_ex.o
 .debug_ranges  0x0000000000001418       0x70 build/stm32h7xx_hal_gpio.o
 .debug_ranges  0x0000000000001488       0xa8 build/stm32h7xx_hal_dma.o
 .debug_ranges  0x0000000000001530      0x1a8 build/stm32h7xx_hal_pwr_ex.o
 .debug_ranges  0x00000000000016d8      0x180 build/stm32h7xx_hal.o
 .debug_ranges  0x0000000000001858      0x568 build/stm32h7xx_hal_uart.o
 .debug_ranges  0x0000000000001dc0       0xb8 build/stm32h7xx_hal_uart_ex.o
 .debug_ranges  0x0000000000001e78       0x18 build/system_stm32h7xx.o
 .debug_ranges  0x0000000000001e90       0x20 build/startup_stm32h743xx.o
 .debug_ranges  0x0000000000001eb0       0xe8 /usr/lib/gcc/arm-none-eabi/10.3.1/thumb/v7e-m+dp/hard/libgcc.a(_udivmoddi4.o)

.debug_line     0x0000000000000000    0x192de
 .debug_line    0x0000000000000000      0x1a5 build/bit_field.o
 .debug_line    0x00000000000001a5       0x8b build/variable.o
 .debug_line    0x0000000000000230      0xaa3 build/bootloader.o
 .debug_line    0x0000000000000cd3      0x483 build/main.o
 .debug_line    0x0000000000001156       0xc6 build/gpio.o
 .debug_line    0x000000000000121c      0x271 build/tim.o
 .debug_line    0x000000000000148d      0x347 build/usart.o
 .debug_line    0x00000000000017d4      0x219 build/stm32h7xx_it.o
 .debug_line    0x00000000000019ed       0xd3 build/stm32h7xx_hal_msp.o
 .debug_line    0x0000000000001ac0      0x76d build/stm32h7xx_hal_cortex.o
 .debug_line    0x000000000000222d     0x577e build/stm32h7xx_hal_tim.o
 .debug_line    0x00000000000079ab     0x1d6f build/stm32h7xx_hal_tim_ex.o
 .debug_line    0x000000000000971a     0x1316 build/stm32h7xx_hal_rcc.o
 .debug_line    0x000000000000aa30     0x1a9d build/stm32h7xx_hal_rcc_ex.o
 .debug_line    0x000000000000c4cd      0xbe5 build/stm32h7xx_hal_flash.o
 .debug_line    0x000000000000d0b2      0xd94 build/stm32h7xx_hal_flash_ex.o
 .debug_line    0x000000000000de46      0x707 build/stm32h7xx_hal_gpio.o
 .debug_line    0x000000000000e54d     0x19c0 build/stm32h7xx_hal_dma.o
 .debug_line    0x000000000000ff0d      0xa37 build/stm32h7xx_hal_pwr_ex.o
 .debug_line    0x0000000000010944      0x912 build/stm32h7xx_hal.o
 .debug_line    0x0000000000011256     0x649e build/stm32h7xx_hal_uart.o
 .debug_line    0x00000000000176f4      0xdb7 build/stm32h7xx_hal_uart_ex.o
 .debug_line    0x00000000000184ab      0x39a build/system_stm32h7xx.o
 .debug_line    0x0000000000018845       0x76 build/startup_stm32h743xx.o
 .debug_line    0x00000000000188bb      0x138 /usr/lib/gcc/arm-none-eabi/10.3.1/../../../arm-none-eabi/lib/thumb/v7e-m+dp/hard/libc_nano.a(lib_a-init.o)
 .debug_line    0x00000000000189f3       0xbe /usr/lib/gcc/arm-none-eabi/10.3.1/../../../arm-none-eabi/lib/thumb/v7e-m+dp/hard/libc_nano.a(lib_a-memcpy.o)
 .debug_line    0x0000000000018ab1      0x1bf /usr/lib/gcc/arm-none-eabi/10.3.1/../../../arm-none-eabi/lib/thumb/v7e-m+dp/hard/libc_nano.a(lib_a-memset.o)
 .debug_line    0x0000000000018c70       0x60 /usr/lib/gcc/arm-none-eabi/10.3.1/thumb/v7e-m+dp/hard/libgcc.a(_aeabi_uldivmod.o)
 .debug_line    0x0000000000018cd0      0x5ae /usr/lib/gcc/arm-none-eabi/10.3.1/thumb/v7e-m+dp/hard/libgcc.a(_udivmoddi4.o)
 .debug_line    0x000000000001927e       0x60 /usr/lib/gcc/arm-none-eabi/10.3.1/thumb/v7e-m+dp/hard/libgcc.a(_dvmd_tls.o)

.debug_str      0x0000000000000000     0x7193
 .debug_str     0x0000000000000000      0x17f build/bit_field.o
                                        0x1bd (size before relaxing)
 .debug_str     0x000000000000017f       0xc4 build/variable.o
                                        0x258 (size before relaxing)
 .debug_str     0x0000000000000243      0xb99 build/bootloader.o
                                        0xecd (size before relaxing)
 .debug_str     0x0000000000000ddc      0x350 build/main.o
                                        0xea5 (size before relaxing)
 .debug_str     0x000000000000112c      0x206 build/gpio.o
                                        0x3c4 (size before relaxing)
 .debug_str     0x0000000000001332      0x14d build/tim.o
                                        0xba4 (size before relaxing)
 .debug_str     0x000000000000147f      0xcac build/usart.o
                                       0x1654 (size before relaxing)
 .debug_str     0x000000000000212b       0xda build/stm32h7xx_it.o
                                        0x7c1 (size before relaxing)
 .debug_str     0x0000000000002205       0x29 build/stm32h7xx_hal_msp.o
                                        0x3d0 (size before relaxing)
 .debug_str     0x000000000000222e      0x585 build/stm32h7xx_hal_cortex.o
                                       0x1012 (size before relaxing)
 .debug_str     0x00000000000027b3      0xec7 build/stm32h7xx_hal_tim.o
                                       0x17f6 (size before relaxing)
 .debug_str     0x000000000000367a      0x61e build/stm32h7xx_hal_tim_ex.o
                                       0x1113 (size before relaxing)
 .debug_str     0x0000000000003c98      0x373 build/stm32h7xx_hal_rcc.o
                                        0x9e3 (size before relaxing)
 .debug_str     0x000000000000400b      0x66b build/stm32h7xx_hal_rcc_ex.o
                                        0xed0 (size before relaxing)
 .debug_str     0x0000000000004676      0x2ff build/stm32h7xx_hal_flash.o
                                        0x6cc (size before relaxing)
 .debug_str     0x0000000000004975      0x40a build/stm32h7xx_hal_flash_ex.o
                                        0x986 (size before relaxing)
 .debug_str     0x0000000000004d7f      0x125 build/stm32h7xx_hal_gpio.o
                                        0x6a7 (size before relaxing)
 .debug_str     0x0000000000004ea4      0x408 build/stm32h7xx_hal_dma.o
                                        0x99f (size before relaxing)
 .debug_str     0x00000000000052ac      0x551 build/stm32h7xx_hal_pwr_ex.o
                                        0xa1d (size before relaxing)
 .debug_str     0x00000000000057fd      0x5da build/stm32h7xx_hal.o
                                       0x1484 (size before relaxing)
 .debug_str     0x0000000000005dd7      0x85b build/stm32h7xx_hal_uart.o
                                       0x1449 (size before relaxing)
 .debug_str     0x0000000000006632      0x225 build/stm32h7xx_hal_uart_ex.o
                                        0xb23 (size before relaxing)
 .debug_str     0x0000000000006857       0x3d build/system_stm32h7xx.o
                                        0x703 (size before relaxing)
 .debug_str     0x0000000000006894       0x22 build/startup_stm32h743xx.o
                                         0x4f (size before relaxing)
 .debug_str     0x00000000000068b6      0x173 /usr/lib/gcc/arm-none-eabi/10.3.1/../../../arm-none-eabi/lib/thumb/v7e-m+dp/hard/libc_nano.a(lib_a-init.o)
                                        0x20e (size before relaxing)
 .debug_str     0x0000000000006a29       0xb6 /usr/lib/gcc/arm-none-eabi/10.3.1/../../../arm-none-eabi/lib/thumb/v7e-m+dp/hard/libc_nano.a(lib_a-memcpy.o)
 .debug_str     0x0000000000006adf       0xa3 /usr/lib/gcc/arm-none-eabi/10.3.1/../../../arm-none-eabi/lib/thumb/v7e-m+dp/hard/libc_nano.a(lib_a-memset.o)
                                        0x1c3 (size before relaxing)
 .debug_str     0x0000000000006b82       0x9a /usr/lib/gcc/arm-none-eabi/10.3.1/thumb/v7e-m+dp/hard/libgcc.a(_aeabi_uldivmod.o)
                                         0xa6 (size before relaxing)
 .debug_str     0x0000000000006c1c      0x547 /usr/lib/gcc/arm-none-eabi/10.3.1/thumb/v7e-m+dp/hard/libgcc.a(_udivmoddi4.o)
                                        0x64a (size before relaxing)
 .debug_str     0x0000000000007163       0x30 /usr/lib/gcc/arm-none-eabi/10.3.1/thumb/v7e-m+dp/hard/libgcc.a(_dvmd_tls.o)
                                         0xaa (size before relaxing)

.debug_frame    0x0000000000000000     0x3064
 .debug_frame   0x0000000000000000       0x30 build/bit_field.o
 .debug_frame   0x0000000000000030      0x104 build/bootloader.o
 .debug_frame   0x0000000000000134       0xac build/main.o
 .debug_frame   0x00000000000001e0       0x28 build/gpio.o
 .debug_frame   0x0000000000000208       0x70 build/tim.o
 .debug_frame   0x0000000000000278       0x74 build/usart.o
 .debug_frame   0x00000000000002ec       0xb0 build/stm32h7xx_it.o
 .debug_frame   0x000000000000039c       0x28 build/stm32h7xx_hal_msp.o
 .debug_frame   0x00000000000003c4      0x168 build/stm32h7xx_hal_cortex.o
 .debug_frame   0x000000000000052c      0xbc0 build/stm32h7xx_hal_tim.o
 .debug_frame   0x00000000000010ec      0x490 build/stm32h7xx_hal_tim_ex.o
 .debug_frame   0x000000000000157c      0x1d4 build/stm32h7xx_hal_rcc.o
 .debug_frame   0x0000000000001750      0x2b0 build/stm32h7xx_hal_rcc_ex.o
 .debug_frame   0x0000000000001a00      0x170 build/stm32h7xx_hal_flash.o
 .debug_frame   0x0000000000001b70      0x114 build/stm32h7xx_hal_flash_ex.o
 .debug_frame   0x0000000000001c84      0x100 build/stm32h7xx_hal_gpio.o
 .debug_frame   0x0000000000001d84      0x24c build/stm32h7xx_hal_dma.o
 .debug_frame   0x0000000000001fd0      0x314 build/stm32h7xx_hal_pwr_ex.o
 .debug_frame   0x00000000000022e4      0x37c build/stm32h7xx_hal.o
 .debug_frame   0x0000000000002660      0x73c build/stm32h7xx_hal_uart.o
 .debug_frame   0x0000000000002d9c      0x1c4 build/stm32h7xx_hal_uart_ex.o
 .debug_frame   0x0000000000002f60       0x4c build/system_stm32h7xx.o
 .debug_frame   0x0000000000002fac       0x2c /usr/lib/gcc/arm-none-eabi/10.3.1/../../../arm-none-eabi/lib/thumb/v7e-m+dp/hard/libc_nano.a(lib_a-init.o)
 .debug_frame   0x0000000000002fd8       0x2c /usr/lib/gcc/arm-none-eabi/10.3.1/../../../arm-none-eabi/lib/thumb/v7e-m+dp/hard/libc_nano.a(lib_a-memset.o)
 .debug_frame   0x0000000000003004       0x2c /usr/lib/gcc/arm-none-eabi/10.3.1/thumb/v7e-m+dp/hard/libgcc.a(_aeabi_uldivmod.o)
 .debug_frame   0x0000000000003030       0x34 /usr/lib/gcc/arm-none-eabi/10.3.1/thumb/v7e-m+dp/hard/libgcc.a(_udivmoddi4.o)

Cross Reference Table

Symbol                                            File
ADC3_IRQHandler                                   build/startup_stm32h743xx.o
ADC_IRQHandler                                    build/startup_stm32h743xx.o
BDMA_Channel0_IRQHandler                          build/startup_stm32h743xx.o
BDMA_Channel1_IRQHandler                          build/startup_stm32h743xx.o
BDMA_Channel2_IRQHandler                          build/startup_stm32h743xx.o
BDMA_Channel3_IRQHandler                          build/startup_stm32h743xx.o
BDMA_Channel4_IRQHandler                          build/startup_stm32h743xx.o
BDMA_Channel5_IRQHandler                          build/startup_stm32h743xx.o
BDMA_Channel6_IRQHandler                          build/startup_stm32h743xx.o
BDMA_Channel7_IRQHandler                          build/startup_stm32h743xx.o
BusFault_Handler                                  build/stm32h7xx_it.o
CEC_IRQHandler                                    build/startup_stm32h743xx.o
COMP1_IRQHandler                                  build/startup_stm32h743xx.o
CRS_IRQHandler                                    build/startup_stm32h743xx.o
D1CorePrescTable                                  build/system_stm32h7xx.o
                                                  build/stm32h7xx_hal.o
                                                  build/stm32h7xx_hal_rcc_ex.o
                                                  build/stm32h7xx_hal_rcc.o
DCMI_IRQHandler                                   build/startup_stm32h743xx.o
DFSDM1_FLT0_IRQHandler                            build/startup_stm32h743xx.o
DFSDM1_FLT1_IRQHandler                            build/startup_stm32h743xx.o
DFSDM1_FLT2_IRQHandler                            build/startup_stm32h743xx.o
DFSDM1_FLT3_IRQHandler                            build/startup_stm32h743xx.o
DMA1_Stream0_IRQHandler                           build/startup_stm32h743xx.o
DMA1_Stream1_IRQHandler                           build/startup_stm32h743xx.o
DMA1_Stream2_IRQHandler                           build/startup_stm32h743xx.o
DMA1_Stream3_IRQHandler                           build/startup_stm32h743xx.o
DMA1_Stream4_IRQHandler                           build/startup_stm32h743xx.o
DMA1_Stream5_IRQHandler                           build/startup_stm32h743xx.o
DMA1_Stream6_IRQHandler                           build/startup_stm32h743xx.o
DMA1_Stream7_IRQHandler                           build/startup_stm32h743xx.o
DMA2D_IRQHandler                                  build/startup_stm32h743xx.o
DMA2_Stream0_IRQHandler                           build/startup_stm32h743xx.o
DMA2_Stream1_IRQHandler                           build/startup_stm32h743xx.o
DMA2_Stream2_IRQHandler                           build/startup_stm32h743xx.o
DMA2_Stream3_IRQHandler                           build/startup_stm32h743xx.o
DMA2_Stream4_IRQHandler                           build/startup_stm32h743xx.o
DMA2_Stream5_IRQHandler                           build/startup_stm32h743xx.o
DMA2_Stream6_IRQHandler                           build/startup_stm32h743xx.o
DMA2_Stream7_IRQHandler                           build/startup_stm32h743xx.o
DMAMUX1_OVR_IRQHandler                            build/startup_stm32h743xx.o
DMAMUX2_OVR_IRQHandler                            build/startup_stm32h743xx.o
DebugMon_Handler                                  build/stm32h7xx_it.o
Default_Handler                                   build/startup_stm32h743xx.o
ECC_IRQHandler                                    build/startup_stm32h743xx.o
ETH_IRQHandler                                    build/startup_stm32h743xx.o
ETH_WKUP_IRQHandler                               build/startup_stm32h743xx.o
EXTI0_IRQHandler                                  build/startup_stm32h743xx.o
EXTI15_10_IRQHandler                              build/startup_stm32h743xx.o
EXTI1_IRQHandler                                  build/startup_stm32h743xx.o
EXTI2_IRQHandler                                  build/startup_stm32h743xx.o
EXTI3_IRQHandler                                  build/startup_stm32h743xx.o
EXTI4_IRQHandler                                  build/startup_stm32h743xx.o
EXTI9_5_IRQHandler                                build/startup_stm32h743xx.o
Error_Handler                                     build/main.o
                                                  build/usart.o
                                                  build/tim.o
FDCAN1_IT0_IRQHandler                             build/startup_stm32h743xx.o
FDCAN1_IT1_IRQHandler                             build/startup_stm32h743xx.o
FDCAN2_IT0_IRQHandler                             build/startup_stm32h743xx.o
FDCAN2_IT1_IRQHandler                             build/startup_stm32h743xx.o
FDCAN_CAL_IRQHandler                              build/startup_stm32h743xx.o
FLASH_CRC_WaitForLastOperation                    build/stm32h7xx_hal_flash.o
                                                  build/stm32h7xx_hal_flash_ex.o
FLASH_Erase_Sector                                build/stm32h7xx_hal_flash_ex.o
                                                  build/stm32h7xx_hal_flash.o
FLASH_IRQHandler                                  build/startup_stm32h743xx.o
FLASH_OB_WaitForLastOperation                     build/stm32h7xx_hal_flash.o
                                                  build/stm32h7xx_hal_flash_ex.o
FLASH_WaitForLastOperation                        build/stm32h7xx_hal_flash.o
                                                  build/stm32h7xx_hal_flash_ex.o
FMC_IRQHandler                                    build/startup_stm32h743xx.o
FPU_IRQHandler                                    build/startup_stm32h743xx.o
HAL_DBGMCU_DisableDBGSleepMode                    build/stm32h7xx_hal.o
HAL_DBGMCU_DisableDBGStandbyMode                  build/stm32h7xx_hal.o
HAL_DBGMCU_DisableDBGStopMode                     build/stm32h7xx_hal.o
HAL_DBGMCU_EnableDBGSleepMode                     build/stm32h7xx_hal.o
HAL_DBGMCU_EnableDBGStandbyMode                   build/stm32h7xx_hal.o
HAL_DBGMCU_EnableDBGStopMode                      build/stm32h7xx_hal.o
HAL_DMAEx_ChangeMemory                            build/stm32h7xx_hal_dma_ex.o
HAL_DMAEx_ConfigMuxRequestGenerator               build/stm32h7xx_hal_dma_ex.o
HAL_DMAEx_ConfigMuxSync                           build/stm32h7xx_hal_dma_ex.o
HAL_DMAEx_DisableMuxRequestGenerator              build/stm32h7xx_hal_dma_ex.o
HAL_DMAEx_EnableMuxRequestGenerator               build/stm32h7xx_hal_dma_ex.o
HAL_DMAEx_MUX_IRQHandler                          build/stm32h7xx_hal_dma_ex.o
HAL_DMAEx_MultiBufferStart                        build/stm32h7xx_hal_dma_ex.o
HAL_DMAEx_MultiBufferStart_IT                     build/stm32h7xx_hal_dma_ex.o
HAL_DMA_Abort                                     build/stm32h7xx_hal_dma.o
                                                  build/stm32h7xx_hal_uart.o
HAL_DMA_Abort_IT                                  build/stm32h7xx_hal_dma.o
                                                  build/stm32h7xx_hal_uart.o
                                                  build/stm32h7xx_hal_i2c.o
                                                  build/stm32h7xx_hal_tim_ex.o
                                                  build/stm32h7xx_hal_tim.o
HAL_DMA_DeInit                                    build/stm32h7xx_hal_dma.o
HAL_DMA_GetError                                  build/stm32h7xx_hal_dma.o
                                                  build/stm32h7xx_hal_uart.o
                                                  build/stm32h7xx_hal_i2c.o
HAL_DMA_GetState                                  build/stm32h7xx_hal_dma.o
                                                  build/stm32h7xx_hal_i2c.o
HAL_DMA_IRQHandler                                build/stm32h7xx_hal_dma.o
HAL_DMA_Init                                      build/stm32h7xx_hal_dma.o
HAL_DMA_PollForTransfer                           build/stm32h7xx_hal_dma.o
HAL_DMA_RegisterCallback                          build/stm32h7xx_hal_dma.o
HAL_DMA_Start                                     build/stm32h7xx_hal_dma.o
HAL_DMA_Start_IT                                  build/stm32h7xx_hal_dma.o
                                                  build/stm32h7xx_hal_uart.o
                                                  build/stm32h7xx_hal_i2c.o
                                                  build/stm32h7xx_hal_tim_ex.o
                                                  build/stm32h7xx_hal_tim.o
HAL_DMA_UnRegisterCallback                        build/stm32h7xx_hal_dma.o
HAL_DeInit                                        build/stm32h7xx_hal.o
                                                  build/bootloader.o
HAL_Delay                                         build/stm32h7xx_hal.o
HAL_DisableCompensationCell                       build/stm32h7xx_hal.o
HAL_EXTI_ClearConfigLine                          build/stm32h7xx_hal_exti.o
HAL_EXTI_ClearPending                             build/stm32h7xx_hal_exti.o
HAL_EXTI_D1_ClearFlag                             build/stm32h7xx_hal.o
HAL_EXTI_D1_EventInputConfig                      build/stm32h7xx_hal.o
HAL_EXTI_D3_EventInputConfig                      build/stm32h7xx_hal.o
HAL_EXTI_EdgeConfig                               build/stm32h7xx_hal.o
HAL_EXTI_GenerateSWI                              build/stm32h7xx_hal_exti.o
HAL_EXTI_GenerateSWInterrupt                      build/stm32h7xx_hal.o
HAL_EXTI_GetConfigLine                            build/stm32h7xx_hal_exti.o
HAL_EXTI_GetHandle                                build/stm32h7xx_hal_exti.o
HAL_EXTI_GetPending                               build/stm32h7xx_hal_exti.o
HAL_EXTI_IRQHandler                               build/stm32h7xx_hal_exti.o
HAL_EXTI_RegisterCallback                         build/stm32h7xx_hal_exti.o
HAL_EXTI_SetConfigLine                            build/stm32h7xx_hal_exti.o
HAL_EnableCompensationCell                        build/stm32h7xx_hal.o
HAL_FLASHEx_ComputeCRC                            build/stm32h7xx_hal_flash_ex.o
HAL_FLASHEx_Erase                                 build/stm32h7xx_hal_flash_ex.o
                                                  build/bootloader.o
HAL_FLASHEx_Erase_IT                              build/stm32h7xx_hal_flash_ex.o
HAL_FLASHEx_Lock_Bank1                            build/stm32h7xx_hal_flash_ex.o
HAL_FLASHEx_Lock_Bank2                            build/stm32h7xx_hal_flash_ex.o
HAL_FLASHEx_OBGetConfig                           build/stm32h7xx_hal_flash_ex.o
HAL_FLASHEx_OBProgram                             build/stm32h7xx_hal_flash_ex.o
HAL_FLASHEx_Unlock_Bank1                          build/stm32h7xx_hal_flash_ex.o
HAL_FLASHEx_Unlock_Bank2                          build/stm32h7xx_hal_flash_ex.o
HAL_FLASH_EndOfOperationCallback                  build/stm32h7xx_hal_flash.o
HAL_FLASH_GetError                                build/stm32h7xx_hal_flash.o
HAL_FLASH_IRQHandler                              build/stm32h7xx_hal_flash.o
HAL_FLASH_Lock                                    build/stm32h7xx_hal_flash.o
                                                  build/bootloader.o
HAL_FLASH_OB_Launch                               build/stm32h7xx_hal_flash.o
HAL_FLASH_OB_Lock                                 build/stm32h7xx_hal_flash.o
HAL_FLASH_OB_Unlock                               build/stm32h7xx_hal_flash.o
HAL_FLASH_OperationErrorCallback                  build/stm32h7xx_hal_flash.o
HAL_FLASH_Program                                 build/stm32h7xx_hal_flash.o
                                                  build/bootloader.o
HAL_FLASH_Program_IT                              build/stm32h7xx_hal_flash.o
HAL_FLASH_Unlock                                  build/stm32h7xx_hal_flash.o
                                                  build/bootloader.o
HAL_GPIO_DeInit                                   build/stm32h7xx_hal_gpio.o
                                                  build/usart.o
HAL_GPIO_EXTI_Callback                            build/stm32h7xx_hal_gpio.o
HAL_GPIO_EXTI_IRQHandler                          build/stm32h7xx_hal_gpio.o
HAL_GPIO_Init                                     build/stm32h7xx_hal_gpio.o
                                                  build/stm32h7xx_hal_rcc.o
                                                  build/usart.o
HAL_GPIO_LockPin                                  build/stm32h7xx_hal_gpio.o
HAL_GPIO_ReadPin                                  build/stm32h7xx_hal_gpio.o
HAL_GPIO_TogglePin                                build/stm32h7xx_hal_gpio.o
HAL_GPIO_WritePin                                 build/stm32h7xx_hal_gpio.o
HAL_GetCurrentCPUID                               build/stm32h7xx_hal_cortex.o
HAL_GetDEVID                                      build/stm32h7xx_hal.o
HAL_GetFMCMemorySwappingConfig                    build/stm32h7xx_hal.o
HAL_GetHalVersion                                 build/stm32h7xx_hal.o
HAL_GetREVID                                      build/stm32h7xx_hal.o
                                                  build/stm32h7xx_hal_rcc_ex.o
                                                  build/stm32h7xx_hal_rcc.o
HAL_GetTick                                       build/stm32h7xx_hal.o
                                                  build/stm32h7xx_hal_uart_ex.o
                                                  build/stm32h7xx_hal_uart.o
                                                  build/stm32h7xx_hal_i2c.o
                                                  build/stm32h7xx_hal_pwr_ex.o
                                                  build/stm32h7xx_hal_mdma.o
                                                  build/stm32h7xx_hal_dma.o
                                                  build/stm32h7xx_hal_flash.o
                                                  build/stm32h7xx_hal_rcc_ex.o
                                                  build/stm32h7xx_hal_rcc.o
HAL_GetTickFreq                                   build/stm32h7xx_hal.o
HAL_GetTickPrio                                   build/stm32h7xx_hal.o
HAL_GetUIDw0                                      build/stm32h7xx_hal.o
HAL_GetUIDw1                                      build/stm32h7xx_hal.o
HAL_GetUIDw2                                      build/stm32h7xx_hal.o
HAL_HSEM_ActivateNotification                     build/stm32h7xx_hal_hsem.o
HAL_HSEM_DeactivateNotification                   build/stm32h7xx_hal_hsem.o
HAL_HSEM_FastTake                                 build/stm32h7xx_hal_hsem.o
HAL_HSEM_FreeCallback                             build/stm32h7xx_hal_hsem.o
HAL_HSEM_GetClearKey                              build/stm32h7xx_hal_hsem.o
HAL_HSEM_IRQHandler                               build/stm32h7xx_hal_hsem.o
HAL_HSEM_IsSemTaken                               build/stm32h7xx_hal_hsem.o
HAL_HSEM_Release                                  build/stm32h7xx_hal_hsem.o
HAL_HSEM_ReleaseAll                               build/stm32h7xx_hal_hsem.o
HAL_HSEM_SetClearKey                              build/stm32h7xx_hal_hsem.o
HAL_HSEM_Take                                     build/stm32h7xx_hal_hsem.o
HAL_HalfDuplex_EnableReceiver                     build/stm32h7xx_hal_uart.o
HAL_HalfDuplex_EnableTransmitter                  build/stm32h7xx_hal_uart.o
HAL_HalfDuplex_Init                               build/stm32h7xx_hal_uart.o
HAL_I2CEx_ConfigAnalogFilter                      build/stm32h7xx_hal_i2c_ex.o
HAL_I2CEx_ConfigDigitalFilter                     build/stm32h7xx_hal_i2c_ex.o
HAL_I2CEx_DisableFastModePlus                     build/stm32h7xx_hal_i2c_ex.o
HAL_I2CEx_DisableWakeUp                           build/stm32h7xx_hal_i2c_ex.o
HAL_I2CEx_EnableFastModePlus                      build/stm32h7xx_hal_i2c_ex.o
HAL_I2CEx_EnableWakeUp                            build/stm32h7xx_hal_i2c_ex.o
HAL_I2C_AbortCpltCallback                         build/stm32h7xx_hal_i2c.o
HAL_I2C_AddrCallback                              build/stm32h7xx_hal_i2c.o
HAL_I2C_DeInit                                    build/stm32h7xx_hal_i2c.o
HAL_I2C_DisableListen_IT                          build/stm32h7xx_hal_i2c.o
HAL_I2C_ER_IRQHandler                             build/stm32h7xx_hal_i2c.o
HAL_I2C_EV_IRQHandler                             build/stm32h7xx_hal_i2c.o
HAL_I2C_EnableListen_IT                           build/stm32h7xx_hal_i2c.o
HAL_I2C_ErrorCallback                             build/stm32h7xx_hal_i2c.o
HAL_I2C_GetError                                  build/stm32h7xx_hal_i2c.o
HAL_I2C_GetMode                                   build/stm32h7xx_hal_i2c.o
HAL_I2C_GetState                                  build/stm32h7xx_hal_i2c.o
HAL_I2C_Init                                      build/stm32h7xx_hal_i2c.o
HAL_I2C_IsDeviceReady                             build/stm32h7xx_hal_i2c.o
HAL_I2C_ListenCpltCallback                        build/stm32h7xx_hal_i2c.o
HAL_I2C_MasterRxCpltCallback                      build/stm32h7xx_hal_i2c.o
HAL_I2C_MasterTxCpltCallback                      build/stm32h7xx_hal_i2c.o
HAL_I2C_Master_Abort_IT                           build/stm32h7xx_hal_i2c.o
HAL_I2C_Master_Receive                            build/stm32h7xx_hal_i2c.o
HAL_I2C_Master_Receive_DMA                        build/stm32h7xx_hal_i2c.o
HAL_I2C_Master_Receive_IT                         build/stm32h7xx_hal_i2c.o
HAL_I2C_Master_Seq_Receive_DMA                    build/stm32h7xx_hal_i2c.o
HAL_I2C_Master_Seq_Receive_IT                     build/stm32h7xx_hal_i2c.o
HAL_I2C_Master_Seq_Transmit_DMA                   build/stm32h7xx_hal_i2c.o
HAL_I2C_Master_Seq_Transmit_IT                    build/stm32h7xx_hal_i2c.o
HAL_I2C_Master_Transmit                           build/stm32h7xx_hal_i2c.o
HAL_I2C_Master_Transmit_DMA                       build/stm32h7xx_hal_i2c.o
HAL_I2C_Master_Transmit_IT                        build/stm32h7xx_hal_i2c.o
HAL_I2C_MemRxCpltCallback                         build/stm32h7xx_hal_i2c.o
HAL_I2C_MemTxCpltCallback                         build/stm32h7xx_hal_i2c.o
HAL_I2C_Mem_Read                                  build/stm32h7xx_hal_i2c.o
HAL_I2C_Mem_Read_DMA                              build/stm32h7xx_hal_i2c.o
HAL_I2C_Mem_Read_IT                               build/stm32h7xx_hal_i2c.o
HAL_I2C_Mem_Write                                 build/stm32h7xx_hal_i2c.o
HAL_I2C_Mem_Write_DMA                             build/stm32h7xx_hal_i2c.o
HAL_I2C_Mem_Write_IT                              build/stm32h7xx_hal_i2c.o
HAL_I2C_MspDeInit                                 build/stm32h7xx_hal_i2c.o
HAL_I2C_MspInit                                   build/stm32h7xx_hal_i2c.o
HAL_I2C_SlaveRxCpltCallback                       build/stm32h7xx_hal_i2c.o
HAL_I2C_SlaveTxCpltCallback                       build/stm32h7xx_hal_i2c.o
HAL_I2C_Slave_Receive                             build/stm32h7xx_hal_i2c.o
HAL_I2C_Slave_Receive_DMA                         build/stm32h7xx_hal_i2c.o
HAL_I2C_Slave_Receive_IT                          build/stm32h7xx_hal_i2c.o
HAL_I2C_Slave_Seq_Receive_DMA                     build/stm32h7xx_hal_i2c.o
HAL_I2C_Slave_Seq_Receive_IT                      build/stm32h7xx_hal_i2c.o
HAL_I2C_Slave_Seq_Transmit_DMA                    build/stm32h7xx_hal_i2c.o
HAL_I2C_Slave_Seq_Transmit_IT                     build/stm32h7xx_hal_i2c.o
HAL_I2C_Slave_Transmit                            build/stm32h7xx_hal_i2c.o
HAL_I2C_Slave_Transmit_DMA                        build/stm32h7xx_hal_i2c.o
HAL_I2C_Slave_Transmit_IT                         build/stm32h7xx_hal_i2c.o
HAL_IncTick                                       build/stm32h7xx_hal.o
                                                  build/stm32h7xx_it.o
HAL_Init                                          build/stm32h7xx_hal.o
                                                  build/main.o
HAL_InitTick                                      build/stm32h7xx_hal.o
                                                  build/stm32h7xx_hal_rcc.o
HAL_LIN_Init                                      build/stm32h7xx_hal_uart.o
HAL_LIN_SendBreak                                 build/stm32h7xx_hal_uart.o
HAL_MDMA_Abort                                    build/stm32h7xx_hal_mdma.o
HAL_MDMA_Abort_IT                                 build/stm32h7xx_hal_mdma.o
HAL_MDMA_ConfigPostRequestMask                    build/stm32h7xx_hal_mdma.o
HAL_MDMA_DeInit                                   build/stm32h7xx_hal_mdma.o
HAL_MDMA_GenerateSWRequest                        build/stm32h7xx_hal_mdma.o
HAL_MDMA_GetError                                 build/stm32h7xx_hal_mdma.o
HAL_MDMA_GetState                                 build/stm32h7xx_hal_mdma.o
HAL_MDMA_IRQHandler                               build/stm32h7xx_hal_mdma.o
HAL_MDMA_Init                                     build/stm32h7xx_hal_mdma.o
HAL_MDMA_LinkedList_AddNode                       build/stm32h7xx_hal_mdma.o
HAL_MDMA_LinkedList_CreateNode                    build/stm32h7xx_hal_mdma.o
HAL_MDMA_LinkedList_DisableCircularMode           build/stm32h7xx_hal_mdma.o
HAL_MDMA_LinkedList_EnableCircularMode            build/stm32h7xx_hal_mdma.o
HAL_MDMA_LinkedList_RemoveNode                    build/stm32h7xx_hal_mdma.o
HAL_MDMA_PollForTransfer                          build/stm32h7xx_hal_mdma.o
HAL_MDMA_RegisterCallback                         build/stm32h7xx_hal_mdma.o
HAL_MDMA_Start                                    build/stm32h7xx_hal_mdma.o
HAL_MDMA_Start_IT                                 build/stm32h7xx_hal_mdma.o
HAL_MDMA_UnRegisterCallback                       build/stm32h7xx_hal_mdma.o
HAL_MPU_ConfigRegion                              build/stm32h7xx_hal_cortex.o
HAL_MPU_Disable                                   build/stm32h7xx_hal_cortex.o
HAL_MPU_Enable                                    build/stm32h7xx_hal_cortex.o
HAL_MspDeInit                                     build/stm32h7xx_hal.o
HAL_MspInit                                       build/stm32h7xx_hal_msp.o
HAL_MultiProcessorEx_AddressLength_Set            build/stm32h7xx_hal_uart_ex.o
HAL_MultiProcessor_DisableMuteMode                build/stm32h7xx_hal_uart.o
HAL_MultiProcessor_EnableMuteMode                 build/stm32h7xx_hal_uart.o
HAL_MultiProcessor_EnterMuteMode                  build/stm32h7xx_hal_uart.o
HAL_MultiProcessor_Init                           build/stm32h7xx_hal_uart.o
HAL_NVIC_ClearPendingIRQ                          build/stm32h7xx_hal_cortex.o
HAL_NVIC_DisableIRQ                               build/stm32h7xx_hal_cortex.o
                                                  build/usart.o
HAL_NVIC_EnableIRQ                                build/stm32h7xx_hal_cortex.o
                                                  build/usart.o
HAL_NVIC_GetActive                                build/stm32h7xx_hal_cortex.o
HAL_NVIC_GetPendingIRQ                            build/stm32h7xx_hal_cortex.o
HAL_NVIC_GetPriority                              build/stm32h7xx_hal_cortex.o
HAL_NVIC_GetPriorityGrouping                      build/stm32h7xx_hal_cortex.o
HAL_NVIC_SetPendingIRQ                            build/stm32h7xx_hal_cortex.o
HAL_NVIC_SetPriority                              build/stm32h7xx_hal_cortex.o
                                                  build/stm32h7xx_hal.o
                                                  build/usart.o
HAL_NVIC_SetPriorityGrouping                      build/stm32h7xx_hal_cortex.o
                                                  build/stm32h7xx_hal.o
HAL_NVIC_SystemReset                              build/stm32h7xx_hal_cortex.o
HAL_PWREx_AVDCallback                             build/stm32h7xx_hal_pwr_ex.o
HAL_PWREx_ClearPendingEvent                       build/stm32h7xx_hal_pwr_ex.o
HAL_PWREx_ClearWakeupFlag                         build/stm32h7xx_hal_pwr_ex.o
HAL_PWREx_ConfigAVD                               build/stm32h7xx_hal_pwr_ex.o
HAL_PWREx_ConfigD3Domain                          build/stm32h7xx_hal_pwr_ex.o
HAL_PWREx_ConfigSupply                            build/stm32h7xx_hal_pwr_ex.o
                                                  build/main.o
HAL_PWREx_ControlStopModeVoltageScaling           build/stm32h7xx_hal_pwr_ex.o
HAL_PWREx_ControlVoltageScaling                   build/stm32h7xx_hal_pwr_ex.o
HAL_PWREx_DisableAVD                              build/stm32h7xx_hal_pwr_ex.o
HAL_PWREx_DisableBatteryCharging                  build/stm32h7xx_hal_pwr_ex.o
HAL_PWREx_DisableBkUpReg                          build/stm32h7xx_hal_pwr_ex.o
HAL_PWREx_DisableFlashPowerDown                   build/stm32h7xx_hal_pwr_ex.o
HAL_PWREx_DisableMonitoring                       build/stm32h7xx_hal_pwr_ex.o
HAL_PWREx_DisableUSBReg                           build/stm32h7xx_hal_pwr_ex.o
HAL_PWREx_DisableUSBVoltageDetector               build/stm32h7xx_hal_pwr_ex.o
HAL_PWREx_DisableWakeUpPin                        build/stm32h7xx_hal_pwr_ex.o
HAL_PWREx_EnableAVD                               build/stm32h7xx_hal_pwr_ex.o
HAL_PWREx_EnableBatteryCharging                   build/stm32h7xx_hal_pwr_ex.o
HAL_PWREx_EnableBkUpReg                           build/stm32h7xx_hal_pwr_ex.o
HAL_PWREx_EnableFlashPowerDown                    build/stm32h7xx_hal_pwr_ex.o
HAL_PWREx_EnableMonitoring                        build/stm32h7xx_hal_pwr_ex.o
HAL_PWREx_EnableUSBReg                            build/stm32h7xx_hal_pwr_ex.o
HAL_PWREx_EnableUSBVoltageDetector                build/stm32h7xx_hal_pwr_ex.o
HAL_PWREx_EnableWakeUpPin                         build/stm32h7xx_hal_pwr_ex.o
HAL_PWREx_EnterSTANDBYMode                        build/stm32h7xx_hal_pwr_ex.o
HAL_PWREx_EnterSTOPMode                           build/stm32h7xx_hal_pwr_ex.o
HAL_PWREx_GetStopModeVoltageRange                 build/stm32h7xx_hal_pwr_ex.o
HAL_PWREx_GetSupplyConfig                         build/stm32h7xx_hal_pwr_ex.o
HAL_PWREx_GetTemperatureLevel                     build/stm32h7xx_hal_pwr_ex.o
HAL_PWREx_GetVBATLevel                            build/stm32h7xx_hal_pwr_ex.o
HAL_PWREx_GetVoltageRange                         build/stm32h7xx_hal_pwr_ex.o
HAL_PWREx_GetWakeupFlag                           build/stm32h7xx_hal_pwr_ex.o
HAL_PWREx_PVD_AVD_IRQHandler                      build/stm32h7xx_hal_pwr_ex.o
HAL_PWREx_WAKEUP_PIN_IRQHandler                   build/stm32h7xx_hal_pwr_ex.o
HAL_PWREx_WKUP1_Callback                          build/stm32h7xx_hal_pwr_ex.o
HAL_PWREx_WKUP2_Callback                          build/stm32h7xx_hal_pwr_ex.o
HAL_PWREx_WKUP3_Callback                          build/stm32h7xx_hal_pwr_ex.o
HAL_PWREx_WKUP4_Callback                          build/stm32h7xx_hal_pwr_ex.o
HAL_PWREx_WKUP5_Callback                          build/stm32h7xx_hal_pwr_ex.o
HAL_PWREx_WKUP6_Callback                          build/stm32h7xx_hal_pwr_ex.o
HAL_PWR_ConfigPVD                                 build/stm32h7xx_hal_pwr.o
HAL_PWR_DeInit                                    build/stm32h7xx_hal_pwr.o
HAL_PWR_DisableBkUpAccess                         build/stm32h7xx_hal_pwr.o
HAL_PWR_DisablePVD                                build/stm32h7xx_hal_pwr.o
HAL_PWR_DisableSEVOnPend                          build/stm32h7xx_hal_pwr.o
HAL_PWR_DisableSleepOnExit                        build/stm32h7xx_hal_pwr.o
HAL_PWR_DisableWakeUpPin                          build/stm32h7xx_hal_pwr.o
HAL_PWR_EnableBkUpAccess                          build/stm32h7xx_hal_pwr.o
HAL_PWR_EnablePVD                                 build/stm32h7xx_hal_pwr.o
HAL_PWR_EnableSEVOnPend                           build/stm32h7xx_hal_pwr.o
HAL_PWR_EnableSleepOnExit                         build/stm32h7xx_hal_pwr.o
HAL_PWR_EnableWakeUpPin                           build/stm32h7xx_hal_pwr.o
HAL_PWR_EnterSLEEPMode                            build/stm32h7xx_hal_pwr.o
HAL_PWR_EnterSTANDBYMode                          build/stm32h7xx_hal_pwr.o
HAL_PWR_EnterSTOPMode                             build/stm32h7xx_hal_pwr.o
HAL_PWR_PVDCallback                               build/stm32h7xx_hal_pwr.o
                                                  build/stm32h7xx_hal_pwr_ex.o
HAL_PWR_PVD_IRQHandler                            build/stm32h7xx_hal_pwr.o
HAL_RCCEx_CRSConfig                               build/stm32h7xx_hal_rcc_ex.o