Archive member included to satisfy reference by file (symbol)

/usr/lib/gcc/arm-none-eabi/10.3.1/../../../arm-none-eabi/lib/thumb/v7e-m+dp/hard/libc_nano.a(lib_a-atexit.o)
                              /usr/lib/gcc/arm-none-eabi/10.3.1/../../../arm-none-eabi/lib/thumb/v7e-m+dp/hard/crt0.o (atexit)
/usr/lib/gcc/arm-none-eabi/10.3.1/../../../arm-none-eabi/lib/thumb/v7e-m+dp/hard/libc_nano.a(lib_a-exit.o)
                              /usr/lib/gcc/arm-none-eabi/10.3.1/../../../arm-none-eabi/lib/thumb/v7e-m+dp/hard/crt0.o (exit)
/usr/lib/gcc/arm-none-eabi/10.3.1/../../../arm-none-eabi/lib/thumb/v7e-m+dp/hard/libc_nano.a(lib_a-fini.o)
                              /usr/lib/gcc/arm-none-eabi/10.3.1/../../../arm-none-eabi/lib/thumb/v7e-m+dp/hard/crt0.o (__libc_fini_array)
/usr/lib/gcc/arm-none-eabi/10.3.1/../../../arm-none-eabi/lib/thumb/v7e-m+dp/hard/libc_nano.a(lib_a-impure.o)
                              /usr/lib/gcc/arm-none-eabi/10.3.1/../../../arm-none-eabi/lib/thumb/v7e-m+dp/hard/libc_nano.a(lib_a-exit.o) (_global_impure_ptr)
/usr/lib/gcc/arm-none-eabi/10.3.1/../../../arm-none-eabi/lib/thumb/v7e-m+dp/hard/libc_nano.a(lib_a-init.o)
                              /usr/lib/gcc/arm-none-eabi/10.3.1/../../../arm-none-eabi/lib/thumb/v7e-m+dp/hard/crt0.o (__libc_init_array)
/usr/lib/gcc/arm-none-eabi/10.3.1/../../../arm-none-eabi/lib/thumb/v7e-m+dp/hard/libc_nano.a(lib_a-memset.o)
                              /usr/lib/gcc/arm-none-eabi/10.3.1/../../../arm-none-eabi/lib/thumb/v7e-m+dp/hard/crt0.o (memset)
/usr/lib/gcc/arm-none-eabi/10.3.1/../../../arm-none-eabi/lib/thumb/v7e-m+dp/hard/libc_nano.a(lib_a-strlen.o)
                              build/bootloader.o (strlen)
/usr/lib/gcc/arm-none-eabi/10.3.1/../../../arm-none-eabi/lib/thumb/v7e-m+dp/hard/libc_nano.a(lib_a-vsprintf.o)
                              build/bootloader.o (vsprintf)
/usr/lib/gcc/arm-none-eabi/10.3.1/../../../arm-none-eabi/lib/thumb/v7e-m+dp/hard/libc_nano.a(lib_a-__atexit.o)
                              /usr/lib/gcc/arm-none-eabi/10.3.1/../../../arm-none-eabi/lib/thumb/v7e-m+dp/hard/libc_nano.a(lib_a-atexit.o) (__register_exitproc)
/usr/lib/gcc/arm-none-eabi/10.3.1/../../../arm-none-eabi/lib/thumb/v7e-m+dp/hard/libc_nano.a(lib_a-__call_atexit.o)
                              /usr/lib/gcc/arm-none-eabi/10.3.1/../../../arm-none-eabi/lib/thumb/v7e-m+dp/hard/libc_nano.a(lib_a-__atexit.o) (__call_exitprocs)
/usr/lib/gcc/arm-none-eabi/10.3.1/../../../arm-none-eabi/lib/thumb/v7e-m+dp/hard/libc_nano.a(lib_a-nano-svfprintf.o)
                              /usr/lib/gcc/arm-none-eabi/10.3.1/../../../arm-none-eabi/lib/thumb/v7e-m+dp/hard/libc_nano.a(lib_a-vsprintf.o) (_svfprintf_r)
/usr/lib/gcc/arm-none-eabi/10.3.1/../../../arm-none-eabi/lib/thumb/v7e-m+dp/hard/libc_nano.a(lib_a-nano-vfprintf_i.o)
                              /usr/lib/gcc/arm-none-eabi/10.3.1/../../../arm-none-eabi/lib/thumb/v7e-m+dp/hard/libc_nano.a(lib_a-nano-svfprintf.o) (_printf_i)
/usr/lib/gcc/arm-none-eabi/10.3.1/../../../arm-none-eabi/lib/thumb/v7e-m+dp/hard/libc_nano.a(lib_a-memchr.o)
                              /usr/lib/gcc/arm-none-eabi/10.3.1/../../../arm-none-eabi/lib/thumb/v7e-m+dp/hard/libc_nano.a(lib_a-nano-svfprintf.o) (memchr)
/usr/lib/gcc/arm-none-eabi/10.3.1/../../../arm-none-eabi/lib/thumb/v7e-m+dp/hard/libc_nano.a(lib_a-memcpy.o)
                              /usr/lib/gcc/arm-none-eabi/10.3.1/../../../arm-none-eabi/lib/thumb/v7e-m+dp/hard/libc_nano.a(lib_a-nano-svfprintf.o) (memcpy)
/usr/lib/gcc/arm-none-eabi/10.3.1/../../../arm-none-eabi/lib/thumb/v7e-m+dp/hard/libc_nano.a(lib_a-memmove.o)
                              /usr/lib/gcc/arm-none-eabi/10.3.1/../../../arm-none-eabi/lib/thumb/v7e-m+dp/hard/libc_nano.a(lib_a-nano-svfprintf.o) (memmove)
/usr/lib/gcc/arm-none-eabi/10.3.1/../../../arm-none-eabi/lib/thumb/v7e-m+dp/hard/libc_nano.a(lib_a-nano-freer.o)
                              /usr/lib/gcc/arm-none-eabi/10.3.1/../../../arm-none-eabi/lib/thumb/v7e-m+dp/hard/libc_nano.a(lib_a-nano-svfprintf.o) (_free_r)
/usr/lib/gcc/arm-none-eabi/10.3.1/../../../arm-none-eabi/lib/thumb/v7e-m+dp/hard/libc_nano.a(lib_a-nano-mallocr.o)
                              /usr/lib/gcc/arm-none-eabi/10.3.1/../../../arm-none-eabi/lib/thumb/v7e-m+dp/hard/libc_nano.a(lib_a-nano-svfprintf.o) (_malloc_r)
/usr/lib/gcc/arm-none-eabi/10.3.1/../../../arm-none-eabi/lib/thumb/v7e-m+dp/hard/libc_nano.a(lib_a-nano-reallocr.o)
                              /usr/lib/gcc/arm-none-eabi/10.3.1/../../../arm-none-eabi/lib/thumb/v7e-m+dp/hard/libc_nano.a(lib_a-nano-svfprintf.o) (_realloc_r)
/usr/lib/gcc/arm-none-eabi/10.3.1/../../../arm-none-eabi/lib/thumb/v7e-m+dp/hard/libc_nano.a(lib_a-sbrkr.o)
                              /usr/lib/gcc/arm-none-eabi/10.3.1/../../../arm-none-eabi/lib/thumb/v7e-m+dp/hard/libc_nano.a(lib_a-nano-mallocr.o) (_sbrk_r)
/usr/lib/gcc/arm-none-eabi/10.3.1/../../../arm-none-eabi/lib/thumb/v7e-m+dp/hard/libc_nano.a(lib_a-mlock.o)
[...]
Memory Configuration

Name             Origin             Length             Attributes
DTCMRAM          0x0000000020000000 0x0000000000020000 xrw
RAM_D1           0x0000000024000000 0x0000000000080000 xrw
RAM_D2           0x0000000030000000 0x0000000000048000 xrw
RAM_D3           0x0000000038000000 0x0000000000010000 xrw
ITCMRAM          0x0000000000000000 0x0000000000010000 xrw
FLASH            0x0000000008000000 0x0000000000200000 xr
*default*        0x0000000000000000 0xffffffffffffffff

Linker script and memory map

LOAD /usr/lib/gcc/arm-none-eabi/10.3.1/thumb/v7e-m+dp/hard/crti.o
LOAD /usr/lib/gcc/arm-none-eabi/10.3.1/thumb/v7e-m+dp/hard/crtbegin.o
LOAD /usr/lib/gcc/arm-none-eabi/10.3.1/../../../arm-none-eabi/lib/thumb/v7e-m+dp/hard/crt0.o
LOAD build/bootloader.o
LOAD build/main.o
LOAD build/gpio.o
LOAD build/tim.o
LOAD build/usart.o
LOAD build/stm32h7xx_it.o
LOAD build/stm32h7xx_hal_msp.o
LOAD build/stm32h7xx_hal_cortex.o
LOAD build/stm32h7xx_hal_tim.o
LOAD build/stm32h7xx_hal_tim_ex.o
LOAD build/stm32h7xx_hal_rcc.o
LOAD build/stm32h7xx_hal_rcc_ex.o
LOAD build/stm32h7xx_hal_flash.o
LOAD build/stm32h7xx_hal_flash_ex.o
LOAD build/stm32h7xx_hal_gpio.o
LOAD build/stm32h7xx_hal_hsem.o
LOAD build/stm32h7xx_hal_dma.o
LOAD build/stm32h7xx_hal_dma_ex.o
LOAD build/stm32h7xx_hal_mdma.o
LOAD build/stm32h7xx_hal_pwr.o
LOAD build/stm32h7xx_hal_pwr_ex.o
LOAD build/stm32h7xx_hal.o
LOAD build/stm32h7xx_hal_i2c.o
LOAD build/stm32h7xx_hal_i2c_ex.o
LOAD build/stm32h7xx_hal_exti.o
LOAD build/stm32h7xx_hal_uart.o
LOAD build/stm32h7xx_hal_uart_ex.o
LOAD build/system_stm32h7xx.o
LOAD build/startup_stm32h743xx.o
LOAD /usr/lib/gcc/arm-none-eabi/10.3.1/../../../arm-none-eabi/lib/thumb/v7e-m+dp/hard/libc_nano.a
LOAD /usr/lib/gcc/arm-none-eabi/10.3.1/../../../arm-none-eabi/lib/thumb/v7e-m+dp/hard/libm.a
LOAD /usr/lib/gcc/arm-none-eabi/10.3.1/../../../arm-none-eabi/lib/thumb/v7e-m+dp/hard/libnosys.a
START GROUP
LOAD /usr/lib/gcc/arm-none-eabi/10.3.1/thumb/v7e-m+dp/hard/libgcc.a
LOAD /usr/lib/gcc/arm-none-eabi/10.3.1/../../../arm-none-eabi/lib/thumb/v7e-m+dp/hard/libc_nano.a
END GROUP
START GROUP
LOAD /usr/lib/gcc/arm-none-eabi/10.3.1/thumb/v7e-m+dp/hard/libgcc.a
LOAD /usr/lib/gcc/arm-none-eabi/10.3.1/../../../arm-none-eabi/lib/thumb/v7e-m+dp/hard/libc_nano.a
END GROUP
LOAD /usr/lib/gcc/arm-none-eabi/10.3.1/thumb/v7e-m+dp/hard/crtend.o
LOAD /usr/lib/gcc/arm-none-eabi/10.3.1/thumb/v7e-m+dp/hard/crtn.o
                0x0000000020020000                _estack = (ORIGIN (DTCMRAM) + LENGTH (DTCMRAM))
                0x0000000000000200                _Min_Heap_Size = 0x200
                0x0000000000000400                _Min_Stack_Size = 0x400

.isr_vector     0x0000000008000000      0x298
                0x0000000008000000                . = ALIGN (0x4)
 *(.isr_vector)
 .isr_vector    0x0000000008000000      0x298 build/startup_stm32h743xx.o
                0x0000000008000000                g_pfnVectors
                0x0000000008000298                . = ALIGN (0x4)

.text           0x00000000080002c0     0x4610
                0x00000000080002c0                . = ALIGN (0x4)
 *(.text)
 .text          0x00000000080002c0       0x88 /usr/lib/gcc/arm-none-eabi/10.3.1/thumb/v7e-m+dp/hard/crtbegin.o
 .text          0x0000000008000348       0x48 /usr/lib/gcc/arm-none-eabi/10.3.1/../../../arm-none-eabi/lib/thumb/v7e-m+dp/hard/libc_nano.a(lib_a-init.o)
                0x0000000008000348                __libc_init_array
 .text          0x0000000008000390       0xa4 /usr/lib/gcc/arm-none-eabi/10.3.1/../../../arm-none-eabi/lib/thumb/v7e-m+dp/hard/libc_nano.a(lib_a-memset.o)
                0x0000000008000390                memset
 *fill*         0x0000000008000434        0xc 
 .text          0x0000000008000440       0xdc /usr/lib/gcc/arm-none-eabi/10.3.1/../../../arm-none-eabi/lib/thumb/v7e-m+dp/hard/libc_nano.a(lib_a-strlen.o)
                0x0000000008000440                strlen
 .text          0x000000000800051c       0x60 /usr/lib/gcc/arm-none-eabi/10.3.1/../../../arm-none-eabi/lib/thumb/v7e-m+dp/hard/libc_nano.a(lib_a-vsprintf.o)
                0x000000000800051c                vsprintf
                0x000000000800051c                vsiprintf
                0x0000000008000554                _vsiprintf_r
                0x0000000008000554                _vsprintf_r
 .text          0x000000000800057c      0x3f0 /usr/lib/gcc/arm-none-eabi/10.3.1/../../../arm-none-eabi/lib/thumb/v7e-m+dp/hard/libc_nano.a(lib_a-nano-svfprintf.o)
                0x000000000800057c                __ssputs_r
                0x0000000008000640                __ssprint_r
                0x0000000008000738                _svfprintf_r
                0x0000000008000738                _svfiprintf_r
 .text          0x000000000800096c      0x3dc /usr/lib/gcc/arm-none-eabi/10.3.1/../../../arm-none-eabi/lib/thumb/v7e-m+dp/hard/libc_nano.a(lib_a-nano-vfprintf_i.o)
                0x000000000800096c                _printf_common
                0x0000000008000a98                _printf_i
 *fill*         0x0000000008000d48        0x8 
 .text          0x0000000008000d50       0xa0 /usr/lib/gcc/arm-none-eabi/10.3.1/../../../arm-none-eabi/lib/thumb/v7e-m+dp/hard/libc_nano.a(lib_a-memchr.o)
                0x0000000008000d50                memchr
 .text          0x0000000008000df0      0x134 /usr/lib/gcc/arm-none-eabi/10.3.1/../../../arm-none-eabi/lib/thumb/v7e-m+dp/hard/libc_nano.a(lib_a-memcpy.o)
                0x0000000008000df0                memcpy
 .text          0x0000000008000f24       0xf8 /usr/lib/gcc/arm-none-eabi/10.3.1/../../../arm-none-eabi/lib/thumb/v7e-m+dp/hard/libc_nano.a(lib_a-memmove.o)
                0x0000000008000f24                memmove
 .text          0x000000000800101c       0xc4 /usr/lib/gcc/arm-none-eabi/10.3.1/../../../arm-none-eabi/lib/thumb/v7e-m+dp/hard/libc_nano.a(lib_a-nano-freer.o)
                0x000000000800101c                _free_r
 .text          0x00000000080010e0       0xb4 /usr/lib/gcc/arm-none-eabi/10.3.1/../../../arm-none-eabi/lib/thumb/v7e-m+dp/hard/libc_nano.a(lib_a-nano-mallocr.o)
                0x00000000080010e0                _malloc_r
 .text          0x0000000008001194       0x50 /usr/lib/gcc/arm-none-eabi/10.3.1/../../../arm-none-eabi/lib/thumb/v7e-m+dp/hard/libc_nano.a(lib_a-nano-reallocr.o)
                0x0000000008001194                _realloc_r
 .text          0x00000000080011e4       0x24 /usr/lib/gcc/arm-none-eabi/10.3.1/../../../arm-none-eabi/lib/thumb/v7e-m+dp/hard/libc_nano.a(lib_a-sbrkr.o)
                0x00000000080011e4                _sbrk_r
 .text          0x0000000008001208        0x8 /usr/lib/gcc/arm-none-eabi/10.3.1/../../../arm-none-eabi/lib/thumb/v7e-m+dp/hard/libc_nano.a(lib_a-mlock.o)
                0x0000000008001208                __malloc_lock
                0x000000000800120c                __malloc_unlock
 .text          0x0000000008001210       0x14 /usr/lib/gcc/arm-none-eabi/10.3.1/../../../arm-none-eabi/lib/thumb/v7e-m+dp/hard/libc_nano.a(lib_a-nano-msizer.o)
                0x0000000008001210                _malloc_usable_size_r
 .text          0x0000000008001224       0x1c /usr/lib/gcc/arm-none-eabi/10.3.1/../../../arm-none-eabi/lib/thumb/v7e-m+dp/hard/libnosys.a(sbrk.o)
                0x0000000008001224                _sbrk
 .text          0x0000000008001240       0x30 /usr/lib/gcc/arm-none-eabi/10.3.1/thumb/v7e-m+dp/hard/libgcc.a(_aeabi_uldivmod.o)
                0x0000000008001240                __aeabi_uldivmod
 .text          0x0000000008001270      0x2d0 /usr/lib/gcc/arm-none-eabi/10.3.1/thumb/v7e-m+dp/hard/libgcc.a(_udivmoddi4.o)
                0x0000000008001270                __udivmoddi4
 .text          0x0000000008001540        0x4 /usr/lib/gcc/arm-none-eabi/10.3.1/thumb/v7e-m+dp/hard/libgcc.a(_dvmd_tls.o)
                0x0000000008001540                __aeabi_ldiv0
                0x0000000008001540                __aeabi_idiv0
 *(.text*)
 .text.print    0x0000000008001544       0x58 build/bootloader.o
 .text.bootloader_main
                0x000000000800159c       0x58 build/bootloader.o
                0x000000000800159c                bootloader_main
 .text.SystemClock_Config
                0x00000000080015f4       0xa0 build/main.o
                0x00000000080015f4                SystemClock_Config
 .text.startup.main
                0x0000000008001694       0x28 build/main.o
                0x0000000008001694                main
 .text.Error_Handler
                0x00000000080016bc        0x4 build/main.o
                0x00000000080016bc                Error_Handler
 .text.MX_GPIO_Init
                0x00000000080016c0       0x24 build/gpio.o
                0x00000000080016c0                MX_GPIO_Init
 .text.time_gap_1ms_base
                0x00000000080016e4       0x18 build/tim.o
                0x00000000080016e4                time_gap_1ms_base
 .text.MX_TIM2_Init
                0x00000000080016fc       0x70 build/tim.o
                0x00000000080016fc                MX_TIM2_Init
 .text.HAL_TIM_Base_MspInit
                0x000000000800176c       0x30 build/tim.o
                0x000000000800176c                HAL_TIM_Base_MspInit
 .text.MX_USART1_UART_Init
                0x000000000800179c       0x88 build/usart.o
                0x000000000800179c                MX_USART1_UART_Init
 .text.HAL_UART_MspInit
                0x0000000008001824       0x98 build/usart.o
                0x0000000008001824                HAL_UART_MspInit
 .text.NMI_Handler
                0x00000000080018bc        0x4 build/stm32h7xx_it.o
                0x00000000080018bc                NMI_Handler
 .text.HardFault_Handler
                0x00000000080018c0        0x4 build/stm32h7xx_it.o
                0x00000000080018c0                HardFault_Handler
 .text.MemManage_Handler
                0x00000000080018c4        0x4 build/stm32h7xx_it.o
                0x00000000080018c4                MemManage_Handler
 .text.BusFault_Handler
                0x00000000080018c8        0x4 build/stm32h7xx_it.o
                0x00000000080018c8                BusFault_Handler
 .text.UsageFault_Handler
                0x00000000080018cc        0x4 build/stm32h7xx_it.o
                0x00000000080018cc                UsageFault_Handler
 .text.SVC_Handler
                0x00000000080018d0        0x4 build/stm32h7xx_it.o
                0x00000000080018d0                SVC_Handler
 .text.DebugMon_Handler
                0x00000000080018d4        0x4 build/stm32h7xx_it.o
                0x00000000080018d4                DebugMon_Handler
 .text.PendSV_Handler
                0x00000000080018d8        0x4 build/stm32h7xx_it.o
                0x00000000080018d8                PendSV_Handler
 .text.SysTick_Handler
                0x00000000080018dc        0x4 build/stm32h7xx_it.o
                0x00000000080018dc                SysTick_Handler
 .text.HAL_MspInit
                0x00000000080018e0       0x24 build/stm32h7xx_hal_msp.o
                0x00000000080018e0                HAL_MspInit
 .text.HAL_NVIC_SetPriorityGrouping
                0x0000000008001904       0x24 build/stm32h7xx_hal_cortex.o
                0x0000000008001904                HAL_NVIC_SetPriorityGrouping
 .text.HAL_NVIC_SetPriority
                0x0000000008001928       0x7c build/stm32h7xx_hal_cortex.o
                0x0000000008001928                HAL_NVIC_SetPriority
 .text.HAL_SYSTICK_Config
                0x00000000080019a4       0x2c build/stm32h7xx_hal_cortex.o
                0x00000000080019a4                HAL_SYSTICK_Config
 .text.HAL_TIM_Base_Start
                0x00000000080019d0       0xb0 build/stm32h7xx_hal_tim.o
                0x00000000080019d0                HAL_TIM_Base_Start
 .text.HAL_TIM_ConfigClockSource
                0x0000000008001a80      0x198 build/stm32h7xx_hal_tim.o
                0x0000000008001a80                HAL_TIM_ConfigClockSource
 .text.TIM_Base_SetConfig
                0x0000000008001c18      0x118 build/stm32h7xx_hal_tim.o
                0x0000000008001c18                TIM_Base_SetConfig
 .text.HAL_TIM_Base_Init
                0x0000000008001d30       0x64 build/stm32h7xx_hal_tim.o
                0x0000000008001d30                HAL_TIM_Base_Init
 .text.HAL_TIMEx_MasterConfigSynchronization
                0x0000000008001d94       0xb4 build/stm32h7xx_hal_tim_ex.o
                0x0000000008001d94                HAL_TIMEx_MasterConfigSynchronization
 .text.HAL_RCC_GetSysClockFreq.part.0
                0x0000000008001e48      0x130 build/stm32h7xx_hal_rcc.o
 .text.HAL_RCC_DeInit
                0x0000000008001f78      0x1a0 build/stm32h7xx_hal_rcc.o
                0x0000000008001f78                HAL_RCC_DeInit
 .text.HAL_RCC_OscConfig
                0x0000000008002118      0x5a8 build/stm32h7xx_hal_rcc.o
                0x0000000008002118                HAL_RCC_OscConfig
 .text.HAL_RCC_GetSysClockFreq
                0x00000000080026c0       0x44 build/stm32h7xx_hal_rcc.o
                0x00000000080026c0                HAL_RCC_GetSysClockFreq
 .text.HAL_RCC_ClockConfig
                0x0000000008002704      0x250 build/stm32h7xx_hal_rcc.o
                0x0000000008002704                HAL_RCC_ClockConfig
 .text.HAL_RCC_GetHCLKFreq
                0x0000000008002954       0x80 build/stm32h7xx_hal_rcc.o
                0x0000000008002954                HAL_RCC_GetHCLKFreq
 .text.HAL_RCC_GetPCLK1Freq
                0x00000000080029d4       0x24 build/stm32h7xx_hal_rcc.o
                0x00000000080029d4                HAL_RCC_GetPCLK1Freq
 .text.HAL_RCC_GetPCLK2Freq
                0x00000000080029f8       0x24 build/stm32h7xx_hal_rcc.o
                0x00000000080029f8                HAL_RCC_GetPCLK2Freq
 .text.RCCEx_PLL2_Config
                0x0000000008002a1c       0xf4 build/stm32h7xx_hal_rcc_ex.o
 .text.RCCEx_PLL3_Config
                0x0000000008002b10       0xf4 build/stm32h7xx_hal_rcc_ex.o
 .text.HAL_RCCEx_PeriphCLKConfig
                0x0000000008002c04      0xa90 build/stm32h7xx_hal_rcc_ex.o
                0x0000000008002c04                HAL_RCCEx_PeriphCLKConfig
 .text.HAL_RCCEx_GetD3PCLK1Freq
                0x0000000008003694       0x24 build/stm32h7xx_hal_rcc_ex.o
                0x0000000008003694                HAL_RCCEx_GetD3PCLK1Freq
 .text.HAL_RCCEx_GetPLL2ClockFreq
                0x00000000080036b8      0x17c build/stm32h7xx_hal_rcc_ex.o
                0x00000000080036b8                HAL_RCCEx_GetPLL2ClockFreq
 .text.HAL_RCCEx_GetPLL3ClockFreq
                0x0000000008003834      0x17c build/stm32h7xx_hal_rcc_ex.o
                0x0000000008003834                HAL_RCCEx_GetPLL3ClockFreq
 .text.HAL_GPIO_Init
                0x00000000080039b0      0x274 build/stm32h7xx_hal_gpio.o
                0x00000000080039b0                HAL_GPIO_Init
 .text.HAL_PWREx_ConfigSupply
                0x0000000008003c24       0x48 build/stm32h7xx_hal_pwr_ex.o
                0x0000000008003c24                HAL_PWREx_ConfigSupply
 .text.HAL_MspDeInit
                0x0000000008003c6c        0x4 build/stm32h7xx_hal.o
                0x0000000008003c6c                HAL_MspDeInit
 .text.HAL_DeInit
                0x0000000008003c70       0x84 build/stm32h7xx_hal.o
                0x0000000008003c70                HAL_DeInit
 .text.HAL_InitTick
                0x0000000008003cf4       0x4c build/stm32h7xx_hal.o
                0x0000000008003cf4                HAL_InitTick
 .text.HAL_Init
                0x0000000008003d40       0x60 build/stm32h7xx_hal.o
                0x0000000008003d40                HAL_Init
 .text.HAL_IncTick
                0x0000000008003da0       0x18 build/stm32h7xx_hal.o
                0x0000000008003da0                HAL_IncTick
 .text.HAL_GetTick
                0x0000000008003db8        0xc build/stm32h7xx_hal.o
                0x0000000008003db8                HAL_GetTick
 .text.HAL_GetREVID
                0x0000000008003dc4        0xc build/stm32h7xx_hal.o
                0x0000000008003dc4                HAL_GetREVID
 .text.HAL_UART_GetState
                0x0000000008003dd0        0xc build/stm32h7xx_hal_uart.o
                0x0000000008003dd0                HAL_UART_GetState
 .text.UART_SetConfig
                0x0000000008003ddc      0x540 build/stm32h7xx_hal_uart.o
                0x0000000008003ddc                UART_SetConfig
 .text.UART_AdvFeatureConfig
                0x000000000800431c       0xb0 build/stm32h7xx_hal_uart.o
                0x000000000800431c                UART_AdvFeatureConfig
 .text.UART_WaitOnFlagUntilTimeout
                0x00000000080043cc       0xdc build/stm32h7xx_hal_uart.o
                0x00000000080043cc                UART_WaitOnFlagUntilTimeout
 .text.HAL_UART_Transmit
                0x00000000080044a8       0xe4 build/stm32h7xx_hal_uart.o
                0x00000000080044a8                HAL_UART_Transmit
 .text.UART_CheckIdleState
                0x000000000800458c       0x74 build/stm32h7xx_hal_uart.o
                0x000000000800458c                UART_CheckIdleState
 .text.HAL_UART_Init
                0x0000000008004600       0x68 build/stm32h7xx_hal_uart.o
                0x0000000008004600                HAL_UART_Init
 .text.UARTEx_SetNbDataToProcess.part.0
                0x0000000008004668       0x44 build/stm32h7xx_hal_uart_ex.o
 .text.HAL_UARTEx_DisableFifoMode
                0x00000000080046ac       0x3c build/stm32h7xx_hal_uart_ex.o
                0x00000000080046ac                HAL_UARTEx_DisableFifoMode
 .text.HAL_UARTEx_SetTxFifoThreshold
                0x00000000080046e8       0x58 build/stm32h7xx_hal_uart_ex.o
                0x00000000080046e8                HAL_UARTEx_SetTxFifoThreshold
 .text.HAL_UARTEx_SetRxFifoThreshold
                0x0000000008004740       0x58 build/stm32h7xx_hal_uart_ex.o
                0x0000000008004740                HAL_UARTEx_SetRxFifoThreshold
 .text.SystemInit
                0x0000000008004798       0xcc build/system_stm32h7xx.o
                0x0000000008004798                SystemInit
 .text.Reset_Handler
                0x0000000008004864       0x50 build/startup_stm32h743xx.o
                0x0000000008004864                Reset_Handler
 .text.Default_Handler
                0x00000000080048b4        0x2 build/startup_stm32h743xx.o
                0x00000000080048b4                RTC_Alarm_IRQHandler
                0x00000000080048b4                EXTI2_IRQHandler
                0x00000000080048b4                TIM8_CC_IRQHandler
                0x00000000080048b4                HRTIM1_Master_IRQHandler
                0x00000000080048b4                UART8_IRQHandler
                0x00000000080048b4                SPI4_IRQHandler
                0x00000000080048b4                TIM1_CC_IRQHandler
                0x00000000080048b4                BDMA_Channel6_IRQHandler
                0x00000000080048b4                DMA2_Stream5_IRQHandler
                0x00000000080048b4                HRTIM1_FLT_IRQHandler
                0x00000000080048b4                JPEG_IRQHandler
                0x00000000080048b4                DMA1_Stream5_IRQHandler
                0x00000000080048b4                BDMA_Channel1_IRQHandler
                0x00000000080048b4                HRTIM1_TIMD_IRQHandler
                0x00000000080048b4                TAMP_STAMP_IRQHandler
                0x00000000080048b4                EXTI3_IRQHandler
                0x00000000080048b4                LPTIM4_IRQHandler
                0x00000000080048b4                TIM8_TRG_COM_TIM14_IRQHandler
                0x00000000080048b4                LPTIM2_IRQHandler
                0x00000000080048b4                DFSDM1_FLT1_IRQHandler
                0x00000000080048b4                DMAMUX2_OVR_IRQHandler
                0x00000000080048b4                TIM8_UP_TIM13_IRQHandler
                0x00000000080048b4                I2C3_ER_IRQHandler
                0x00000000080048b4                DFSDM1_FLT2_IRQHandler
                0x00000000080048b4                MDMA_IRQHandler
                0x00000000080048b4                LPTIM3_IRQHandler
                0x00000000080048b4                HSEM1_IRQHandler
                0x00000000080048b4                EXTI0_IRQHandler
                0x00000000080048b4                I2C2_EV_IRQHandler
                0x00000000080048b4                DMA1_Stream2_IRQHandler
                0x00000000080048b4                FPU_IRQHandler
                0x00000000080048b4                OTG_HS_WKUP_IRQHandler
                0x00000000080048b4                FDCAN1_IT1_IRQHandler
                0x00000000080048b4                LTDC_ER_IRQHandler
                0x00000000080048b4                DMA2_Stream2_IRQHandler
                0x00000000080048b4                HRTIM1_TIME_IRQHandler
                0x00000000080048b4                SPI1_IRQHandler
                0x00000000080048b4                TIM6_DAC_IRQHandler
                0x00000000080048b4                DCMI_IRQHandler
                0x00000000080048b4                HRTIM1_TIMC_IRQHandler
                0x00000000080048b4                DMA2_Stream3_IRQHandler
                0x00000000080048b4                SAI2_IRQHandler
                0x00000000080048b4                DFSDM1_FLT3_IRQHandler
                0x00000000080048b4                USART6_IRQHandler
                0x00000000080048b4                TIM17_IRQHandler
                0x00000000080048b4                USART3_IRQHandler
                0x00000000080048b4                BDMA_Channel7_IRQHandler
                0x00000000080048b4                LPTIM5_IRQHandler
                0x00000000080048b4                UART5_IRQHandler
                0x00000000080048b4                ADC3_IRQHandler
                0x00000000080048b4                DMA2_Stream0_IRQHandler
                0x00000000080048b4                TIM4_IRQHandler
                0x00000000080048b4                BDMA_Channel2_IRQHandler
                0x00000000080048b4                QUADSPI_IRQHandler
                0x00000000080048b4                I2C1_EV_IRQHandler
                0x00000000080048b4                DMA1_Stream6_IRQHandler
                0x00000000080048b4                DMAMUX1_OVR_IRQHandler
                0x00000000080048b4                DMA1_Stream1_IRQHandler
                0x00000000080048b4                TIM16_IRQHandler
                0x00000000080048b4                UART4_IRQHandler
                0x00000000080048b4                BDMA_Channel5_IRQHandler
                0x00000000080048b4                TIM3_IRQHandler
                0x00000000080048b4                RCC_IRQHandler
                0x00000000080048b4                TIM8_BRK_TIM12_IRQHandler
                0x00000000080048b4                TIM1_TRG_COM_IRQHandler
                0x00000000080048b4                Default_Handler
                0x00000000080048b4                ECC_IRQHandler
                0x00000000080048b4                CEC_IRQHandler
                0x00000000080048b4                EXTI15_10_IRQHandler
                0x00000000080048b4                BDMA_Channel0_IRQHandler
                0x00000000080048b4                ADC_IRQHandler
                0x00000000080048b4                DMA1_Stream7_IRQHandler
                0x00000000080048b4                HRTIM1_TIMA_IRQHandler
                0x00000000080048b4                SPI5_IRQHandler
                0x00000000080048b4                TIM7_IRQHandler
                0x00000000080048b4                SDMMC1_IRQHandler
                0x00000000080048b4                TIM5_IRQHandler
                0x00000000080048b4                DMA2_Stream7_IRQHandler
                0x00000000080048b4                TIM15_IRQHandler
                0x00000000080048b4                PVD_AVD_IRQHandler
                0x00000000080048b4                I2C3_EV_IRQHandler
                0x00000000080048b4                EXTI9_5_IRQHandler
                0x00000000080048b4                RTC_WKUP_IRQHandler
                0x00000000080048b4                LTDC_IRQHandler
                0x00000000080048b4                SAI3_IRQHandler
                0x00000000080048b4                ETH_WKUP_IRQHandler
                0x00000000080048b4                SPDIF_RX_IRQHandler
                0x00000000080048b4                SPI2_IRQHandler
                0x00000000080048b4                OTG_HS_EP1_IN_IRQHandler
                0x00000000080048b4                DMA1_Stream0_IRQHandler
                0x00000000080048b4                CRS_IRQHandler
                0x00000000080048b4                EXTI4_IRQHandler
                0x00000000080048b4                RNG_IRQHandler
                0x00000000080048b4                HRTIM1_TIMB_IRQHandler
                0x00000000080048b4                FDCAN2_IT1_IRQHandler
                0x00000000080048b4                ETH_IRQHandler
                0x00000000080048b4                TIM1_UP_IRQHandler
                0x00000000080048b4                BDMA_Channel4_IRQHandler
                0x00000000080048b4                OTG_HS_EP1_OUT_IRQHandler
                0x00000000080048b4                WWDG_IRQHandler
                0x00000000080048b4                SPI6_IRQHandler
                0x00000000080048b4                MDIOS_IRQHandler
                0x00000000080048b4                I2C4_EV_IRQHandler
                0x00000000080048b4                FDCAN2_IT0_IRQHandler
                0x00000000080048b4                LPUART1_IRQHandler
                0x00000000080048b4                FDCAN1_IT0_IRQHandler
                0x00000000080048b4                TIM2_IRQHandler
                0x00000000080048b4                OTG_FS_WKUP_IRQHandler
                0x00000000080048b4                OTG_HS_IRQHandler
                0x00000000080048b4                DMA2D_IRQHandler
                0x00000000080048b4                TIM1_BRK_IRQHandler
                0x00000000080048b4                EXTI1_IRQHandler
                0x00000000080048b4                SDMMC2_IRQHandler
                0x00000000080048b4                OTG_FS_EP1_OUT_IRQHandler
                0x00000000080048b4                BDMA_Channel3_IRQHandler
                0x00000000080048b4                UART7_IRQHandler
                0x00000000080048b4                MDIOS_WKUP_IRQHandler
                0x00000000080048b4                USART2_IRQHandler
                0x00000000080048b4                DFSDM1_FLT0_IRQHandler
                0x00000000080048b4                SAI4_IRQHandler
                0x00000000080048b4                I2C2_ER_IRQHandler
                0x00000000080048b4                DMA2_Stream1_IRQHandler
                0x00000000080048b4                FLASH_IRQHandler
                0x00000000080048b4                DMA2_Stream4_IRQHandler
                0x00000000080048b4                USART1_IRQHandler
                0x00000000080048b4                OTG_FS_IRQHandler
                0x00000000080048b4                SPI3_IRQHandler
                0x00000000080048b4                WAKEUP_PIN_IRQHandler
                0x00000000080048b4                DMA1_Stream4_IRQHandler
                0x00000000080048b4                OTG_FS_EP1_IN_IRQHandler
                0x00000000080048b4                I2C1_ER_IRQHandler
                0x00000000080048b4                FMC_IRQHandler
                0x00000000080048b4                FDCAN_CAL_IRQHandler
                0x00000000080048b4                SWPMI1_IRQHandler
                0x00000000080048b4                COMP1_IRQHandler
                0x00000000080048b4                LPTIM1_IRQHandler
                0x00000000080048b4                I2C4_ER_IRQHandler
                0x00000000080048b4                DMA2_Stream6_IRQHandler
                0x00000000080048b4                SAI1_IRQHandler
                0x00000000080048b4                DMA1_Stream3_IRQHandler
 *(.glue_7)
 .glue_7        0x00000000080048b6        0x0 linker stubs
 *(.glue_7t)
 .glue_7t       0x00000000080048b6        0x0 linker stubs
 *(.eh_frame)
 *fill*         0x00000000080048b6        0x2 
 .eh_frame      0x00000000080048b8        0x0 /usr/lib/gcc/arm-none-eabi/10.3.1/thumb/v7e-m+dp/hard/crtbegin.o
 *(.init)
 .init          0x00000000080048b8        0x4 /usr/lib/gcc/arm-none-eabi/10.3.1/thumb/v7e-m+dp/hard/crti.o
                0x00000000080048b8                _init
 .init          0x00000000080048bc        0x8 /usr/lib/gcc/arm-none-eabi/10.3.1/thumb/v7e-m+dp/hard/crtn.o
 *(.fini)
 .fini          0x00000000080048c4        0x4 /usr/lib/gcc/arm-none-eabi/10.3.1/thumb/v7e-m+dp/hard/crti.o
                0x00000000080048c4                _fini
 .fini          0x00000000080048c8        0x8 /usr/lib/gcc/arm-none-eabi/10.3.1/thumb/v7e-m+dp/hard/crtn.o
                0x00000000080048d0                . = ALIGN (0x4)
                0x00000000080048d0                _etext = .

.vfp11_veneer   0x00000000080048d0        0x0
 .vfp11_veneer  0x00000000080048d0        0x0 linker stubs

.v4_bx          0x00000000080048d0        0x0
 .v4_bx         0x00000000080048d0        0x0 linker stubs

.iplt           0x00000000080048d0        0x0
 .iplt          0x00000000080048d0        0x0 /usr/lib/gcc/arm-none-eabi/10.3.1/thumb/v7e-m+dp/hard/crtbegin.o

.rodata         0x00000000080048d0       0xcc
                0x00000000080048d0                . = ALIGN (0x4)
 *(.rodata)
 *(.rodata*)
 .rodata.bootloader_main.str1.4
                0x00000000080048d0       0x1c build/bootloader.o
 .rodata.CSWTCH.61
                0x00000000080048ec       0x29 build/stm32h7xx_hal_uart.o
 *fill*         0x0000000008004915        0x3 
 .rodata.CSWTCH.62
                0x0000000008004918        0x6 build/stm32h7xx_hal_uart.o
 *fill*         0x000000000800491e        0x2 
 .rodata.CSWTCH.69
                0x0000000008004920        0x6 build/stm32h7xx_hal_uart.o
 *fill*         0x0000000008004926        0x2 
 .rodata.UARTPrescTable
                0x0000000008004928       0x18 build/stm32h7xx_hal_uart.o
                0x0000000008004928                UARTPrescTable
 .rodata.denominator.0
                0x0000000008004940        0x8 build/stm32h7xx_hal_uart_ex.o
 .rodata.numerator.1
                0x0000000008004948        0x8 build/stm32h7xx_hal_uart_ex.o
 .rodata.D1CorePrescTable
                0x0000000008004950       0x10 build/system_stm32h7xx.o
                0x0000000008004950                D1CorePrescTable
 .rodata.str1.4
                0x0000000008004960       0x13 /usr/lib/gcc/arm-none-eabi/10.3.1/../../../arm-none-eabi/lib/thumb/v7e-m+dp/hard/libc_nano.a(lib_a-nano-svfprintf.o)
 *fill*         0x0000000008004973        0x1 
 .rodata.str1.4
                0x0000000008004974       0x25 /usr/lib/gcc/arm-none-eabi/10.3.1/../../../arm-none-eabi/lib/thumb/v7e-m+dp/hard/libc_nano.a(lib_a-nano-vfprintf_i.o)
                0x000000000800499c                . = ALIGN (0x4)
 *fill*         0x0000000008004999        0x3 

.ARM.extab
 *(.ARM.extab* .gnu.linkonce.armextab.*)

.ARM            0x000000000800499c        0x8
                0x000000000800499c                __exidx_start = .
 *(.ARM.exidx*)
 .ARM.exidx     0x000000000800499c        0x8 /usr/lib/gcc/arm-none-eabi/10.3.1/thumb/v7e-m+dp/hard/libgcc.a(_udivmoddi4.o)
                0x00000000080049a4                __exidx_end = .

.rel.dyn        0x00000000080049a4        0x0
 .rel.iplt      0x00000000080049a4        0x0 /usr/lib/gcc/arm-none-eabi/10.3.1/thumb/v7e-m+dp/hard/crtbegin.o

.preinit_array  0x00000000080049a4        0x0
                0x00000000080049a4                PROVIDE (__preinit_array_start = .)
 *(.preinit_array*)
                0x00000000080049a4                PROVIDE (__preinit_array_end = .)

.init_array     0x00000000080049a4        0x4
                0x00000000080049a4                PROVIDE (__init_array_start = .)
 *(SORT_BY_NAME(.init_array.*))
 *(.init_array*)
 .init_array    0x00000000080049a4        0x4 /usr/lib/gcc/arm-none-eabi/10.3.1/thumb/v7e-m+dp/hard/crtbegin.o
                0x00000000080049a8                PROVIDE (__init_array_end = .)

.fini_array     0x00000000080049a8        0x4
                0x00000000080049a8                PROVIDE (__fini_array_start = .)
 *(SORT_BY_NAME(.fini_array.*))
 *(.fini_array*)
 .fini_array    0x00000000080049a8        0x4 /usr/lib/gcc/arm-none-eabi/10.3.1/thumb/v7e-m+dp/hard/crtbegin.o
                0x00000000080049ac                PROVIDE (__fini_array_end = .)
                0x00000000080049ac                _sidata = LOADADDR (.data)

.data           0x0000000020000000       0x74 load address 0x00000000080049ac
                0x0000000020000000                . = ALIGN (0x4)
                0x0000000020000000                _sdata = .
 *(.data)
 .data          0x0000000020000000       0x64 /usr/lib/gcc/arm-none-eabi/10.3.1/../../../arm-none-eabi/lib/thumb/v7e-m+dp/hard/libc_nano.a(lib_a-impure.o)
                0x0000000020000000                _impure_ptr
 *(.data*)
 .data.uwTickFreq
                0x0000000020000064        0x1 build/stm32h7xx_hal.o
                0x0000000020000064                uwTickFreq
 *fill*         0x0000000020000065        0x3 
 .data.uwTickPrio
                0x0000000020000068        0x4 build/stm32h7xx_hal.o
                0x0000000020000068                uwTickPrio
 .data.SystemCoreClock
                0x000000002000006c        0x4 build/system_stm32h7xx.o
                0x000000002000006c                SystemCoreClock
 .data.SystemD2Clock
                0x0000000020000070        0x4 build/system_stm32h7xx.o
                0x0000000020000070                SystemD2Clock
                0x0000000020000074                . = ALIGN (0x4)
                0x0000000020000074                _edata = .

.tm_clone_table
                0x0000000020000074        0x0 load address 0x0000000008004a20
 .tm_clone_table
                0x0000000020000074        0x0 /usr/lib/gcc/arm-none-eabi/10.3.1/thumb/v7e-m+dp/hard/crtbegin.o
 .tm_clone_table
                0x0000000020000074        0x0 /usr/lib/gcc/arm-none-eabi/10.3.1/thumb/v7e-m+dp/hard/crtend.o

.igot.plt       0x0000000020000074        0x0 load address 0x0000000008004a20
 .igot.plt      0x0000000020000074        0x0 /usr/lib/gcc/arm-none-eabi/10.3.1/thumb/v7e-m+dp/hard/crtbegin.o
                0x0000000020000074                . = ALIGN (0x4)

.bss            0x0000000020000074      0x10c load address 0x0000000008004a20
                0x0000000020000074                _sbss = .
                0x0000000020000074                __bss_start__ = _sbss
 *(.bss)
 .bss           0x0000000020000074       0x1c /usr/lib/gcc/arm-none-eabi/10.3.1/thumb/v7e-m+dp/hard/crtbegin.o
 .bss           0x0000000020000090        0x8 /usr/lib/gcc/arm-none-eabi/10.3.1/../../../arm-none-eabi/lib/thumb/v7e-m+dp/hard/libc_nano.a(lib_a-nano-mallocr.o)
                0x0000000020000090                __malloc_free_list
                0x0000000020000094                __malloc_sbrk_start
 .bss           0x0000000020000098        0x4 /usr/lib/gcc/arm-none-eabi/10.3.1/../../../arm-none-eabi/lib/thumb/v7e-m+dp/hard/libc_nano.a(lib_a-reent.o)
                0x0000000020000098                errno
 .bss           0x000000002000009c        0x4 /usr/lib/gcc/arm-none-eabi/10.3.1/../../../arm-none-eabi/lib/thumb/v7e-m+dp/hard/libnosys.a(sbrk.o)
 *(.bss*)
 .bss.htim2     0x00000000200000a0       0x4c build/tim.o
                0x00000000200000a0                htim2
 .bss.huart1    0x00000000200000ec       0x90 build/usart.o
                0x00000000200000ec                huart1
 .bss.uwTick    0x000000002000017c        0x4 build/stm32h7xx_hal.o
                0x000000002000017c                uwTick
 *(COMMON)
                0x0000000020000180                . = ALIGN (0x4)
                0x0000000020000180                _ebss = .
                0x0000000020000180                __bss_end__ = _ebss

._user_heap_stack
                0x0000000020000180      0x600 load address 0x0000000008004a20
                0x0000000020000180                . = ALIGN (0x8)
                0x0000000020000180                PROVIDE (end = .)
                [!provide]                        PROVIDE (_end = .)
                0x0000000020000380                . = (. + _Min_Heap_Size)
 *fill*         0x0000000020000180      0x200 
                0x0000000020000780                . = (. + _Min_Stack_Size)
 *fill*         0x0000000020000380      0x400 
                0x0000000020000780                . = ALIGN (0x8)

/DISCARD/
 libc.a(*)
 libm.a(*)
 libgcc.a(*)

.ARM.attributes
                0x0000000000000000       0x2e
 *(.ARM.attributes)
 .ARM.attributes
                0x0000000000000000       0x1e /usr/lib/gcc/arm-none-eabi/10.3.1/thumb/v7e-m+dp/hard/crti.o
 .ARM.attributes
                0x000000000000001e       0x32 /usr/lib/gcc/arm-none-eabi/10.3.1/thumb/v7e-m+dp/hard/crtbegin.o
 .ARM.attributes
                0x0000000000000050       0x32 build/bootloader.o
 .ARM.attributes
                0x0000000000000082       0x32 build/main.o
 .ARM.attributes
                0x00000000000000b4       0x32 build/gpio.o
 .ARM.attributes
                0x00000000000000e6       0x32 build/tim.o
 .ARM.attributes
                0x0000000000000118       0x32 build/usart.o
 .ARM.attributes
                0x000000000000014a       0x32 build/stm32h7xx_it.o
 .ARM.attributes
                0x000000000000017c       0x32 build/stm32h7xx_hal_msp.o
 .ARM.attributes
                0x00000000000001ae       0x32 build/stm32h7xx_hal_cortex.o
 .ARM.attributes
                0x00000000000001e0       0x32 build/stm32h7xx_hal_tim.o
 .ARM.attributes
                0x0000000000000212       0x32 build/stm32h7xx_hal_tim_ex.o
 .ARM.attributes
                0x0000000000000244       0x32 build/stm32h7xx_hal_rcc.o
 .ARM.attributes
                0x0000000000000276       0x32 build/stm32h7xx_hal_rcc_ex.o
 .ARM.attributes
                0x00000000000002a8       0x32 build/stm32h7xx_hal_gpio.o
 .ARM.attributes
                0x00000000000002da       0x32 build/stm32h7xx_hal_pwr_ex.o
 .ARM.attributes
                0x000000000000030c       0x32 build/stm32h7xx_hal.o
 .ARM.attributes
                0x000000000000033e       0x32 build/stm32h7xx_hal_uart.o
 .ARM.attributes
                0x0000000000000370       0x32 build/stm32h7xx_hal_uart_ex.o
 .ARM.attributes
                0x00000000000003a2       0x32 build/system_stm32h7xx.o
 .ARM.attributes
                0x00000000000003d4       0x21 build/startup_stm32h743xx.o
 .ARM.attributes
                0x00000000000003f5       0x30 /usr/lib/gcc/arm-none-eabi/10.3.1/../../../arm-none-eabi/lib/thumb/v7e-m+dp/hard/libc_nano.a(lib_a-impure.o)
 .ARM.attributes
                0x0000000000000425       0x32 /usr/lib/gcc/arm-none-eabi/10.3.1/../../../arm-none-eabi/lib/thumb/v7e-m+dp/hard/libc_nano.a(lib_a-init.o)
 .ARM.attributes
                0x0000000000000457       0x32 /usr/lib/gcc/arm-none-eabi/10.3.1/../../../arm-none-eabi/lib/thumb/v7e-m+dp/hard/libc_nano.a(lib_a-memset.o)
 .ARM.attributes
                0x0000000000000489       0x1c /usr/lib/gcc/arm-none-eabi/10.3.1/../../../arm-none-eabi/lib/thumb/v7e-m+dp/hard/libc_nano.a(lib_a-strlen.o)
 .ARM.attributes
                0x00000000000004a5       0x32 /usr/lib/gcc/arm-none-eabi/10.3.1/../../../arm-none-eabi/lib/thumb/v7e-m+dp/hard/libc_nano.a(lib_a-vsprintf.o)
 .ARM.attributes
                0x00000000000004d7       0x32 /usr/lib/gcc/arm-none-eabi/10.3.1/../../../arm-none-eabi/lib/thumb/v7e-m+dp/hard/libc_nano.a(lib_a-nano-svfprintf.o)
 .ARM.attributes
                0x0000000000000509       0x32 /usr/lib/gcc/arm-none-eabi/10.3.1/../../../arm-none-eabi/lib/thumb/v7e-m+dp/hard/libc_nano.a(lib_a-nano-vfprintf_i.o)
 .ARM.attributes
                0x000000000000053b       0x1c /usr/lib/gcc/arm-none-eabi/10.3.1/../../../arm-none-eabi/lib/thumb/v7e-m+dp/hard/libc_nano.a(lib_a-memchr.o)
 .ARM.attributes
                0x0000000000000557       0x1c /usr/lib/gcc/arm-none-eabi/10.3.1/../../../arm-none-eabi/lib/thumb/v7e-m+dp/hard/libc_nano.a(lib_a-memcpy.o)
 .ARM.attributes
                0x0000000000000573       0x32 /usr/lib/gcc/arm-none-eabi/10.3.1/../../../arm-none-eabi/lib/thumb/v7e-m+dp/hard/libc_nano.a(lib_a-memmove.o)
 .ARM.attributes
                0x00000000000005a5       0x32 /usr/lib/gcc/arm-none-eabi/10.3.1/../../../arm-none-eabi/lib/thumb/v7e-m+dp/hard/libc_nano.a(lib_a-nano-freer.o)
 .ARM.attributes
                0x00000000000005d7       0x32 /usr/lib/gcc/arm-none-eabi/10.3.1/../../../arm-none-eabi/lib/thumb/v7e-m+dp/hard/libc_nano.a(lib_a-nano-mallocr.o)
 .ARM.attributes
                0x0000000000000609       0x32 /usr/lib/gcc/arm-none-eabi/10.3.1/../../../arm-none-eabi/lib/thumb/v7e-m+dp/hard/libc_nano.a(lib_a-nano-reallocr.o)
 .ARM.attributes
                0x000000000000063b       0x32 /usr/lib/gcc/arm-none-eabi/10.3.1/../../../arm-none-eabi/lib/thumb/v7e-m+dp/hard/libc_nano.a(lib_a-sbrkr.o)
 .ARM.attributes
                0x000000000000066d       0x32 /usr/lib/gcc/arm-none-eabi/10.3.1/../../../arm-none-eabi/lib/thumb/v7e-m+dp/hard/libc_nano.a(lib_a-mlock.o)
 .ARM.attributes
                0x000000000000069f       0x32 /usr/lib/gcc/arm-none-eabi/10.3.1/../../../arm-none-eabi/lib/thumb/v7e-m+dp/hard/libc_nano.a(lib_a-nano-msizer.o)
 .ARM.attributes
                0x00000000000006d1       0x32 /usr/lib/gcc/arm-none-eabi/10.3.1/../../../arm-none-eabi/lib/thumb/v7e-m+dp/hard/libc_nano.a(lib_a-reent.o)
 .ARM.attributes
                0x0000000000000703       0x32 /usr/lib/gcc/arm-none-eabi/10.3.1/../../../arm-none-eabi/lib/thumb/v7e-m+dp/hard/libnosys.a(sbrk.o)
 .ARM.attributes
                0x0000000000000735       0x1e /usr/lib/gcc/arm-none-eabi/10.3.1/thumb/v7e-m+dp/hard/libgcc.a(_aeabi_uldivmod.o)
 .ARM.attributes
                0x0000000000000753       0x32 /usr/lib/gcc/arm-none-eabi/10.3.1/thumb/v7e-m+dp/hard/libgcc.a(_udivmoddi4.o)
 .ARM.attributes
                0x0000000000000785       0x1e /usr/lib/gcc/arm-none-eabi/10.3.1/thumb/v7e-m+dp/hard/libgcc.a(_dvmd_tls.o)
 .ARM.attributes
                0x00000000000007a3       0x30 /usr/lib/gcc/arm-none-eabi/10.3.1/thumb/v7e-m+dp/hard/crtend.o
 .ARM.attributes
                0x00000000000007d3       0x1e /usr/lib/gcc/arm-none-eabi/10.3.1/thumb/v7e-m+dp/hard/crtn.o
OUTPUT(build/bootloader_app.elf elf32-littlearm)
LOAD linker stubs
LOAD /usr/lib/gcc/arm-none-eabi/10.3.1/../../../arm-none-eabi/lib/thumb/v7e-m+dp/hard/libc.a
LOAD /usr/lib/gcc/arm-none-eabi/10.3.1/../../../arm-none-eabi/lib/thumb/v7e-m+dp/hard/libm.a
LOAD /usr/lib/gcc/arm-none-eabi/10.3.1/thumb/v7e-m+dp/hard/libgcc.a

.comment        0x0000000000000000       0x33
 .comment       0x0000000000000000       0x33 /usr/lib/gcc/arm-none-eabi/10.3.1/thumb/v7e-m+dp/hard/crtbegin.o
                                         0x34 (size before relaxing)
 .comment       0x0000000000000033       0x34 build/bootloader.o
 .comment       0x0000000000000033       0x34 build/main.o
 .comment       0x0000000000000033       0x34 build/gpio.o
 .comment       0x0000000000000033       0x34 build/tim.o
 .comment       0x0000000000000033       0x34 build/usart.o
 .comment       0x0000000000000033       0x34 build/stm32h7xx_it.o
 .comment       0x0000000000000033       0x34 build/stm32h7xx_hal_msp.o
 .comment       0x0000000000000033       0x34 build/stm32h7xx_hal_cortex.o
 .comment       0x0000000000000033       0x34 build/stm32h7xx_hal_tim.o
 .comment       0x0000000000000033       0x34 build/stm32h7xx_hal_tim_ex.o
 .comment       0x0000000000000033       0x34 build/stm32h7xx_hal_rcc.o
 .comment       0x0000000000000033       0x34 build/stm32h7xx_hal_rcc_ex.o
 .comment       0x0000000000000033       0x34 build/stm32h7xx_hal_gpio.o
 .comment       0x0000000000000033       0x34 build/stm32h7xx_hal_pwr_ex.o
 .comment       0x0000000000000033       0x34 build/stm32h7xx_hal.o
 .comment       0x0000000000000033       0x34 build/stm32h7xx_hal_uart.o
 .comment       0x0000000000000033       0x34 build/stm32h7xx_hal_uart_ex.o
 .comment       0x0000000000000033       0x34 build/system_stm32h7xx.o
 .comment       0x0000000000000033       0x34 /usr/lib/gcc/arm-none-eabi/10.3.1/../../../arm-none-eabi/lib/thumb/v7e-m+dp/hard/libc_nano.a(lib_a-impure.o)
 .comment       0x0000000000000033       0x34 /usr/lib/gcc/arm-none-eabi/10.3.1/../../../arm-none-eabi/lib/thumb/v7e-m+dp/hard/libc_nano.a(lib_a-init.o)
 .comment       0x0000000000000033       0x34 /usr/lib/gcc/arm-none-eabi/10.3.1/../../../arm-none-eabi/lib/thumb/v7e-m+dp/hard/libc_nano.a(lib_a-memset.o)
 .comment       0x0000000000000033       0x34 /usr/lib/gcc/arm-none-eabi/10.3.1/../../../arm-none-eabi/lib/thumb/v7e-m+dp/hard/libc_nano.a(lib_a-vsprintf.o)
 .comment       0x0000000000000033       0x34 /usr/lib/gcc/arm-none-eabi/10.3.1/../../../arm-none-eabi/lib/thumb/v7e-m+dp/hard/libc_nano.a(lib_a-nano-svfprintf.o)
 .comment       0x0000000000000033       0x34 /usr/lib/gcc/arm-none-eabi/10.3.1/../../../arm-none-eabi/lib/thumb/v7e-m+dp/hard/libc_nano.a(lib_a-nano-vfprintf_i.o)
 .comment       0x0000000000000033       0x34 /usr/lib/gcc/arm-none-eabi/10.3.1/../../../arm-none-eabi/lib/thumb/v7e-m+dp/hard/libc_nano.a(lib_a-memmove.o)
 .comment       0x0000000000000033       0x34 /usr/lib/gcc/arm-none-eabi/10.3.1/../../../arm-none-eabi/lib/thumb/v7e-m+dp/hard/libc_nano.a(lib_a-nano-freer.o)
 .comment       0x0000000000000033       0x34 /usr/lib/gcc/arm-none-eabi/10.3.1/../../../arm-none-eabi/lib/thumb/v7e-m+dp/hard/libc_nano.a(lib_a-nano-mallocr.o)
 .comment       0x0000000000000033       0x34 /usr/lib/gcc/arm-none-eabi/10.3.1/../../../arm-none-eabi/lib/thumb/v7e-m+dp/hard/libc_nano.a(lib_a-nano-reallocr.o)
 .comment       0x0000000000000033       0x34 /usr/lib/gcc/arm-none-eabi/10.3.1/../../../arm-none-eabi/lib/thumb/v7e-m+dp/hard/libc_nano.a(lib_a-sbrkr.o)
 .comment       0x0000000000000033       0x34 /usr/lib/gcc/arm-none-eabi/10.3.1/../../../arm-none-eabi/lib/thumb/v7e-m+dp/hard/libc_nano.a(lib_a-mlock.o)
 .comment       0x0000000000000033       0x34 /usr/lib/gcc/arm-none-eabi/10.3.1/../../../arm-none-eabi/lib/thumb/v7e-m+dp/hard/libc_nano.a(lib_a-nano-msizer.o)
 .comment       0x0000000000000033       0x34 /usr/lib/gcc/arm-none-eabi/10.3.1/../../../arm-none-eabi/lib/thumb/v7e-m+dp/hard/libc_nano.a(lib_a-reent.o)
 .comment       0x0000000000000033       0x34 /usr/lib/gcc/arm-none-eabi/10.3.1/../../../arm-none-eabi/lib/thumb/v7e-m+dp/hard/libnosys.a(sbrk.o)
 .comment       0x0000000000000033       0x34 /usr/lib/gcc/arm-none-eabi/10.3.1/thumb/v7e-m+dp/hard/libgcc.a(_udivmoddi4.o)
 .comment       0x0000000000000033       0x34 /usr/lib/gcc/arm-none-eabi/10.3.1/thumb/v7e-m+dp/hard/crtend.o

.debug_info     0x0000000000000000    0x24455
 .debug_info    0x0000000000000000      0xec7 build/bootloader.o
 .debug_info    0x0000000000000ec7      0xf9b build/main.o
 .debug_info    0x0000000000001e62      0x533 build/gpio.o
 .debug_info    0x0000000000002395      0xef5 build/tim.o
 .debug_info    0x000000000000328a     0x13ac build/usart.o
 .debug_info    0x0000000000004636      0x15e build/stm32h7xx_it.o
 .debug_info    0x0000000000004794      0x533 build/stm32h7xx_hal_msp.o
 .debug_info    0x0000000000004cc7     0x14e4 build/stm32h7xx_hal_cortex.o
 .debug_info    0x00000000000061ab     0x4dc1 build/stm32h7xx_hal_tim.o
 .debug_info    0x000000000000af6c     0x208f build/stm32h7xx_hal_tim_ex.o
 .debug_info    0x000000000000cffb     0x1462 build/stm32h7xx_hal_rcc.o
 .debug_info    0x000000000000e45d     0x1b8f build/stm32h7xx_hal_rcc_ex.o
 .debug_info    0x000000000000ffec      0xec5 build/stm32h7xx_hal_gpio.o
 .debug_info    0x0000000000010eb1     0x13b0 build/stm32h7xx_hal_pwr_ex.o
 .debug_info    0x0000000000012261     0x1934 build/stm32h7xx_hal.o
 .debug_info    0x0000000000013b95     0x69c5 build/stm32h7xx_hal_uart.o
 .debug_info    0x000000000001a55a     0x13f0 build/stm32h7xx_hal_uart_ex.o
 .debug_info    0x000000000001b94a      0xe9e build/system_stm32h7xx.o
 .debug_info    0x000000000001c7e8       0x22 build/startup_stm32h743xx.o
 .debug_info    0x000000000001c80a      0x863 /usr/lib/gcc/arm-none-eabi/10.3.1/../../../arm-none-eabi/lib/thumb/v7e-m+dp/hard/libc_nano.a(lib_a-impure.o)
 .debug_info    0x000000000001d06d      0x11a /usr/lib/gcc/arm-none-eabi/10.3.1/../../../arm-none-eabi/lib/thumb/v7e-m+dp/hard/libc_nano.a(lib_a-init.o)
 .debug_info    0x000000000001d187      0x137 /usr/lib/gcc/arm-none-eabi/10.3.1/../../../arm-none-eabi/lib/thumb/v7e-m+dp/hard/libc_nano.a(lib_a-memset.o)
 .debug_info    0x000000000001d2be       0x26 /usr/lib/gcc/arm-none-eabi/10.3.1/../../../arm-none-eabi/lib/thumb/v7e-m+dp/hard/libc_nano.a(lib_a-strlen.o)
 .debug_info    0x000000000001d2e4      0x97e /usr/lib/gcc/arm-none-eabi/10.3.1/../../../arm-none-eabi/lib/thumb/v7e-m+dp/hard/libc_nano.a(lib_a-vsprintf.o)
 .debug_info    0x000000000001dc62     0x10d5 /usr/lib/gcc/arm-none-eabi/10.3.1/../../../arm-none-eabi/lib/thumb/v7e-m+dp/hard/libc_nano.a(lib_a-nano-svfprintf.o)
 .debug_info    0x000000000001ed37      0xe9e /usr/lib/gcc/arm-none-eabi/10.3.1/../../../arm-none-eabi/lib/thumb/v7e-m+dp/hard/libc_nano.a(lib_a-nano-vfprintf_i.o)
 .debug_info    0x000000000001fbd5       0x26 /usr/lib/gcc/arm-none-eabi/10.3.1/../../../arm-none-eabi/lib/thumb/v7e-m+dp/hard/libc_nano.a(lib_a-memchr.o)
 .debug_info    0x000000000001fbfb       0x26 /usr/lib/gcc/arm-none-eabi/10.3.1/../../../arm-none-eabi/lib/thumb/v7e-m+dp/hard/libc_nano.a(lib_a-memcpy.o)
 .debug_info    0x000000000001fc21      0x152 /usr/lib/gcc/arm-none-eabi/10.3.1/../../../arm-none-eabi/lib/thumb/v7e-m+dp/hard/libc_nano.a(lib_a-memmove.o)
 .debug_info    0x000000000001fd73      0x903 /usr/lib/gcc/arm-none-eabi/10.3.1/../../../arm-none-eabi/lib/thumb/v7e-m+dp/hard/libc_nano.a(lib_a-nano-freer.o)
 .debug_info    0x0000000000020676      0xa0c /usr/lib/gcc/arm-none-eabi/10.3.1/../../../arm-none-eabi/lib/thumb/v7e-m+dp/hard/libc_nano.a(lib_a-nano-mallocr.o)
 .debug_info    0x0000000000021082      0x911 /usr/lib/gcc/arm-none-eabi/10.3.1/../../../arm-none-eabi/lib/thumb/v7e-m+dp/hard/libc_nano.a(lib_a-nano-reallocr.o)
 .debug_info    0x0000000000021993      0x828 /usr/lib/gcc/arm-none-eabi/10.3.1/../../../arm-none-eabi/lib/thumb/v7e-m+dp/hard/libc_nano.a(lib_a-sbrkr.o)
 .debug_info    0x00000000000221bb      0x7dc /usr/lib/gcc/arm-none-eabi/10.3.1/../../../arm-none-eabi/lib/thumb/v7e-m+dp/hard/libc_nano.a(lib_a-mlock.o)
 .debug_info    0x0000000000022997      0x840 /usr/lib/gcc/arm-none-eabi/10.3.1/../../../arm-none-eabi/lib/thumb/v7e-m+dp/hard/libc_nano.a(lib_a-nano-msizer.o)
 .debug_info    0x00000000000231d7      0xa7e /usr/lib/gcc/arm-none-eabi/10.3.1/../../../arm-none-eabi/lib/thumb/v7e-m+dp/hard/libc_nano.a(lib_a-reent.o)
 .debug_info    0x0000000000023c55       0x9d /usr/lib/gcc/arm-none-eabi/10.3.1/../../../arm-none-eabi/lib/thumb/v7e-m+dp/hard/libnosys.a(sbrk.o)
 .debug_info    0x0000000000023cf2       0x26 /usr/lib/gcc/arm-none-eabi/10.3.1/thumb/v7e-m+dp/hard/libgcc.a(_aeabi_uldivmod.o)
 .debug_info    0x0000000000023d18      0x717 /usr/lib/gcc/arm-none-eabi/10.3.1/thumb/v7e-m+dp/hard/libgcc.a(_udivmoddi4.o)
 .debug_info    0x000000000002442f       0x26 /usr/lib/gcc/arm-none-eabi/10.3.1/thumb/v7e-m+dp/hard/libgcc.a(_dvmd_tls.o)

.debug_abbrev   0x0000000000000000     0x48c9
 .debug_abbrev  0x0000000000000000      0x2aa build/bootloader.o
 .debug_abbrev  0x00000000000002aa      0x268 build/main.o
 .debug_abbrev  0x0000000000000512       0xc6 build/gpio.o
 .debug_abbrev  0x00000000000005d8      0x224 build/tim.o
 .debug_abbrev  0x00000000000007fc      0x22a build/usart.o
 .debug_abbrev  0x0000000000000a26       0xb8 build/stm32h7xx_it.o
 .debug_abbrev  0x0000000000000ade       0xc6 build/stm32h7xx_hal_msp.o
 .debug_abbrev  0x0000000000000ba4      0x38b build/stm32h7xx_hal_cortex.o
 .debug_abbrev  0x0000000000000f2f      0x399 build/stm32h7xx_hal_tim.o
 .debug_abbrev  0x00000000000012c8      0x33d build/stm32h7xx_hal_tim_ex.o
 .debug_abbrev  0x0000000000001605      0x2dc build/stm32h7xx_hal_rcc.o
 .debug_abbrev  0x00000000000018e1      0x321 build/stm32h7xx_hal_rcc_ex.o
 .debug_abbrev  0x0000000000001c02      0x251 build/stm32h7xx_hal_gpio.o
 .debug_abbrev  0x0000000000001e53      0x302 build/stm32h7xx_hal_pwr_ex.o
 .debug_abbrev  0x0000000000002155      0x2d7 build/stm32h7xx_hal.o
 .debug_abbrev  0x000000000000242c      0x4ac build/stm32h7xx_hal_uart.o
 .debug_abbrev  0x00000000000028d8      0x361 build/stm32h7xx_hal_uart_ex.o
 .debug_abbrev  0x0000000000002c39      0x12a build/system_stm32h7xx.o
 .debug_abbrev  0x0000000000002d63       0x12 build/startup_stm32h743xx.o
 .debug_abbrev  0x0000000000002d75      0x151 /usr/lib/gcc/arm-none-eabi/10.3.1/../../../arm-none-eabi/lib/thumb/v7e-m+dp/hard/libc_nano.a(lib_a-impure.o)
 .debug_abbrev  0x0000000000002ec6       0xcc /usr/lib/gcc/arm-none-eabi/10.3.1/../../../arm-none-eabi/lib/thumb/v7e-m+dp/hard/libc_nano.a(lib_a-init.o)
 .debug_abbrev  0x0000000000002f92       0xb4 /usr/lib/gcc/arm-none-eabi/10.3.1/../../../arm-none-eabi/lib/thumb/v7e-m+dp/hard/libc_nano.a(lib_a-memset.o)
 .debug_abbrev  0x0000000000003046       0x14 /usr/lib/gcc/arm-none-eabi/10.3.1/../../../arm-none-eabi/lib/thumb/v7e-m+dp/hard/libc_nano.a(lib_a-strlen.o)
 .debug_abbrev  0x000000000000305a      0x244 /usr/lib/gcc/arm-none-eabi/10.3.1/../../../arm-none-eabi/lib/thumb/v7e-m+dp/hard/libc_nano.a(lib_a-vsprintf.o)
 .debug_abbrev  0x000000000000329e      0x2ca /usr/lib/gcc/arm-none-eabi/10.3.1/../../../arm-none-eabi/lib/thumb/v7e-m+dp/hard/libc_nano.a(lib_a-nano-svfprintf.o)
 .debug_abbrev  0x0000000000003568      0x25c /usr/lib/gcc/arm-none-eabi/10.3.1/../../../arm-none-eabi/lib/thumb/v7e-m+dp/hard/libc_nano.a(lib_a-nano-vfprintf_i.o)
 .debug_abbrev  0x00000000000037c4       0x14 /usr/lib/gcc/arm-none-eabi/10.3.1/../../../arm-none-eabi/lib/thumb/v7e-m+dp/hard/libc_nano.a(lib_a-memchr.o)
 .debug_abbrev  0x00000000000037d8       0x14 /usr/lib/gcc/arm-none-eabi/10.3.1/../../../arm-none-eabi/lib/thumb/v7e-m+dp/hard/libc_nano.a(lib_a-memcpy.o)
 .debug_abbrev  0x00000000000037ec       0xc0 /usr/lib/gcc/arm-none-eabi/10.3.1/../../../arm-none-eabi/lib/thumb/v7e-m+dp/hard/libc_nano.a(lib_a-memmove.o)
 .debug_abbrev  0x00000000000038ac      0x235 /usr/lib/gcc/arm-none-eabi/10.3.1/../../../arm-none-eabi/lib/thumb/v7e-m+dp/hard/libc_nano.a(lib_a-nano-freer.o)
 .debug_abbrev  0x0000000000003ae1      0x290 /usr/lib/gcc/arm-none-eabi/10.3.1/../../../arm-none-eabi/lib/thumb/v7e-m+dp/hard/libc_nano.a(lib_a-nano-mallocr.o)
 .debug_abbrev  0x0000000000003d71      0x1d6 /usr/lib/gcc/arm-none-eabi/10.3.1/../../../arm-none-eabi/lib/thumb/v7e-m+dp/hard/libc_nano.a(lib_a-nano-reallocr.o)
 .debug_abbrev  0x0000000000003f47      0x1d6 /usr/lib/gcc/arm-none-eabi/10.3.1/../../../arm-none-eabi/lib/thumb/v7e-m+dp/hard/libc_nano.a(lib_a-sbrkr.o)
 .debug_abbrev  0x000000000000411d      0x189 /usr/lib/gcc/arm-none-eabi/10.3.1/../../../arm-none-eabi/lib/thumb/v7e-m+dp/hard/libc_nano.a(lib_a-mlock.o)
 .debug_abbrev  0x00000000000042a6      0x191 /usr/lib/gcc/arm-none-eabi/10.3.1/../../../arm-none-eabi/lib/thumb/v7e-m+dp/hard/libc_nano.a(lib_a-nano-msizer.o)
 .debug_abbrev  0x0000000000004437      0x265 /usr/lib/gcc/arm-none-eabi/10.3.1/../../../arm-none-eabi/lib/thumb/v7e-m+dp/hard/libc_nano.a(lib_a-reent.o)
 .debug_abbrev  0x000000000000469c       0xa2 /usr/lib/gcc/arm-none-eabi/10.3.1/../../../arm-none-eabi/lib/thumb/v7e-m+dp/hard/libnosys.a(sbrk.o)
 .debug_abbrev  0x000000000000473e       0x14 /usr/lib/gcc/arm-none-eabi/10.3.1/thumb/v7e-m+dp/hard/libgcc.a(_aeabi_uldivmod.o)
 .debug_abbrev  0x0000000000004752      0x163 /usr/lib/gcc/arm-none-eabi/10.3.1/thumb/v7e-m+dp/hard/libgcc.a(_udivmoddi4.o)
 .debug_abbrev  0x00000000000048b5       0x14 /usr/lib/gcc/arm-none-eabi/10.3.1/thumb/v7e-m+dp/hard/libgcc.a(_dvmd_tls.o)

.debug_loc      0x0000000000000000    0x17fdc
 .debug_loc     0x0000000000000000      0x11b build/bootloader.o
 .debug_loc     0x000000000000011b       0x59 build/main.o
 .debug_loc     0x0000000000000174       0x2c build/gpio.o
 .debug_loc     0x00000000000001a0       0xad build/tim.o
 .debug_loc     0x000000000000024d       0xef build/usart.o
 .debug_loc     0x000000000000033c       0x2c build/stm32h7xx_hal_msp.o
 .debug_loc     0x0000000000000368      0x853 build/stm32h7xx_hal_cortex.o
 .debug_loc     0x0000000000000bbb     0x70fe build/stm32h7xx_hal_tim.o
 .debug_loc     0x0000000000007cb9     0x253a build/stm32h7xx_hal_tim_ex.o
 .debug_loc     0x000000000000a1f3      0xae3 build/stm32h7xx_hal_rcc.o
 .debug_loc     0x000000000000acd6     0x1478 build/stm32h7xx_hal_rcc_ex.o
 .debug_loc     0x000000000000c14e      0x551 build/stm32h7xx_hal_gpio.o
 .debug_loc     0x000000000000c69f      0x6b3 build/stm32h7xx_hal_pwr_ex.o
 .debug_loc     0x000000000000cd52      0x75b build/stm32h7xx_hal.o
 .debug_loc     0x000000000000d4ad     0x69df build/stm32h7xx_hal_uart.o
 .debug_loc     0x0000000000013e8c      0xf56 build/stm32h7xx_hal_uart_ex.o
 .debug_loc     0x0000000000014de2      0x1e0 build/system_stm32h7xx.o
 .debug_loc     0x0000000000014fc2       0xba /usr/lib/gcc/arm-none-eabi/10.3.1/../../../arm-none-eabi/lib/thumb/v7e-m+dp/hard/libc_nano.a(lib_a-init.o)
 .debug_loc     0x000000000001507c      0x22c /usr/lib/gcc/arm-none-eabi/10.3.1/../../../arm-none-eabi/lib/thumb/v7e-m+dp/hard/libc_nano.a(lib_a-memset.o)
 .debug_loc     0x00000000000152a8      0x1cb /usr/lib/gcc/arm-none-eabi/10.3.1/../../../arm-none-eabi/lib/thumb/v7e-m+dp/hard/libc_nano.a(lib_a-vsprintf.o)
 .debug_loc     0x0000000000015473      0x82e /usr/lib/gcc/arm-none-eabi/10.3.1/../../../arm-none-eabi/lib/thumb/v7e-m+dp/hard/libc_nano.a(lib_a-nano-svfprintf.o)
 .debug_loc     0x0000000000015ca1      0x5dd /usr/lib/gcc/arm-none-eabi/10.3.1/../../../arm-none-eabi/lib/thumb/v7e-m+dp/hard/libc_nano.a(lib_a-nano-vfprintf_i.o)
 .debug_loc     0x000000000001627e      0x34f /usr/lib/gcc/arm-none-eabi/10.3.1/../../../arm-none-eabi/lib/thumb/v7e-m+dp/hard/libc_nano.a(lib_a-memmove.o)
 .debug_loc     0x00000000000165cd      0x203 /usr/lib/gcc/arm-none-eabi/10.3.1/../../../arm-none-eabi/lib/thumb/v7e-m+dp/hard/libc_nano.a(lib_a-nano-freer.o)
 .debug_loc     0x00000000000167d0      0x3cd /usr/lib/gcc/arm-none-eabi/10.3.1/../../../arm-none-eabi/lib/thumb/v7e-m+dp/hard/libc_nano.a(lib_a-nano-mallocr.o)
 .debug_loc     0x0000000000016b9d      0x133 /usr/lib/gcc/arm-none-eabi/10.3.1/../../../arm-none-eabi/lib/thumb/v7e-m+dp/hard/libc_nano.a(lib_a-nano-reallocr.o)
 .debug_loc     0x0000000000016cd0       0x6c /usr/lib/gcc/arm-none-eabi/10.3.1/../../../arm-none-eabi/lib/thumb/v7e-m+dp/hard/libc_nano.a(lib_a-sbrkr.o)
 .debug_loc     0x0000000000016d3c       0x86 /usr/lib/gcc/arm-none-eabi/10.3.1/../../../arm-none-eabi/lib/thumb/v7e-m+dp/hard/libc_nano.a(lib_a-nano-msizer.o)
 .debug_loc     0x0000000000016dc2      0x1cd /usr/lib/gcc/arm-none-eabi/10.3.1/../../../arm-none-eabi/lib/thumb/v7e-m+dp/hard/libc_nano.a(lib_a-reent.o)
 .debug_loc     0x0000000000016f8f       0x3e /usr/lib/gcc/arm-none-eabi/10.3.1/../../../arm-none-eabi/lib/thumb/v7e-m+dp/hard/libnosys.a(sbrk.o)
 .debug_loc     0x0000000000016fcd     0x100f /usr/lib/gcc/arm-none-eabi/10.3.1/thumb/v7e-m+dp/hard/libgcc.a(_udivmoddi4.o)

.debug_aranges  0x0000000000000000      0xfb0
 .debug_aranges
                0x0000000000000000       0x28 build/bootloader.o
 .debug_aranges
                0x0000000000000028       0x30 build/main.o
 .debug_aranges
                0x0000000000000058       0x20 build/gpio.o
 .debug_aranges
                0x0000000000000078       0x38 build/tim.o
 .debug_aranges
                0x00000000000000b0       0x30 build/usart.o
 .debug_aranges
                0x00000000000000e0       0x50 build/stm32h7xx_it.o
 .debug_aranges
                0x0000000000000130       0x20 build/stm32h7xx_hal_msp.o
 .debug_aranges
                0x0000000000000150       0xb0 build/stm32h7xx_hal_cortex.o
 .debug_aranges
                0x0000000000000200      0x2a8 build/stm32h7xx_hal_tim.o
 .debug_aranges
                0x00000000000004a8      0x128 build/stm32h7xx_hal_tim_ex.o
 .debug_aranges
                0x00000000000005d0       0x90 build/stm32h7xx_hal_rcc.o
 .debug_aranges
                0x0000000000000660       0xe0 build/stm32h7xx_hal_rcc_ex.o
 .debug_aranges
                0x0000000000000740       0x58 build/stm32h7xx_hal_gpio.o
 .debug_aranges
                0x0000000000000798      0x128 build/stm32h7xx_hal_pwr_ex.o
 .debug_aranges
                0x00000000000008c0      0x190 build/stm32h7xx_hal.o
 .debug_aranges
                0x0000000000000a50      0x1f0 build/stm32h7xx_hal_uart.o
 .debug_aranges
                0x0000000000000c40       0x88 build/stm32h7xx_hal_uart_ex.o
 .debug_aranges
                0x0000000000000cc8       0x28 build/system_stm32h7xx.o
 .debug_aranges
                0x0000000000000cf0       0x28 build/startup_stm32h743xx.o
 .debug_aranges
                0x0000000000000d18       0x18 /usr/lib/gcc/arm-none-eabi/10.3.1/../../../arm-none-eabi/lib/thumb/v7e-m+dp/hard/libc_nano.a(lib_a-impure.o)
 .debug_aranges
                0x0000000000000d30       0x20 /usr/lib/gcc/arm-none-eabi/10.3.1/../../../arm-none-eabi/lib/thumb/v7e-m+dp/hard/libc_nano.a(lib_a-init.o)
 .debug_aranges
                0x0000000000000d50       0x20 /usr/lib/gcc/arm-none-eabi/10.3.1/../../../arm-none-eabi/lib/thumb/v7e-m+dp/hard/libc_nano.a(lib_a-memset.o)
 .debug_aranges
                0x0000000000000d70       0x20 /usr/lib/gcc/arm-none-eabi/10.3.1/../../../arm-none-eabi/lib/thumb/v7e-m+dp/hard/libc_nano.a(lib_a-strlen.o)
 .debug_aranges
                0x0000000000000d90       0x20 /usr/lib/gcc/arm-none-eabi/10.3.1/../../../arm-none-eabi/lib/thumb/v7e-m+dp/hard/libc_nano.a(lib_a-vsprintf.o)
 .debug_aranges
                0x0000000000000db0       0x20 /usr/lib/gcc/arm-none-eabi/10.3.1/../../../arm-none-eabi/lib/thumb/v7e-m+dp/hard/libc_nano.a(lib_a-nano-svfprintf.o)
 .debug_aranges
                0x0000000000000dd0       0x20 /usr/lib/gcc/arm-none-eabi/10.3.1/../../../arm-none-eabi/lib/thumb/v7e-m+dp/hard/libc_nano.a(lib_a-nano-vfprintf_i.o)
 .debug_aranges
                0x0000000000000df0       0x20 /usr/lib/gcc/arm-none-eabi/10.3.1/../../../arm-none-eabi/lib/thumb/v7e-m+dp/hard/libc_nano.a(lib_a-memchr.o)
 .debug_aranges
                0x0000000000000e10       0x20 /usr/lib/gcc/arm-none-eabi/10.3.1/../../../arm-none-eabi/lib/thumb/v7e-m+dp/hard/libc_nano.a(lib_a-memcpy.o)
 .debug_aranges
                0x0000000000000e30       0x20 /usr/lib/gcc/arm-none-eabi/10.3.1/../../../arm-none-eabi/lib/thumb/v7e-m+dp/hard/libc_nano.a(lib_a-memmove.o)
 .debug_aranges
                0x0000000000000e50       0x20 /usr/lib/gcc/arm-none-eabi/10.3.1/../../../arm-none-eabi/lib/thumb/v7e-m+dp/hard/libc_nano.a(lib_a-nano-freer.o)
 .debug_aranges
                0x0000000000000e70       0x20 /usr/lib/gcc/arm-none-eabi/10.3.1/../../../arm-none-eabi/lib/thumb/v7e-m+dp/hard/libc_nano.a(lib_a-nano-mallocr.o)
 .debug_aranges
                0x0000000000000e90       0x20 /usr/lib/gcc/arm-none-eabi/10.3.1/../../../arm-none-eabi/lib/thumb/v7e-m+dp/hard/libc_nano.a(lib_a-nano-reallocr.o)
 .debug_aranges
                0x0000000000000eb0       0x20 /usr/lib/gcc/arm-none-eabi/10.3.1/../../../arm-none-eabi/lib/thumb/v7e-m+dp/hard/libc_nano.a(lib_a-sbrkr.o)
 .debug_aranges
                0x0000000000000ed0       0x20 /usr/lib/gcc/arm-none-eabi/10.3.1/../../../arm-none-eabi/lib/thumb/v7e-m+dp/hard/libc_nano.a(lib_a-mlock.o)
 .debug_aranges
                0x0000000000000ef0       0x20 /usr/lib/gcc/arm-none-eabi/10.3.1/../../../arm-none-eabi/lib/thumb/v7e-m+dp/hard/libc_nano.a(lib_a-nano-msizer.o)
 .debug_aranges
                0x0000000000000f10       0x20 /usr/lib/gcc/arm-none-eabi/10.3.1/../../../arm-none-eabi/lib/thumb/v7e-m+dp/hard/libc_nano.a(lib_a-reent.o)
 .debug_aranges
                0x0000000000000f30       0x20 /usr/lib/gcc/arm-none-eabi/10.3.1/../../../arm-none-eabi/lib/thumb/v7e-m+dp/hard/libnosys.a(sbrk.o)
 .debug_aranges
                0x0000000000000f50       0x20 /usr/lib/gcc/arm-none-eabi/10.3.1/thumb/v7e-m+dp/hard/libgcc.a(_aeabi_uldivmod.o)
 .debug_aranges
                0x0000000000000f70       0x20 /usr/lib/gcc/arm-none-eabi/10.3.1/thumb/v7e-m+dp/hard/libgcc.a(_udivmoddi4.o)
 .debug_aranges
                0x0000000000000f90       0x20 /usr/lib/gcc/arm-none-eabi/10.3.1/thumb/v7e-m+dp/hard/libgcc.a(_dvmd_tls.o)

.debug_ranges   0x0000000000000000     0x1ce8
 .debug_ranges  0x0000000000000000       0x30 build/bootloader.o
 .debug_ranges  0x0000000000000030       0x50 build/main.o
 .debug_ranges  0x0000000000000080       0x28 build/gpio.o
 .debug_ranges  0x00000000000000a8       0x40 build/tim.o
 .debug_ranges  0x00000000000000e8       0x68 build/usart.o
 .debug_ranges  0x0000000000000150       0x40 build/stm32h7xx_it.o
 .debug_ranges  0x0000000000000190       0x28 build/stm32h7xx_hal_msp.o
 .debug_ranges  0x00000000000001b8      0x158 build/stm32h7xx_hal_cortex.o
 .debug_ranges  0x0000000000000310      0x828 build/stm32h7xx_hal_tim.o
 .debug_ranges  0x0000000000000b38      0x2e0 build/stm32h7xx_hal_tim_ex.o
 .debug_ranges  0x0000000000000e18      0x1a8 build/stm32h7xx_hal_rcc.o
 .debug_ranges  0x0000000000000fc0      0x100 build/stm32h7xx_hal_rcc_ex.o
 .debug_ranges  0x00000000000010c0       0x70 build/stm32h7xx_hal_gpio.o
 .debug_ranges  0x0000000000001130      0x1a8 build/stm32h7xx_hal_pwr_ex.o
 .debug_ranges  0x00000000000012d8      0x180 build/stm32h7xx_hal.o
 .debug_ranges  0x0000000000001458      0x568 build/stm32h7xx_hal_uart.o
 .debug_ranges  0x00000000000019c0       0xb8 build/stm32h7xx_hal_uart_ex.o
 .debug_ranges  0x0000000000001a78       0x18 build/system_stm32h7xx.o
 .debug_ranges  0x0000000000001a90       0x20 build/startup_stm32h743xx.o
 .debug_ranges  0x0000000000001ab0       0x18 /usr/lib/gcc/arm-none-eabi/10.3.1/../../../arm-none-eabi/lib/thumb/v7e-m+dp/hard/libc_nano.a(lib_a-vsprintf.o)
 .debug_ranges  0x0000000000001ac8       0x40 /usr/lib/gcc/arm-none-eabi/10.3.1/../../../arm-none-eabi/lib/thumb/v7e-m+dp/hard/libc_nano.a(lib_a-nano-svfprintf.o)
 .debug_ranges  0x0000000000001b08       0xa0 /usr/lib/gcc/arm-none-eabi/10.3.1/../../../arm-none-eabi/lib/thumb/v7e-m+dp/hard/libc_nano.a(lib_a-nano-vfprintf_i.o)
 .debug_ranges  0x0000000000001ba8       0x20 /usr/lib/gcc/arm-none-eabi/10.3.1/../../../arm-none-eabi/lib/thumb/v7e-m+dp/hard/libc_nano.a(lib_a-nano-freer.o)
 .debug_ranges  0x0000000000001bc8       0x38 /usr/lib/gcc/arm-none-eabi/10.3.1/../../../arm-none-eabi/lib/thumb/v7e-m+dp/hard/libc_nano.a(lib_a-nano-mallocr.o)
 .debug_ranges  0x0000000000001c00       0xe8 /usr/lib/gcc/arm-none-eabi/10.3.1/thumb/v7e-m+dp/hard/libgcc.a(_udivmoddi4.o)

.debug_line     0x0000000000000000    0x17802
 .debug_line    0x0000000000000000      0x2ee build/bootloader.o
 .debug_line    0x00000000000002ee      0x356 build/main.o
 .debug_line    0x0000000000000644       0xc6 build/gpio.o
 .debug_line    0x000000000000070a      0x271 build/tim.o
 .debug_line    0x000000000000097b      0x31b build/usart.o
 .debug_line    0x0000000000000c96      0x14d build/stm32h7xx_it.o
 .debug_line    0x0000000000000de3       0xd3 build/stm32h7xx_hal_msp.o
 .debug_line    0x0000000000000eb6      0x76d build/stm32h7xx_hal_cortex.o
 .debug_line    0x0000000000001623     0x577e build/stm32h7xx_hal_tim.o
 .debug_line    0x0000000000006da1     0x1d6f build/stm32h7xx_hal_tim_ex.o
 .debug_line    0x0000000000008b10     0x1316 build/stm32h7xx_hal_rcc.o
 .debug_line    0x0000000000009e26     0x1a9d build/stm32h7xx_hal_rcc_ex.o
 .debug_line    0x000000000000b8c3      0x707 build/stm32h7xx_hal_gpio.o
 .debug_line    0x000000000000bfca      0xa37 build/stm32h7xx_hal_pwr_ex.o
 .debug_line    0x000000000000ca01      0x912 build/stm32h7xx_hal.o
 .debug_line    0x000000000000d313     0x649e build/stm32h7xx_hal_uart.o
 .debug_line    0x00000000000137b1      0xdb7 build/stm32h7xx_hal_uart_ex.o
 .debug_line    0x0000000000014568      0x39a build/system_stm32h7xx.o
 .debug_line    0x0000000000014902       0x76 build/startup_stm32h743xx.o
 .debug_line    0x0000000000014978       0xe4 /usr/lib/gcc/arm-none-eabi/10.3.1/../../../arm-none-eabi/lib/thumb/v7e-m+dp/hard/libc_nano.a(lib_a-impure.o)
 .debug_line    0x0000000000014a5c      0x138 /usr/lib/gcc/arm-none-eabi/10.3.1/../../../arm-none-eabi/lib/thumb/v7e-m+dp/hard/libc_nano.a(lib_a-init.o)
 .debug_line    0x0000000000014b94      0x1bf /usr/lib/gcc/arm-none-eabi/10.3.1/../../../arm-none-eabi/lib/thumb/v7e-m+dp/hard/libc_nano.a(lib_a-memset.o)
 .debug_line    0x0000000000014d53       0xaf /usr/lib/gcc/arm-none-eabi/10.3.1/../../../arm-none-eabi/lib/thumb/v7e-m+dp/hard/libc_nano.a(lib_a-strlen.o)
 .debug_line    0x0000000000014e02      0x202 /usr/lib/gcc/arm-none-eabi/10.3.1/../../../arm-none-eabi/lib/thumb/v7e-m+dp/hard/libc_nano.a(lib_a-vsprintf.o)
 .debug_line    0x0000000000015004      0x83a /usr/lib/gcc/arm-none-eabi/10.3.1/../../../arm-none-eabi/lib/thumb/v7e-m+dp/hard/libc_nano.a(lib_a-nano-svfprintf.o)
 .debug_line    0x000000000001583e      0x746 /usr/lib/gcc/arm-none-eabi/10.3.1/../../../arm-none-eabi/lib/thumb/v7e-m+dp/hard/libc_nano.a(lib_a-nano-vfprintf_i.o)
 .debug_line    0x0000000000015f84       0xa4 /usr/lib/gcc/arm-none-eabi/10.3.1/../../../arm-none-eabi/lib/thumb/v7e-m+dp/hard/libc_nano.a(lib_a-memchr.o)
 .debug_line    0x0000000000016028       0xbe /usr/lib/gcc/arm-none-eabi/10.3.1/../../../arm-none-eabi/lib/thumb/v7e-m+dp/hard/libc_nano.a(lib_a-memcpy.o)
 .debug_line    0x00000000000160e6      0x1ee /usr/lib/gcc/arm-none-eabi/10.3.1/../../../arm-none-eabi/lib/thumb/v7e-m+dp/hard/libc_nano.a(lib_a-memmove.o)
 .debug_line    0x00000000000162d4      0x2ca /usr/lib/gcc/arm-none-eabi/10.3.1/../../../arm-none-eabi/lib/thumb/v7e-m+dp/hard/libc_nano.a(lib_a-nano-freer.o)
 .debug_line    0x000000000001659e      0x2d0 /usr/lib/gcc/arm-none-eabi/10.3.1/../../../arm-none-eabi/lib/thumb/v7e-m+dp/hard/libc_nano.a(lib_a-nano-mallocr.o)
 .debug_line    0x000000000001686e      0x1c5 /usr/lib/gcc/arm-none-eabi/10.3.1/../../../arm-none-eabi/lib/thumb/v7e-m+dp/hard/libc_nano.a(lib_a-nano-reallocr.o)
 .debug_line    0x0000000000016a33      0x183 /usr/lib/gcc/arm-none-eabi/10.3.1/../../../arm-none-eabi/lib/thumb/v7e-m+dp/hard/libc_nano.a(lib_a-sbrkr.o)
 .debug_line    0x0000000000016bb6      0x13e /usr/lib/gcc/arm-none-eabi/10.3.1/../../../arm-none-eabi/lib/thumb/v7e-m+dp/hard/libc_nano.a(lib_a-mlock.o)
 .debug_line    0x0000000000016cf4      0x160 /usr/lib/gcc/arm-none-eabi/10.3.1/../../../arm-none-eabi/lib/thumb/v7e-m+dp/hard/libc_nano.a(lib_a-nano-msizer.o)
 .debug_line    0x0000000000016e54      0x2c7 /usr/lib/gcc/arm-none-eabi/10.3.1/../../../arm-none-eabi/lib/thumb/v7e-m+dp/hard/libc_nano.a(lib_a-reent.o)
 .debug_line    0x000000000001711b       0x79 /usr/lib/gcc/arm-none-eabi/10.3.1/../../../arm-none-eabi/lib/thumb/v7e-m+dp/hard/libnosys.a(sbrk.o)
 .debug_line    0x0000000000017194       0x60 /usr/lib/gcc/arm-none-eabi/10.3.1/thumb/v7e-m+dp/hard/libgcc.a(_aeabi_uldivmod.o)
 .debug_line    0x00000000000171f4      0x5ae /usr/lib/gcc/arm-none-eabi/10.3.1/thumb/v7e-m+dp/hard/libgcc.a(_udivmoddi4.o)
 .debug_line    0x00000000000177a2       0x60 /usr/lib/gcc/arm-none-eabi/10.3.1/thumb/v7e-m+dp/hard/libgcc.a(_dvmd_tls.o)

.debug_str      0x0000000000000000     0x6fc2
 .debug_str     0x0000000000000000      0xa4b build/bootloader.o
                                        0xb34 (size before relaxing)
 .debug_str     0x0000000000000a4b      0x33d build/main.o
                                        0xb1f (size before relaxing)
 .debug_str     0x0000000000000d88      0x206 build/gpio.o
                                        0x3c4 (size before relaxing)
 .debug_str     0x0000000000000f8e      0x14d build/tim.o
                                        0xba4 (size before relaxing)
 .debug_str     0x00000000000010db      0x47b build/usart.o
                                        0xdfb (size before relaxing)
 .debug_str     0x0000000000001556       0xb4 build/stm32h7xx_it.o
                                        0x228 (size before relaxing)
 .debug_str     0x000000000000160a       0x29 build/stm32h7xx_hal_msp.o
                                        0x3d0 (size before relaxing)
 .debug_str     0x0000000000001633      0xdbb build/stm32h7xx_hal_cortex.o
                                       0x1012 (size before relaxing)
 .debug_str     0x00000000000023ee      0xec7 build/stm32h7xx_hal_tim.o
                                       0x17f6 (size before relaxing)
 .debug_str     0x00000000000032b5      0x61e build/stm32h7xx_hal_tim_ex.o
                                       0x1113 (size before relaxing)
 .debug_str     0x00000000000038d3      0x373 build/stm32h7xx_hal_rcc.o
                                        0x9e3 (size before relaxing)
 .debug_str     0x0000000000003c46      0x66b build/stm32h7xx_hal_rcc_ex.o
                                        0xed0 (size before relaxing)
 .debug_str     0x00000000000042b1      0x125 build/stm32h7xx_hal_gpio.o
                                        0x6a7 (size before relaxing)
 .debug_str     0x00000000000043d6      0x54a build/stm32h7xx_hal_pwr_ex.o
                                        0xa1d (size before relaxing)
 .debug_str     0x0000000000004920      0x61a build/stm32h7xx_hal.o
                                       0x1484 (size before relaxing)
 .debug_str     0x0000000000004f3a      0x8f7 build/stm32h7xx_hal_uart.o
                                       0x1449 (size before relaxing)
 .debug_str     0x0000000000005831      0x225 build/stm32h7xx_hal_uart_ex.o
                                        0xb23 (size before relaxing)
 .debug_str     0x0000000000005a56       0x3d build/system_stm32h7xx.o
                                        0x703 (size before relaxing)
 .debug_str     0x0000000000005a93       0x22 build/startup_stm32h743xx.o
                                         0x4f (size before relaxing)
 .debug_str     0x0000000000005ab5      0x470 /usr/lib/gcc/arm-none-eabi/10.3.1/../../../arm-none-eabi/lib/thumb/v7e-m+dp/hard/libc_nano.a(lib_a-impure.o)
                                        0x561 (size before relaxing)
 .debug_str     0x0000000000005f25       0xf6 /usr/lib/gcc/arm-none-eabi/10.3.1/../../../arm-none-eabi/lib/thumb/v7e-m+dp/hard/libc_nano.a(lib_a-init.o)
                                        0x20e (size before relaxing)
 .debug_str     0x000000000000601b       0xaa /usr/lib/gcc/arm-none-eabi/10.3.1/../../../arm-none-eabi/lib/thumb/v7e-m+dp/hard/libc_nano.a(lib_a-memset.o)
                                        0x1c3 (size before relaxing)
 .debug_str     0x00000000000060c5       0xb5 /usr/lib/gcc/arm-none-eabi/10.3.1/../../../arm-none-eabi/lib/thumb/v7e-m+dp/hard/libc_nano.a(lib_a-strlen.o)
 .debug_str     0x000000000000617a       0xaf /usr/lib/gcc/arm-none-eabi/10.3.1/../../../arm-none-eabi/lib/thumb/v7e-m+dp/hard/libc_nano.a(lib_a-vsprintf.o)
                                        0x552 (size before relaxing)
 .debug_str     0x0000000000006229      0x295 /usr/lib/gcc/arm-none-eabi/10.3.1/../../../arm-none-eabi/lib/thumb/v7e-m+dp/hard/libc_nano.a(lib_a-nano-svfprintf.o)
                                        0x858 (size before relaxing)
 .debug_str     0x00000000000064be       0x94 /usr/lib/gcc/arm-none-eabi/10.3.1/../../../arm-none-eabi/lib/thumb/v7e-m+dp/hard/libc_nano.a(lib_a-nano-vfprintf_i.o)
                                        0x7ef (size before relaxing)
 .debug_str     0x0000000000006552       0x3c /usr/lib/gcc/arm-none-eabi/10.3.1/../../../arm-none-eabi/lib/thumb/v7e-m+dp/hard/libc_nano.a(lib_a-memchr.o)
                                         0xaf (size before relaxing)
 .debug_str     0x000000000000658e       0x43 /usr/lib/gcc/arm-none-eabi/10.3.1/../../../arm-none-eabi/lib/thumb/v7e-m+dp/hard/libc_nano.a(lib_a-memcpy.o)
                                         0xb6 (size before relaxing)
 .debug_str     0x00000000000065d1       0x66 /usr/lib/gcc/arm-none-eabi/10.3.1/../../../arm-none-eabi/lib/thumb/v7e-m+dp/hard/libc_nano.a(lib_a-memmove.o)
                                        0x1e2 (size before relaxing)
 .debug_str     0x0000000000006637      0x116 /usr/lib/gcc/arm-none-eabi/10.3.1/../../../arm-none-eabi/lib/thumb/v7e-m+dp/hard/libc_nano.a(lib_a-nano-freer.o)
                                        0x598 (size before relaxing)
 .debug_str     0x000000000000674d       0x46 /usr/lib/gcc/arm-none-eabi/10.3.1/../../../arm-none-eabi/lib/thumb/v7e-m+dp/hard/libc_nano.a(lib_a-nano-mallocr.o)
                                        0x5c3 (size before relaxing)
 .debug_str     0x0000000000006793       0x23 /usr/lib/gcc/arm-none-eabi/10.3.1/../../../arm-none-eabi/lib/thumb/v7e-m+dp/hard/libc_nano.a(lib_a-nano-reallocr.o)
                                        0x582 (size before relaxing)
 .debug_str     0x00000000000067b6       0x47 /usr/lib/gcc/arm-none-eabi/10.3.1/../../../arm-none-eabi/lib/thumb/v7e-m+dp/hard/libc_nano.a(lib_a-sbrkr.o)
                                        0x519 (size before relaxing)
 .debug_str     0x00000000000067fd       0x4c /usr/lib/gcc/arm-none-eabi/10.3.1/../../../arm-none-eabi/lib/thumb/v7e-m+dp/hard/libc_nano.a(lib_a-mlock.o)
                                        0x52f (size before relaxing)
 .debug_str     0x0000000000006849        0xf /usr/lib/gcc/arm-none-eabi/10.3.1/../../../arm-none-eabi/lib/thumb/v7e-m+dp/hard/libc_nano.a(lib_a-nano-msizer.o)
                                        0x560 (size before relaxing)
 .debug_str     0x0000000000006858       0x5e /usr/lib/gcc/arm-none-eabi/10.3.1/../../../arm-none-eabi/lib/thumb/v7e-m+dp/hard/libc_nano.a(lib_a-reent.o)
                                        0x541 (size before relaxing)
 .debug_str     0x00000000000068b6       0xfb /usr/lib/gcc/arm-none-eabi/10.3.1/../../../arm-none-eabi/lib/thumb/v7e-m+dp/hard/libnosys.a(sbrk.o)
                                        0x114 (size before relaxing)
 .debug_str     0x00000000000069b1       0x9a /usr/lib/gcc/arm-none-eabi/10.3.1/thumb/v7e-m+dp/hard/libgcc.a(_aeabi_uldivmod.o)
                                         0xa6 (size before relaxing)
 .debug_str     0x0000000000006a4b      0x547 /usr/lib/gcc/arm-none-eabi/10.3.1/thumb/v7e-m+dp/hard/libgcc.a(_udivmoddi4.o)
                                        0x64a (size before relaxing)
 .debug_str     0x0000000000006f92       0x30 /usr/lib/gcc/arm-none-eabi/10.3.1/thumb/v7e-m+dp/hard/libgcc.a(_dvmd_tls.o)
                                         0xaa (size before relaxing)

.debug_frame    0x0000000000000000     0x2dc0
 .debug_frame   0x0000000000000000       0x6c build/bootloader.o
 .debug_frame   0x000000000000006c       0x5c build/main.o
 .debug_frame   0x00000000000000c8       0x28 build/gpio.o
 .debug_frame   0x00000000000000f0       0x70 build/tim.o
 .debug_frame   0x0000000000000160       0x68 build/usart.o
 .debug_frame   0x00000000000001c8       0xa0 build/stm32h7xx_it.o
 .debug_frame   0x0000000000000268       0x28 build/stm32h7xx_hal_msp.o
 .debug_frame   0x0000000000000290      0x168 build/stm32h7xx_hal_cortex.o
 .debug_frame   0x00000000000003f8      0xbc0 build/stm32h7xx_hal_tim.o
 .debug_frame   0x0000000000000fb8      0x490 build/stm32h7xx_hal_tim_ex.o
 .debug_frame   0x0000000000001448      0x1d4 build/stm32h7xx_hal_rcc.o
 .debug_frame   0x000000000000161c      0x2b0 build/stm32h7xx_hal_rcc_ex.o
 .debug_frame   0x00000000000018cc      0x100 build/stm32h7xx_hal_gpio.o
 .debug_frame   0x00000000000019cc      0x314 build/stm32h7xx_hal_pwr_ex.o
 .debug_frame   0x0000000000001ce0      0x37c build/stm32h7xx_hal.o
 .debug_frame   0x000000000000205c      0x73c build/stm32h7xx_hal_uart.o
 .debug_frame   0x0000000000002798      0x1c4 build/stm32h7xx_hal_uart_ex.o
 .debug_frame   0x000000000000295c       0x4c build/system_stm32h7xx.o
 .debug_frame   0x00000000000029a8       0x2c /usr/lib/gcc/arm-none-eabi/10.3.1/../../../arm-none-eabi/lib/thumb/v7e-m+dp/hard/libc_nano.a(lib_a-init.o)
 .debug_frame   0x00000000000029d4       0x2c /usr/lib/gcc/arm-none-eabi/10.3.1/../../../arm-none-eabi/lib/thumb/v7e-m+dp/hard/libc_nano.a(lib_a-memset.o)
 .debug_frame   0x0000000000002a00       0x54 /usr/lib/gcc/arm-none-eabi/10.3.1/../../../arm-none-eabi/lib/thumb/v7e-m+dp/hard/libc_nano.a(lib_a-vsprintf.o)
 .debug_frame   0x0000000000002a54       0x98 /usr/lib/gcc/arm-none-eabi/10.3.1/../../../arm-none-eabi/lib/thumb/v7e-m+dp/hard/libc_nano.a(lib_a-nano-svfprintf.o)
 .debug_frame   0x0000000000002aec       0x6c /usr/lib/gcc/arm-none-eabi/10.3.1/../../../arm-none-eabi/lib/thumb/v7e-m+dp/hard/libc_nano.a(lib_a-nano-vfprintf_i.o)
 .debug_frame   0x0000000000002b58       0x40 /usr/lib/gcc/arm-none-eabi/10.3.1/../../../arm-none-eabi/lib/thumb/v7e-m+dp/hard/libc_nano.a(lib_a-memmove.o)
 .debug_frame   0x0000000000002b98       0x54 /usr/lib/gcc/arm-none-eabi/10.3.1/../../../arm-none-eabi/lib/thumb/v7e-m+dp/hard/libc_nano.a(lib_a-nano-freer.o)
 .debug_frame   0x0000000000002bec       0x30 /usr/lib/gcc/arm-none-eabi/10.3.1/../../../arm-none-eabi/lib/thumb/v7e-m+dp/hard/libc_nano.a(lib_a-nano-mallocr.o)
 .debug_frame   0x0000000000002c1c       0x38 /usr/lib/gcc/arm-none-eabi/10.3.1/../../../arm-none-eabi/lib/thumb/v7e-m+dp/hard/libc_nano.a(lib_a-nano-reallocr.o)
 .debug_frame   0x0000000000002c54       0x2c /usr/lib/gcc/arm-none-eabi/10.3.1/../../../arm-none-eabi/lib/thumb/v7e-m+dp/hard/libc_nano.a(lib_a-sbrkr.o)
 .debug_frame   0x0000000000002c80       0x30 /usr/lib/gcc/arm-none-eabi/10.3.1/../../../arm-none-eabi/lib/thumb/v7e-m+dp/hard/libc_nano.a(lib_a-mlock.o)
 .debug_frame   0x0000000000002cb0       0x20 /usr/lib/gcc/arm-none-eabi/10.3.1/../../../arm-none-eabi/lib/thumb/v7e-m+dp/hard/libc_nano.a(lib_a-nano-msizer.o)
 .debug_frame   0x0000000000002cd0       0x70 /usr/lib/gcc/arm-none-eabi/10.3.1/../../../arm-none-eabi/lib/thumb/v7e-m+dp/hard/libc_nano.a(lib_a-reent.o)
 .debug_frame   0x0000000000002d40       0x20 /usr/lib/gcc/arm-none-eabi/10.3.1/../../../arm-none-eabi/lib/thumb/v7e-m+dp/hard/libnosys.a(sbrk.o)
 .debug_frame   0x0000000000002d60       0x2c /usr/lib/gcc/arm-none-eabi/10.3.1/thumb/v7e-m+dp/hard/libgcc.a(_aeabi_uldivmod.o)
 .debug_frame   0x0000000000002d8c       0x34 /usr/lib/gcc/arm-none-eabi/10.3.1/thumb/v7e-m+dp/hard/libgcc.a(_udivmoddi4.o)

Cross Reference Table

Symbol                                            File
ADC3_IRQHandler                                   build/startup_stm32h743xx.o
ADC_IRQHandler                                    build/startup_stm32h743xx.o
BDMA_Channel0_IRQHandler                          build/startup_stm32h743xx.o
BDMA_Channel1_IRQHandler                          build/startup_stm32h743xx.o
BDMA_Channel2_IRQHandler                          build/startup_stm32h743xx.o
BDMA_Channel3_IRQHandler                          build/startup_stm32h743xx.o
BDMA_Channel4_IRQHandler                          build/startup_stm32h743xx.o
BDMA_Channel5_IRQHandler                          build/startup_stm32h743xx.o
BDMA_Channel6_IRQHandler                          build/startup_stm32h743xx.o
BDMA_Channel7_IRQHandler                          build/startup_stm32h743xx.o
BusFault_Handler                                  build/stm32h7xx_it.o
CEC_IRQHandler                                    build/startup_stm32h743xx.o
COMP1_IRQHandler                                  build/startup_stm32h743xx.o
CRS_IRQHandler                                    build/startup_stm32h743xx.o
D1CorePrescTable                                  build/system_stm32h7xx.o
                                                  build/stm32h7xx_hal.o
                                                  build/stm32h7xx_hal_rcc_ex.o
                                                  build/stm32h7xx_hal_rcc.o
DCMI_IRQHandler                                   build/startup_stm32h743xx.o
DFSDM1_FLT0_IRQHandler                            build/startup_stm32h743xx.o
DFSDM1_FLT1_IRQHandler                            build/startup_stm32h743xx.o
DFSDM1_FLT2_IRQHandler                            build/startup_stm32h743xx.o
DFSDM1_FLT3_IRQHandler                            build/startup_stm32h743xx.o
DMA1_Stream0_IRQHandler                           build/startup_stm32h743xx.o
DMA1_Stream1_IRQHandler                           build/startup_stm32h743xx.o
DMA1_Stream2_IRQHandler                           build/startup_stm32h743xx.o
DMA1_Stream3_IRQHandler                           build/startup_stm32h743xx.o
DMA1_Stream4_IRQHandler                           build/startup_stm32h743xx.o
DMA1_Stream5_IRQHandler                           build/startup_stm32h743xx.o
DMA1_Stream6_IRQHandler                           build/startup_stm32h743xx.o
DMA1_Stream7_IRQHandler                           build/startup_stm32h743xx.o
DMA2D_IRQHandler                                  build/startup_stm32h743xx.o
DMA2_Stream0_IRQHandler                           build/startup_stm32h743xx.o
DMA2_Stream1_IRQHandler                           build/startup_stm32h743xx.o
DMA2_Stream2_IRQHandler                           build/startup_stm32h743xx.o
DMA2_Stream3_IRQHandler                           build/startup_stm32h743xx.o
DMA2_Stream4_IRQHandler                           build/startup_stm32h743xx.o
DMA2_Stream5_IRQHandler                           build/startup_stm32h743xx.o
DMA2_Stream6_IRQHandler                           build/startup_stm32h743xx.o
DMA2_Stream7_IRQHandler                           build/startup_stm32h743xx.o
DMAMUX1_OVR_IRQHandler                            build/startup_stm32h743xx.o
DMAMUX2_OVR_IRQHandler                            build/startup_stm32h743xx.o
DebugMon_Handler                                  build/stm32h7xx_it.o
Default_Handler                                   build/startup_stm32h743xx.o
ECC_IRQHandler                                    build/startup_stm32h743xx.o
ETH_IRQHandler                                    build/startup_stm32h743xx.o
ETH_WKUP_IRQHandler                               build/startup_stm32h743xx.o
EXTI0_IRQHandler                                  build/startup_stm32h743xx.o
EXTI15_10_IRQHandler                              build/startup_stm32h743xx.o
EXTI1_IRQHandler                                  build/startup_stm32h743xx.o
EXTI2_IRQHandler                                  build/startup_stm32h743xx.o
EXTI3_IRQHandler                                  build/startup_stm32h743xx.o
EXTI4_IRQHandler                                  build/startup_stm32h743xx.o
EXTI9_5_IRQHandler                                build/startup_stm32h743xx.o
Error_Handler                                     build/main.o
                                                  build/usart.o
                                                  build/tim.o
FDCAN1_IT0_IRQHandler                             build/startup_stm32h743xx.o
FDCAN1_IT1_IRQHandler                             build/startup_stm32h743xx.o
FDCAN2_IT0_IRQHandler                             build/startup_stm32h743xx.o
FDCAN2_IT1_IRQHandler                             build/startup_stm32h743xx.o
FDCAN_CAL_IRQHandler                              build/startup_stm32h743xx.o
FLASH_CRC_WaitForLastOperation                    build/stm32h7xx_hal_flash.o
                                                  build/stm32h7xx_hal_flash_ex.o
FLASH_Erase_Sector                                build/stm32h7xx_hal_flash_ex.o
                                                  build/stm32h7xx_hal_flash.o
FLASH_IRQHandler                                  build/startup_stm32h743xx.o
FLASH_OB_WaitForLastOperation                     build/stm32h7xx_hal_flash.o
                                                  build/stm32h7xx_hal_flash_ex.o
FLASH_WaitForLastOperation                        build/stm32h7xx_hal_flash.o
                                                  build/stm32h7xx_hal_flash_ex.o
FMC_IRQHandler                                    build/startup_stm32h743xx.o
FPU_IRQHandler                                    build/startup_stm32h743xx.o
HAL_DBGMCU_DisableDBGSleepMode                    build/stm32h7xx_hal.o
HAL_DBGMCU_DisableDBGStandbyMode                  build/stm32h7xx_hal.o
HAL_DBGMCU_DisableDBGStopMode                     build/stm32h7xx_hal.o
HAL_DBGMCU_EnableDBGSleepMode                     build/stm32h7xx_hal.o
HAL_DBGMCU_EnableDBGStandbyMode                   build/stm32h7xx_hal.o
HAL_DBGMCU_EnableDBGStopMode                      build/stm32h7xx_hal.o
HAL_DMAEx_ChangeMemory                            build/stm32h7xx_hal_dma_ex.o
HAL_DMAEx_ConfigMuxRequestGenerator               build/stm32h7xx_hal_dma_ex.o
HAL_DMAEx_ConfigMuxSync                           build/stm32h7xx_hal_dma_ex.o
HAL_DMAEx_DisableMuxRequestGenerator              build/stm32h7xx_hal_dma_ex.o
HAL_DMAEx_EnableMuxRequestGenerator               build/stm32h7xx_hal_dma_ex.o
HAL_DMAEx_MUX_IRQHandler                          build/stm32h7xx_hal_dma_ex.o
HAL_DMAEx_MultiBufferStart                        build/stm32h7xx_hal_dma_ex.o
HAL_DMAEx_MultiBufferStart_IT                     build/stm32h7xx_hal_dma_ex.o
HAL_DMA_Abort                                     build/stm32h7xx_hal_dma.o
                                                  build/stm32h7xx_hal_uart.o
HAL_DMA_Abort_IT                                  build/stm32h7xx_hal_dma.o
                                                  build/stm32h7xx_hal_uart.o
                                                  build/stm32h7xx_hal_i2c.o
                                                  build/stm32h7xx_hal_tim_ex.o
                                                  build/stm32h7xx_hal_tim.o
HAL_DMA_DeInit                                    build/stm32h7xx_hal_dma.o
HAL_DMA_GetError                                  build/stm32h7xx_hal_dma.o
                                                  build/stm32h7xx_hal_uart.o
                                                  build/stm32h7xx_hal_i2c.o
HAL_DMA_GetState                                  build/stm32h7xx_hal_dma.o
                                                  build/stm32h7xx_hal_i2c.o
HAL_DMA_IRQHandler                                build/stm32h7xx_hal_dma.o
HAL_DMA_Init                                      build/stm32h7xx_hal_dma.o
HAL_DMA_PollForTransfer                           build/stm32h7xx_hal_dma.o
HAL_DMA_RegisterCallback                          build/stm32h7xx_hal_dma.o
HAL_DMA_Start                                     build/stm32h7xx_hal_dma.o
HAL_DMA_Start_IT                                  build/stm32h7xx_hal_dma.o
                                                  build/stm32h7xx_hal_uart.o
                                                  build/stm32h7xx_hal_i2c.o
                                                  build/stm32h7xx_hal_tim_ex.o
                                                  build/stm32h7xx_hal_tim.o
HAL_DMA_UnRegisterCallback                        build/stm32h7xx_hal_dma.o
HAL_DeInit                                        build/stm32h7xx_hal.o
                                                  build/bootloader.o
HAL_Delay                                         build/stm32h7xx_hal.o
HAL_DisableCompensationCell                       build/stm32h7xx_hal.o
HAL_EXTI_ClearConfigLine                          build/stm32h7xx_hal_exti.o
HAL_EXTI_ClearPending                             build/stm32h7xx_hal_exti.o
HAL_EXTI_D1_ClearFlag                             build/stm32h7xx_hal.o
HAL_EXTI_D1_EventInputConfig                      build/stm32h7xx_hal.o
HAL_EXTI_D3_EventInputConfig                      build/stm32h7xx_hal.o
HAL_EXTI_EdgeConfig                               build/stm32h7xx_hal.o
HAL_EXTI_GenerateSWI                              build/stm32h7xx_hal_exti.o
HAL_EXTI_GenerateSWInterrupt                      build/stm32h7xx_hal.o
HAL_EXTI_GetConfigLine                            build/stm32h7xx_hal_exti.o
HAL_EXTI_GetHandle                                build/stm32h7xx_hal_exti.o
HAL_EXTI_GetPending                               build/stm32h7xx_hal_exti.o
HAL_EXTI_IRQHandler                               build/stm32h7xx_hal_exti.o
HAL_EXTI_RegisterCallback                         build/stm32h7xx_hal_exti.o
HAL_EXTI_SetConfigLine                            build/stm32h7xx_hal_exti.o
HAL_EnableCompensationCell                        build/stm32h7xx_hal.o
HAL_FLASHEx_ComputeCRC                            build/stm32h7xx_hal_flash_ex.o
HAL_FLASHEx_Erase                                 build/stm32h7xx_hal_flash_ex.o
HAL_FLASHEx_Erase_IT                              build/stm32h7xx_hal_flash_ex.o
HAL_FLASHEx_Lock_Bank1                            build/stm32h7xx_hal_flash_ex.o
HAL_FLASHEx_Lock_Bank2                            build/stm32h7xx_hal_flash_ex.o
HAL_FLASHEx_OBGetConfig                           build/stm32h7xx_hal_flash_ex.o
HAL_FLASHEx_OBProgram                             build/stm32h7xx_hal_flash_ex.o
HAL_FLASHEx_Unlock_Bank1                          build/stm32h7xx_hal_flash_ex.o
HAL_FLASHEx_Unlock_Bank2                          build/stm32h7xx_hal_flash_ex.o
HAL_FLASH_EndOfOperationCallback                  build/stm32h7xx_hal_flash.o
HAL_FLASH_GetError                                build/stm32h7xx_hal_flash.o
HAL_FLASH_IRQHandler                              build/stm32h7xx_hal_flash.o
HAL_FLASH_Lock                                    build/stm32h7xx_hal_flash.o
HAL_FLASH_OB_Launch                               build/stm32h7xx_hal_flash.o
HAL_FLASH_OB_Lock                                 build/stm32h7xx_hal_flash.o
HAL_FLASH_OB_Unlock                               build/stm32h7xx_hal_flash.o
HAL_FLASH_OperationErrorCallback                  build/stm32h7xx_hal_flash.o
HAL_FLASH_Program                                 build/stm32h7xx_hal_flash.o
HAL_FLASH_Program_IT                              build/stm32h7xx_hal_flash.o
HAL_FLASH_Unlock                                  build/stm32h7xx_hal_flash.o
HAL_GPIO_DeInit                                   build/stm32h7xx_hal_gpio.o
                                                  build/usart.o
HAL_GPIO_EXTI_Callback                            build/stm32h7xx_hal_gpio.o
HAL_GPIO_EXTI_IRQHandler                          build/stm32h7xx_hal_gpio.o
HAL_GPIO_Init                                     build/stm32h7xx_hal_gpio.o
                                                  build/stm32h7xx_hal_rcc.o
                                                  build/usart.o
HAL_GPIO_LockPin                                  build/stm32h7xx_hal_gpio.o
HAL_GPIO_ReadPin                                  build/stm32h7xx_hal_gpio.o
HAL_GPIO_TogglePin                                build/stm32h7xx_hal_gpio.o
HAL_GPIO_WritePin                                 build/stm32h7xx_hal_gpio.o